05-15 16:59:46.925 E/WifiAutoJoinController ( 1067): TP-LINK_lzn fc:d7:33:43:b5:46 rssi=-55 cap [WPA-PSK-CCMP][WPA2-PSK-CCMP][ESS] is not scored
05-15 16:59:46.925 E/WifiAutoJoinController ( 1067): FAST_kai 78:eb:14:29:10:46 rssi=-30 cap [WPA-PSK-CCMP+TKIP][WPA2-PSK-CCMP+TKIP][WPS][ESS] is not scored
05-15 16:59:46.925 E/WifiAutoJoinController ( 1067): kira_yagamilaidou f0:b4:29:5d:07:d1 rssi=-64 cap [WPA-PSK-CCMP+TKIP][WPA2-PSK-CCMP+TKIP][WPS][ESS] is not scored
05-15 16:59:46.925 E/WifiAutoJoinController ( 1067): midea_FC_1571 f0:b4:29:0a:fc:fe rssi=-82 cap [WPA2-PSK-CCMP][ESS] is not scored
05-15 16:59:46.925 E/WifiAutoJoinController ( 1067): 1306 14:75:90:51:58:2b rssi=-88 cap [WPA-PSK-CCMP][WPA2-PSK-CCMP][WPS][ESS] is not scored
05-15 16:59:46.925 E/WifiAutoJoinController ( 1067): king 80:89:17:83:04:f0 rssi=-77 cap [WPA-PSK-CCMP][WPA2-PSK-CCMP][ESS] is not scored
05-15 16:59:46.925 E/WifiAutoJoinController ( 1067): ziroom-1701 24:69:68:18:09:a2 rssi=-75 cap [WPA-PSK-CCMP][WPA2-PSK-CCMP][ESS] is not scored
05-15 16:59:46.925 E/WifiAutoJoinController ( 1067): TP-LINK1506 88:25:93:99:85:bf rssi=-79 cap [WPA-PSK-CCMP][WPA2-PSK-CCMP][ESS] is not scored
05-15 16:59:46.925 E/WifiAutoJoinController ( 1067): TP-LINK_56B5C0 5c:63:bf:56:b5:c0 rssi=-83 cap [WPA-PSK-CCMP][WPA2-PSK-CCMP][WPS][ESS] is not scored
05-15 16:59:46.925 E/WifiAutoJoinController ( 1067): 2605 78:d3:8d:ce:ac:38 rssi=-81 cap [WPA2-PSK-CCMP][ESS] is not scored
05-15 16:59:46.925 E/WifiAutoJoinController ( 1067): 2405 a4:56:02:49:46:b5 rssi=-83 cap [WPA-PSK-CCMP][WPA2-PSK-CCMP][ESS] is not scored
05-15 16:59:46.925 E/WifiAutoJoinController ( 1067): chengmingantong 14:75:90:e1:58:18 rssi=-85 cap [WPA-PSK-CCMP][WPA2-PSK-CCMP][ESS] is not scored
05-15 16:59:46.925 E/WifiAutoJoinController ( 1067): ZERO 14:75:90:31:2e:40 rssi=-87 cap [WPA-PSK-CCMP][WPA2-PSK-CCMP][ESS] is not scored
05-15 16:59:46.925 E/WifiAutoJoinController ( 1067): TP-LINK_FF5D 30:fc:68:ea:ff:5d rssi=-85 cap [WPA-PSK-CCMP][WPA2-PSK-CCMP][ESS] is not scored
05-15 16:59:46.925 E/WifiAutoJoinController ( 1067): 123456 bc:14:ef:a1:60:96 rssi=-89 cap [WPA2-PSK-CCMP][ESS] is not scored
05-15 16:59:46.925 E/WifiAutoJoinController ( 1067): 106 d0:c7:c0:ff:dc:e0 rssi=-78 cap [WPA-PSK-CCMP][WPA2-PSK-CCMP][ESS] is not scored
05-15 16:59:46.925 E/WifiAutoJoinController ( 1067): qishao fc:d7:33:0a:37:40 rssi=-81 cap [WPA-PSK-CCMP][WPA2-PSK-CCMP][ESS] is not scored
05-15 16:59:46.925 E/WifiAutoJoinController ( 1067): CU_3FnS 30:f3:35:88:a3:80 rssi=-83 cap [WPA2-PSK-CCMP][ESS] is not scored
05-15 16:59:46.925 E/WifiAutoJoinController ( 1067): 702 44:94:fc:57:a0:93 rssi=-83 cap [WPA2-PSK-CCMP][WPS][ESS] is not scored
05-15 16:59:46.925 E/WifiAutoJoinController ( 1067): LEO bc:46:99:31:9d:c8 rssi=-84 cap [WPA-PSK-CCMP][WPA2-PSK-CCMP][ESS] is not scored
05-15 16:59:46.925 E/WifiAutoJoinController ( 1067): HiWiFi d4:ee:07:28:67:02 rssi=-92 cap [WPA-PSK-CCMP][WPA2-PSK-CCMP][ESS] is not scored
05-15 16:59:46.925 E/WifiAutoJoinController ( 1067):  f2:b4:29:85:d8:86 rssi=-81 cap [WPS][ESS] is not scored
05-15 16:59:46.925 E/WifiAutoJoinController ( 1067): ageScanResultsOut delay 40000 size 22 now 1463302786937
05-15 16:59:46.925 E/WifiAutoJoinController ( 1067): newSupplicantResults size=22 known=1 true
05-15 16:59:46.925 D/WifiNative-wlan0( 1067): doString: [STATUS-NO_EVENTS]
05-15 16:59:46.925 D/wpa_supplicant(25276): wlan0: Control interface command 'STATUS-NO_EVENTS'
05-15 16:59:46.935 E/WifiHW  ( 1067): wifi_send_command enter;cmd:IFNAME=wlan0 STATUS-NO_EVENTS;reply:bssid=fc:d7:33:43:b5:46
05-15 16:59:46.935 E/WifiHW  ( 1067): freq=2462
05-15 16:59:46.935 E/WifiHW  ( 1067): ssid=TP-LINK_lzn
05-15 16:59:46.935 E/WifiHW  ( 1067): id=5
05-15 16:59:46.935 E/WifiHW  ( 1067): mode=station
05-15 16:59:46.935 E/WifiHW  ( 1067): pairwise_cipher=CCMP
05-15 16:59:46.935 E/WifiHW  ( 1067): group_cipher=CCMP
05-15 16:59:46.935 E/WifiHW  ( 1067): key_mgmt=WPA2-PSK
05-15 16:59:46.935 E/WifiHW  ( 1067): wpa_state=COMPLETED
05-15 16:59:46.935 E/WifiHW  ( 1067): ip_address=192.168.1.106
05-15 16:59:46.935 E/WifiHW  ( 1067): p2p_device_address=1e:67:58:67:a1:03
05-15 16:59:46.935 E/WifiHW  ( 1067): address=1c:67:58:67:a1:03
05-15 16:59:46.935 E/WifiHW  ( 1067): uuid=c7125ab0-216e-50e8-b800-7845786e043e
05-15 16:59:46.935 E/WifiHW  ( 1067): U;reply_len:276;
05-15 16:59:46.935 D/WifiNative-wlan0( 1067): log has macaddr, hide it
05-15 16:59:46.935 E/WifiAutoJoinController ( 1067): attemptAutoJoin() status=bssid=fc:d7:33:43:b5:46
05-15 16:59:46.935 E/WifiAutoJoinController ( 1067): freq=2462
05-15 16:59:46.935 E/WifiAutoJoinController ( 1067): ssid=TP-LINK_lzn
05-15 16:59:46.935 E/WifiAutoJoinController ( 1067): id=5
05-15 16:59:46.935 E/WifiAutoJoinController ( 1067): mode=station
05-15 16:59:46.935 E/WifiAutoJoinController ( 1067): pairwise_cipher=CCMP
05-15 16:59:46.935 E/WifiAutoJoinController ( 1067): group_cipher=CCMP
05-15 16:59:46.935 E/WifiAutoJoinController ( 1067): key_mgmt=WPA2-PSK
05-15 16:59:46.935 E/WifiAutoJoinController ( 1067): wpa_state=COMPLETED
05-15 16:59:46.935 E/WifiAutoJoinController ( 1067): ip_address=192.168.1.106
05-15 16:59:46.935 E/WifiAutoJoinController ( 1067): p2p_device_address=1e:67:58:67:a1:03
05-15 16:59:46.935 E/WifiAutoJoinController ( 1067): address=1c:67:58:67:a1:03
05-15 16:59:46.935 E/WifiAutoJoinController ( 1067): uuid=c7125ab0-216e-50e8-b800-7845786e043e split=13
05-15 16:59:46.935 E/WifiAutoJoinController ( 1067): attemptAutoJoin() num recent config 1 current="TP-LINK_lzn"-WPA_PSK last="TP-LINK_lzn"-WPA_PSK ---> suppNetId=5
05-15 16:59:46.935 E/WifiAutoJoinController ( 1067): attemptAutoJoin good candidate seen, bumped hard -> status=0 "TP-LINK_lzn"-WPA_PSK rssi=(-55,-127) num=(1,0)
05-15 16:59:46.935 E/WifiAutoJoinController ( 1067): attemptAutoJoin skip current candidate  5 key "TP-LINK_lzn"-WPA_PSK
05-15 16:59:46.935 E/WifiAutoJoinController ( 1067): attemptRoam: "TP-LINK_lzn"-WPA_PSK Found fc:d7:33:43:b5:46 rssi=-55 freq=2462 Current: fc:d7:33:43:b5:46
05-15 16:59:46.935 E/WifiAutoJoinController ( 1067): Done attemptAutoJoin status=0
05-15 16:59:47.195 D/wpa_supplicant(25276): wlan0: BSS: Remove id 1778 BSSID 14:75:90:51:58:2b SSID '1306' due to wpa_bss_flush_by_age
05-15 16:59:47.195 D/wpa_supplicant(25276): CTRL_IFACE monitor sent successfully to /data/misc/wifi/sockets/wpa_ctrl_1067-65\x00
05-15 16:59:47.195 E/WifiHW  ( 1067): wifi_wait_on_socket enter;buf:IFNAME=wlan0 <3>CTRL-EVENT-BSS-REMOVED 1778 14:75:90:51:58:2b;nread:61;
05-15 16:59:47.195 D/WifiMonitor( 1067): Event [IFNAME=wlan0 CTRL-EVENT-BSS-REMOVED 1778 14:75:90:51:58:2b]
05-15 16:59:47.195 D/WifiMonitor( 1067): Dispatching event to interface: wlan0
05-15 16:59:47.195 E/WifiMonitor( 1067): WifiMonitor:wlan0 cnt=146866 dispatchEvent: CTRL-EVENT-BSS-REMOVED 1778 14:75:90:51:58:2b
05-15 16:59:47.195 E/WifiMonitor( 1067): handleEvent 13  CTRL-EVENT-BSS-REMOVED 1778 14:75:90:51:58:2b
05-15 16:59:47.455 D/ArpVerifier( 1067): performPollAndLog:
05-15 16:59:48.485 E/WifiStateMachine( 1067):  ConnectedState !CMD_RSSI_POLL 286 0 "TP-LINK_lzn" fc:d7:33:43:b5:46 rssi=-55 f=2462 sc=60 link=72 tx=0.0, 0.0, 0.0  rx=0.2 bcn=0 [on:0 tx:0 rx:0 period:1649] from screen [on:0 period:-1281059449] gl hn u24 rssi=-50 ag=0 hr ls-=0 [56,56,56,56,61] brc=0 lrc=0
05-15 16:59:48.485 E/WifiStateMachine( 1067):  L2ConnectedState !CMD_RSSI_POLL 286 0 "TP-LINK_lzn" fc:d7:33:43:b5:46 rssi=-55 f=2462 sc=60 link=72 tx=0.0, 0.0, 0.0  rx=0.2 bcn=0 [on:0 tx:0 rx:0 period:1] from screen [on:0 period:-1281059448] gl hn u24 rssi=-50 ag=0 hr ls-=0 [56,56,56,56,61] brc=0 lrc=0
05-15 16:59:48.485 D/WifiNative-wlan0( 1067): doString: [SIGNAL_POLL]
05-15 16:59:48.485 D/wpa_supplicant(25276): wlan0: Control interface command 'SIGNAL_POLL'
05-15 16:59:48.495 E/wpa_supplicant(25276): RSSI=-54;LINKSPEED=72;NOISE=9999;FREQUENCY=2462;
05-15 16:59:48.495 E/WifiHW  ( 1067): wifi_send_command enter;cmd:IFNAME=wlan0 SIGNAL_POLL;
05-15 16:59:48.495 D/WifiCHRStateManager( 1067): updateChannel:2462
05-15 16:59:48.495 E/WifiStateMachine( 1067): fetchRssiLinkSpeedAndFrequencyNative rssi=-54 linkspeed=72 SSID="TP-LINK_lzn"
05-15 16:59:48.495 E/WifiStateMachine( 1067): calculateWifiScore freq=2462 speed=72 score=60 highRSSI  -> txbadrate=0.00 txgoodrate=0.00 txretriesrate=0.00 rxrate=0.08 userTriggerdPenalty0
05-15 16:59:48.495 E/WifiStateMachine( 1067):  good link -> stuck count =0
05-15 16:59:48.495 E/WifiStateMachine( 1067):  badRSSI count0 lowRSSI count0 --> score 56
05-15 16:59:48.495 E/WifiStateMachine( 1067):  isHighRSSI       ---> score=61
05-15 16:59:49.925 W/ActivityManager( 1067): getRunningAppProcesses: caller 10242 does not hold REAL_GET_TASKS; limiting output
05-15 16:59:50.785 V/AudioManager( 1067): isMusicActive...
05-15 16:59:50.785 V/AudioManager( 1067): isWiredHeadsetOn...
05-15 16:59:51.495 E/WifiStateMachine( 1067):  ConnectedState !CMD_RSSI_POLL 286 0 "TP-LINK_lzn" fc:d7:33:43:b5:46 rssi=-54 f=2462 sc=60 link=72 tx=0.0, 0.0, 0.0  rx=0.1 bcn=0 [on:0 tx:0 rx:0 period:3003] from screen [on:0 period:-1281056429] gl hn u24 rssi=-49 ag=0 hr ls-=0 [56,56,56,56,61] brc=0 lrc=0
05-15 16:59:51.495 E/WifiStateMachine( 1067):  L2ConnectedState !CMD_RSSI_POLL 286 0 "TP-LINK_lzn" fc:d7:33:43:b5:46 rssi=-54 f=2462 sc=60 link=72 tx=0.0, 0.0, 0.0  rx=0.1 bcn=0 [on:0 tx:0 rx:0 period:2] from screen [on:0 period:-1281056427] gl hn u24 rssi=-49 ag=0 hr ls-=0 [56,56,56,56,61] brc=0 lrc=0
05-15 16:59:51.505 D/WifiNative-wlan0( 1067): doString: [SIGNAL_POLL]
05-15 16:59:51.505 D/wpa_supplicant(25276): wlan0: Control interface command 'SIGNAL_POLL'
05-15 16:59:51.515 E/wpa_supplicant(25276): RSSI=-58;LINKSPEED=72;NOISE=9999;FREQUENCY=2462;
05-15 16:59:51.515 E/WifiHW  ( 1067): wifi_send_command enter;cmd:IFNAME=wlan0 SIGNAL_POLL;
05-15 16:59:51.515 D/WifiCHRStateManager( 1067): updateChannel:2462
05-15 16:59:51.515 E/WifiStateMachine( 1067): fetchRssiLinkSpeedAndFrequencyNative rssi=-58 linkspeed=72 SSID="TP-LINK_lzn"
05-15 16:59:51.515 E/WifiStateMachine( 1067): calculateWifiScore freq=2462 speed=72 score=60 highRSSI  -> txbadrate=0.00 txgoodrate=0.00 txretriesrate=0.00 rxrate=0.04 userTriggerdPenalty0
05-15 16:59:51.515 E/WifiStateMachine( 1067):  good link -> stuck count =0
05-15 16:59:51.515 E/WifiStateMachine( 1067):  badRSSI count0 lowRSSI count0 --> score 56
05-15 16:59:51.515 E/WifiStateMachine( 1067):  isHighRSSI       ---> score=61
05-15 16:59:52.175 E/LocSvc_libulp( 1067): I/===> int ulp_msg_process_system_update(UlpSystemEvent) line 1455 
05-15 16:59:52.175 E/LocSvc_libulp( 1067): I/int ulp_msg_process_system_update(UlpSystemEvent): systemEvent:5 
05-15 16:59:52.175 E/LocSvc_libulp( 1067): I/===> int ulp_brain_process_system_update(UlpSystemEvent) line 2352 
05-15 16:59:52.175 E/LocSvc_libulp( 1067): I/===> int ulp_brain_select_providers() line 333 
05-15 16:59:52.175 E/LocSvc_libulp( 1067): I/===> int ulp_brain_turn_onoff_quipc_provider() line 700 
05-15 16:59:52.175 E/LocSvc_libulp( 1067): I/===> int ulp_quipc_stop_engine() line 235 
05-15 16:59:52.175 E/LocSvc_libulp( 1067): I/===> bool ulp_quipc_engine_running() line 60 
05-15 16:59:52.175 E/LocSvc_libulp( 1067): I/===> int ulp_brain_turn_onoff_gnss_provider() line 595 
05-15 16:59:52.175 E/LocSvc_libulp( 1067): I/===> int ulp_gnss_stop_engine() line 262 
05-15 16:59:52.175 E/LocSvc_libulp( 1067): I/===> bool ulp_quipc_engine_running() line 60 
05-15 16:59:52.175 E/LocSvc_libulp( 1067): I/===> int ulp_brain_turn_onoff_gnp_provider() line 496 
05-15 16:59:52.175 E/LocSvc_libulp( 1067): I/===> bool ulp_gnp_engine_running() line 59 
05-15 16:59:52.175 E/LocSvc_libulp( 1067): I/===> int ulp_gnp_stop_engine() line 195 
05-15 16:59:52.175 E/LocSvc_libulp( 1067): I/===> bool ulp_gnp_engine_running() line 59 
05-15 16:59:52.175 E/LocSvc_libulp( 1067): I/===> bool ulp_gnp_engine_running() line 59 
05-15 16:59:52.175 E/LocSvc_libulp( 1067): I/===> int ulp_brain_turn_onoff_zpp_provider() line 437 
05-15 16:59:52.175 E/LocSvc_libulp( 1067): I/===> int ulp_zpp_start_engine() line 98 
05-15 16:59:52.175 E/LocSvc_libulp( 1067): I/===> bool ulp_zpp_engine_running() line 62 
05-15 16:59:52.175 E/LocSvc_libulp( 1067): I/===> int ulp_msg_process_start_req() line 447 
05-15 16:59:52.175 E/LocSvc_libulp( 1067): I/int ulp_msg_process_start_req(), at ulp state = 1
05-15 16:59:52.175 E/LocSvc_api_v02( 1067): I/---> locClientSendReq line 2340 QMI_LOC_GET_BEST_AVAILABLE_POSITION_REQ_V02
05-15 16:59:52.175 E/LocSvc_ApiV02( 1067): I/<--- void globalRespCb(locClientHandleType, uint32_t, locClientRespIndUnionType, void*) line 106 QMI_LOC_GET_BEST_AVAILABLE_POSITION_REQ_V02
05-15 16:59:52.175 E/LocSvc_libulp( 1067): I/===> int ulp_brain_process_zpp_position_report(loc_sess_status, LocPosTechMask, const UlpLocation*) line 1463 
05-15 16:59:52.175 E/LocSvc_libulp( 1067): I/===> int ulp_msg_send_generic_position_report(loc_sess_status, LocPosTechMask, const UlpLocation*, const GpsLocationExtended*, const void*) line 1011 
05-15 16:59:52.175 D/Ulp_jni ( 1067): Location CB invoked
05-15 16:59:52.175 E/LocSvc_libulp( 1067): I/int ulp_brain_process_zpp_position_report(loc_sess_status, LocPosTechMask, const UlpLocation*), report ZPP position to providers,report_position = 1
05-15 16:59:52.175 E/LocSvc_libulp( 1067): I/===> int ulp_brain_select_providers() line 333 
05-15 16:59:52.175 E/LocSvc_libulp( 1067): I/===> int ulp_brain_turn_onoff_quipc_provider() line 700 
05-15 16:59:52.175 E/LocSvc_libulp( 1067): I/===> int ulp_quipc_stop_engine() line 235 
05-15 16:59:52.175 E/LocSvc_libulp( 1067): I/===> bool ulp_quipc_engine_running() line 60 
05-15 16:59:52.175 E/LocSvc_libulp( 1067): I/===> int ulp_brain_turn_onoff_gnss_provider() line 595 
05-15 16:59:52.175 E/LocSvc_libulp( 1067): I/===> int ulp_gnss_stop_engine() line 262 
05-15 16:59:52.175 E/LocSvc_libulp( 1067): I/===> bool ulp_quipc_engine_running() line 60 
05-15 16:59:52.175 E/LocSvc_libulp( 1067): I/===> int ulp_brain_turn_onoff_gnp_provider() line 496 
05-15 16:59:52.175 E/LocSvc_libulp( 1067): I/===> bool ulp_gnp_engine_running() line 59 
05-15 16:59:52.175 E/LocSvc_libulp( 1067): I/===> int ulp_gnp_stop_engine() line 195 
05-15 16:59:52.175 E/LocSvc_libulp( 1067): I/===> bool ulp_gnp_engine_running() line 59 
05-15 16:59:52.175 E/LocSvc_libulp( 1067): I/===> bool ulp_gnp_engine_running() line 59 
05-15 16:59:52.175 E/LocSvc_libulp( 1067): I/===> int ulp_brain_turn_onoff_zpp_provider() line 437 
05-15 16:59:52.175 E/LocSvc_libulp( 1067): I/===> int ulp_zpp_stop_engine() line 174 
05-15 16:59:52.175 E/LocSvc_libulp( 1067): I/===> bool ulp_zpp_engine_running() line 62 
05-15 16:59:52.175 D/LocationManagerService( 1067): incoming location: Location[fused 40******,116****** acc=5034 et=+14d17h52m41s738ms alt=58.0 vel=0.0 bear=81.0 {Bundle[{}]}]
05-15 16:59:52.175 D/LocationManagerService( 1067): incoming location: Location[fused 40******,116****** acc=5034 et=+14d17h52m41s738ms alt=58.0 vel=0.0 bear=81.0 {Bundle[{}]}]
05-15 16:59:52.175 D/PowerManagerService( 1067): acquireWakeLockInternal: lock=435595903, flags=0x1, packageName=android, ws=WorkSource{1000 android}, uid=1000, pid=1067
05-15 16:59:52.185 D/PowerManagerService( 1067): updateWakeLockSummaryLocked: mWakefulness=Awake, mWakeLockSummary=0x1
05-15 16:59:52.185 D/PowerManagerService( 1067): updateUserActivitySummaryLocked: mWakefulness=Awake, mUserActivitySummary=0x1, nextTimeout=518360379 (in 1600519 ms)
05-15 16:59:52.185 D/PowerManagerService( 1067): updateDisplayPowerStateLocked: mDisplayReady=true, policy=3, mWakefulness=1, mWakeLockSummary=0x1, mUserActivitySummary=0x1, mBootCompleted=true, mScreenBrightnessBoostInProgress=false, useProximitySensor=false, mRequestWaitForNegativeProximity=false, mBrightnessWaitModeEnabled=false
05-15 16:59:52.185 D/PowerManagerService( 1067): Acquiring suspend blocker "PowerManagerService.WakeLocks".
05-15 16:59:52.185 D/PowerManagerService( 1067): acquireWakeLockInternal: lock=322140748, flags=0x1, packageName=android, ws=WorkSource{10015 com.baidu.map.location}, uid=1000, pid=1067
05-15 16:59:52.185 D/PowerManagerService( 1067): updateWakeLockSummaryLocked: mWakefulness=Awake, mWakeLockSummary=0x1
05-15 16:59:52.185 D/PowerManagerService( 1067): updateUserActivitySummaryLocked: mWakefulness=Awake, mUserActivitySummary=0x1, nextTimeout=518360379 (in 1600518 ms)
05-15 16:59:52.185 D/PowerManagerService( 1067): updateDisplayPowerStateLocked: mDisplayReady=true, policy=3, mWakefulness=1, mWakeLockSummary=0x1, mUserActivitySummary=0x1, mBootCompleted=true, mScreenBrightnessBoostInProgress=false, useProximitySensor=false, mRequestWaitForNegativeProximity=false, mBrightnessWaitModeEnabled=false
05-15 16:59:52.185 D/PowerManagerService( 1067): acquireWakeLockInternal: lock=664991658, flags=0x1, packageName=android, ws=WorkSource{1000 android}, uid=1000, pid=1067
05-15 16:59:52.185 D/PowerManagerService( 1067): updateWakeLockSummaryLocked: mWakefulness=Awake, mWakeLockSummary=0x1
05-15 16:59:52.185 D/PowerManagerService( 1067): updateUserActivitySummaryLocked: mWakefulness=Awake, mUserActivitySummary=0x1, nextTimeout=518360379 (in 1600518 ms)
05-15 16:59:52.185 D/PowerManagerService( 1067): updateDisplayPowerStateLocked: mDisplayReady=true, policy=3, mWakefulness=1, mWakeLockSummary=0x1, mUserActivitySummary=0x1, mBootCompleted=true, mScreenBrightnessBoostInProgress=false, useProximitySensor=false, mRequestWaitForNegativeProximity=false, mBrightnessWaitModeEnabled=false
05-15 16:59:52.185 D/PowerManagerService( 1067): acquireWakeLockInternal: lock=1062563739, flags=0x1, packageName=android, ws=WorkSource{1000 com.qualcomm.location}, uid=1000, pid=1067
05-15 16:59:52.185 D/PowerManagerService( 1067): updateWakeLockSummaryLocked: mWakefulness=Awake, mWakeLockSummary=0x1
05-15 16:59:52.185 D/PowerManagerService( 1067): updateUserActivitySummaryLocked: mWakefulness=Awake, mUserActivitySummary=0x1, nextTimeout=518360379 (in 1600517 ms)
05-15 16:59:52.185 D/PowerManagerService( 1067): updateDisplayPowerStateLocked: mDisplayReady=true, policy=3, mWakefulness=1, mWakeLockSummary=0x1, mUserActivitySummary=0x1, mBootCompleted=true, mScreenBrightnessBoostInProgress=false, useProximitySensor=false, mRequestWaitForNegativeProximity=false, mBrightnessWaitModeEnabled=false
05-15 16:59:52.185 D/PowerManagerService( 1067): releaseWakeLockInternal: lock=1062563739, flags=0x0, packageName=android", ws=WorkSource{1000 com.qualcomm.location}, uid=1000, pid=1067
05-15 16:59:52.185 D/PowerManagerService( 1067): updateWakeLockSummaryLocked: mWakefulness=Awake, mWakeLockSummary=0x1
05-15 16:59:52.185 D/PowerManagerService( 1067): updateUserActivitySummaryLocked: mWakefulness=Awake, mUserActivitySummary=0x1, nextTimeout=518360379 (in 1600517 ms)
05-15 16:59:52.185 D/PowerManagerService( 1067): updateDisplayPowerStateLocked: mDisplayReady=true, policy=3, mWakefulness=1, mWakeLockSummary=0x1, mUserActivitySummary=0x1, mBootCompleted=true, mScreenBrightnessBoostInProgress=false, useProximitySensor=false, mRequestWaitForNegativeProximity=false, mBrightnessWaitModeEnabled=false
05-15 16:59:52.185 D/PowerManagerService( 1067): releaseWakeLockInternal: lock=435595903, flags=0x0, packageName=android", ws=WorkSource{1000 android}, uid=1000, pid=1067
05-15 16:59:52.185 D/PowerManagerService( 1067): updateWakeLockSummaryLocked: mWakefulness=Awake, mWakeLockSummary=0x1
05-15 16:59:52.185 D/PowerManagerService( 1067): updateUserActivitySummaryLocked: mWakefulness=Awake, mUserActivitySummary=0x1, nextTimeout=518360379 (in 1600515 ms)
05-15 16:59:52.185 D/PowerManagerService( 1067): updateDisplayPowerStateLocked: mDisplayReady=true, policy=3, mWakefulness=1, mWakeLockSummary=0x1, mUserActivitySummary=0x1, mBootCompleted=true, mScreenBrightnessBoostInProgress=false, useProximitySensor=false, mRequestWaitForNegativeProximity=false, mBrightnessWaitModeEnabled=false
05-15 16:59:52.185 D/PowerManagerService( 1067): releaseWakeLockInternal: lock=664991658, flags=0x0, packageName=android", ws=WorkSource{1000 android}, uid=1000, pid=1067
05-15 16:59:52.185 D/PowerManagerService( 1067): updateWakeLockSummaryLocked: mWakefulness=Awake, mWakeLockSummary=0x1
05-15 16:59:52.185 D/PowerManagerService( 1067): updateUserActivitySummaryLocked: mWakefulness=Awake, mUserActivitySummary=0x1, nextTimeout=518360379 (in 1600515 ms)
05-15 16:59:52.185 D/PowerManagerService( 1067): updateDisplayPowerStateLocked: mDisplayReady=true, policy=3, mWakefulness=1, mWakeLockSummary=0x1, mUserActivitySummary=0x1, mBootCompleted=true, mScreenBrightnessBoostInProgress=false, useProximitySensor=false, mRequestWaitForNegativeProximity=false, mBrightnessWaitModeEnabled=false
05-15 16:59:52.185 D/PowerManagerService( 1067): releaseWakeLockInternal: lock=322140748, flags=0x0, packageName=android", ws=WorkSource{10015 com.baidu.map.location}, uid=1000, pid=1067
05-15 16:59:52.185 D/PowerManagerService( 1067): updateWakeLockSummaryLocked: mWakefulness=Awake, mWakeLockSummary=0x0
05-15 16:59:52.185 D/PowerManagerService( 1067): updateUserActivitySummaryLocked: mWakefulness=Awake, mUserActivitySummary=0x1, nextTimeout=518360379 (in 1600513 ms)
05-15 16:59:52.185 D/PowerManagerService( 1067): updateDisplayPowerStateLocked: mDisplayReady=true, policy=3, mWakefulness=1, mWakeLockSummary=0x0, mUserActivitySummary=0x1, mBootCompleted=true, mScreenBrightnessBoostInProgress=false, useProximitySensor=false, mRequestWaitForNegativeProximity=false, mBrightnessWaitModeEnabled=false
05-15 16:59:52.185 D/PowerManagerService( 1067): Releasing suspend blocker "PowerManagerService.WakeLocks".
05-15 16:59:52.465 D/ArpVerifier( 1067): performPollAndLog:
05-15 16:59:52.905 I/MSM-irqbalance(  439): Decided to move IRQ57 from CPU4 to CPU6
05-15 16:59:54.525 E/WifiStateMachine( 1067):  ConnectedState !CMD_RSSI_POLL 286 0 "TP-LINK_lzn" fc:d7:33:43:b5:46 rssi=-58 f=2462 sc=60 link=72 tx=0.0, 0.0, 0.0  rx=0.0 bcn=0 [on:0 tx:0 rx:0 period:3001] from screen [on:0 period:-1281053403] gl hn u24 rssi=-53 ag=0 hr ls-=0 [56,56,56,56,61] brc=0 lrc=0
05-15 16:59:54.525 E/WifiStateMachine( 1067):  L2ConnectedState !CMD_RSSI_POLL 286 0 "TP-LINK_lzn" fc:d7:33:43:b5:46 rssi=-58 f=2462 sc=60 link=72 tx=0.0, 0.0, 0.0  rx=0.0 bcn=0 [on:0 tx:0 rx:0 period:1] from screen [on:0 period:-1281053402] gl hn u24 rssi=-53 ag=0 hr ls-=0 [56,56,56,56,61] brc=0 lrc=0
05-15 16:59:54.525 D/WifiNative-wlan0( 1067): doString: [SIGNAL_POLL]
05-15 16:59:54.525 D/wpa_supplicant(25276): wlan0: Control interface command 'SIGNAL_POLL'
05-15 16:59:54.535 E/wpa_supplicant(25276): RSSI=-57;LINKSPEED=72;NOISE=9999;FREQUENCY=2462;
05-15 16:59:54.535 E/WifiHW  ( 1067): wifi_send_command enter;cmd:IFNAME=wlan0 SIGNAL_POLL;
05-15 16:59:54.535 D/WifiCHRStateManager( 1067): updateChannel:2462
05-15 16:59:54.535 E/WifiStateMachine( 1067): fetchRssiLinkSpeedAndFrequencyNative rssi=-57 linkspeed=72 SSID="TP-LINK_lzn"
05-15 16:59:54.535 E/WifiStateMachine( 1067): calculateWifiScore freq=2462 speed=72 score=60 highRSSI  -> txbadrate=0.00 txgoodrate=0.00 txretriesrate=0.00 rxrate=0.02 userTriggerdPenalty0
05-15 16:59:54.535 E/WifiStateMachine( 1067):  good link -> stuck count =0
05-15 16:59:54.535 E/WifiStateMachine( 1067):  badRSSI count0 lowRSSI count0 --> score 56
05-15 16:59:54.535 E/WifiStateMachine( 1067):  isHighRSSI       ---> score=61
05-15 16:59:55.785 V/AudioManager( 1067): isMusicActive...
05-15 16:59:55.785 V/AudioManager( 1067): isWiredHeadsetOn...
05-15 16:59:57.465 D/ArpVerifier( 1067): performPollAndLog:
05-15 16:59:57.545 E/WifiStateMachine( 1067):  ConnectedState !CMD_RSSI_POLL 286 0 "TP-LINK_lzn" fc:d7:33:43:b5:46 rssi=-57 f=2462 sc=60 link=72 tx=0.0, 0.0, 0.0  rx=0.0 bcn=0 [on:0 tx:0 rx:0 period:3002] from screen [on:0 period:-1281050385] gl hn u24 rssi=-52 ag=0 hr ls-=0 [56,56,56,56,61] brc=0 lrc=0
05-15 16:59:57.545 E/WifiStateMachine( 1067):  L2ConnectedState !CMD_RSSI_POLL 286 0 "TP-LINK_lzn" fc:d7:33:43:b5:46 rssi=-57 f=2462 sc=60 link=72 tx=0.0, 0.0, 0.0  rx=0.0 bcn=0 [on:0 tx:0 rx:0 period:1] from screen [on:0 period:-1281050384] gl hn u24 rssi=-52 ag=0 hr ls-=0 [56,56,56,56,61] brc=0 lrc=0
05-15 16:59:57.545 D/WifiNative-wlan0( 1067): doString: [SIGNAL_POLL]
05-15 16:59:57.545 D/wpa_supplicant(25276): wlan0: Control interface command 'SIGNAL_POLL'
05-15 16:59:57.555 E/wpa_supplicant(25276): RSSI=-59;LINKSPEED=72;NOISE=9999;FREQUENCY=2462;
05-15 16:59:57.555 E/WifiHW  ( 1067): wifi_send_command enter;cmd:IFNAME=wlan0 SIGNAL_POLL;
05-15 16:59:57.555 D/WifiCHRStateManager( 1067): updateChannel:2462
05-15 16:59:57.555 E/WifiStateMachine( 1067): fetchRssiLinkSpeedAndFrequencyNative rssi=-59 linkspeed=72 SSID="TP-LINK_lzn"
05-15 16:59:57.555 E/WifiStateMachine( 1067): calculateWifiScore freq=2462 speed=72 score=60 highRSSI  -> txbadrate=0.00 txgoodrate=0.00 txretriesrate=0.00 rxrate=0.01 userTriggerdPenalty0
05-15 16:59:57.555 E/WifiStateMachine( 1067):  good link -> stuck count =0
05-15 16:59:57.555 E/WifiStateMachine( 1067):  badRSSI count0 lowRSSI count0 --> score 56
05-15 16:59:57.565 E/WifiStateMachine( 1067):  isHighRSSI       ---> score=61
05-15 16:59:58.145 D/SupplicantHeartBeat( 1067): handleMessage: E msg.what=999903
05-15 16:59:58.145 D/SupplicantHeartBeat( 1067): processMsg: HeartAckState
05-15 16:59:58.145 D/SupplicantHeartBeat( 1067): enter HeartAckState: msg = { when=-12ms what=999903 target=com.android.internal.util.StateMachine$SmHandler }
05-15 16:59:58.145 D/SupplicantHeartBeat( 1067): enter heartBeat ...
05-15 16:59:58.145 D/WifiNative-wlan0( 1067): doString: [HEART_BEAT CHECK]
05-15 16:59:58.145 D/wpa_supplicant(25276): wlan0: Control interface command 'HEART_BEAT CHECK'
05-15 16:59:58.145 I/wpa_supplicant(25276): wlan0: HEART-BEAT-ACK: 1993
05-15 16:59:58.145 D/wpa_supplicant(25276): CTRL_IFACE monitor sent successfully to /data/misc/wifi/sockets/wpa_ctrl_1067-65\x00
05-15 16:59:58.145 E/WifiHW  ( 1067): wifi_wait_on_socket enter;buf:IFNAME=wlan0 <3>HEART-BEAT-ACK: 1993;nread:36;
05-15 16:59:58.145 D/WifiMonitor( 1067): Event [IFNAME=wlan0 HEART-BEAT-ACK: 1993]
05-15 16:59:58.145 D/WifiMonitor( 1067): Dispatching event to interface: wlan0
05-15 16:59:58.145 E/WifiMonitor( 1067): WifiMonitor:wlan0 cnt=146867 dispatchEvent: HEART-BEAT-ACK: 1993
05-15 16:59:58.145 E/WifiHW  ( 1067): wifi_send_command enter;cmd:IFNAME=wlan0 HEART_BEAT CHECK;reply:HEART-BEAT-ACK: 1993
05-15 16:59:58.145 E/WifiHW  ( 1067): ;reply_len:21;
05-15 16:59:58.145 D/WifiNative-wlan0( 1067):    returned HEART-BEAT-ACK: 1993
05-15 16:59:58.145 D/SupplicantHeartBeat( 1067): transitionTo: destState=WaitingHeartAckState
05-15 16:59:58.145 D/SupplicantHeartBeat( 1067): handleMessage: new destination call exit/enter
05-15 16:59:58.145 D/SupplicantHeartBeat( 1067): setupTempStateStackWithStatesToEnter: X mTempStateStackCount=1,curStateInfo: state=EnterSupplicantStarted,active=true,parent=DefaultState
05-15 16:59:58.145 D/SupplicantHeartBeat( 1067): invokeExitMethods: HeartAckState
05-15 16:59:58.145 D/SupplicantHeartBeat( 1067): moveTempStackToStateStack: i=0,j=2
05-15 16:59:58.145 D/SupplicantHeartBeat( 1067): moveTempStackToStateStack: X mStateStackTop=2,startingIndex=2,Top=WaitingHeartAckState
05-15 16:59:58.145 D/SupplicantHeartBeat( 1067): invokeEnterMethods: WaitingHeartAckState
05-15 16:59:58.145 D/SupplicantHeartBeat( 1067): handleMessage: X
05-15 16:59:58.155 E/WifiStateMachine( 1067):  ConnectedState !what:147506 0 0
05-15 16:59:58.155 E/WifiStateMachine( 1067):  L2ConnectedState !what:147506 0 0
05-15 16:59:58.155 E/WifiStateMachine( 1067):  ConnectModeState !what:147506 0 0
05-15 16:59:58.165 E/WifiStateMachine( 1067):  DriverStartedState !what:147506 0 0
05-15 16:59:58.165 E/WifiStateMachine( 1067):  SupplicantStartedState !what:147506 0 0
05-15 16:59:58.165 D/SupplicantHeartBeat( 1067): handleMessage: E msg.what=147506
05-15 16:59:58.165 D/SupplicantHeartBeat( 1067): processMsg: WaitingHeartAckState
05-15 16:59:58.165 D/SupplicantHeartBeat( 1067): enter WaitingHeartAckState: msg = { when=-1ms what=147506 target=com.android.internal.util.StateMachine$SmHandler }
05-15 16:59:58.165 D/SupplicantHeartBeat( 1067): transitionTo: destState=HeartAckState
05-15 16:59:58.165 D/SupplicantHeartBeat( 1067): handleMessage: new destination call exit/enter
05-15 16:59:58.165 D/SupplicantHeartBeat( 1067): setupTempStateStackWithStatesToEnter: X mTempStateStackCount=1,curStateInfo: state=EnterSupplicantStarted,active=true,parent=DefaultState
05-15 16:59:58.165 D/SupplicantHeartBeat( 1067): invokeExitMethods: WaitingHeartAckState
05-15 16:59:58.165 D/SupplicantHeartBeat( 1067): moveTempStackToStateStack: i=0,j=2
05-15 16:59:58.165 D/SupplicantHeartBeat( 1067): moveTempStackToStateStack: X mStateStackTop=2,startingIndex=2,Top=HeartAckState
05-15 16:59:58.165 D/SupplicantHeartBeat( 1067): invokeEnterMethods: HeartAckState
05-15 16:59:58.165 D/SupplicantHeartBeat( 1067): handleMessage: X
05-15 16:59:59.995 I/HwLauncher( 2150): Model  onReceive intent=Intent { act=android.intent.action.TIME_TICK flg=0x50000014 (has extras) }
05-15 16:59:59.995 I/HwLauncher( 2150): Model  onReceive user=UserHandle{0}
05-15 16:59:59.995 V/AlarmManager( 1067): sending alarm Alarm{2b3e4c0d type 3 when 1273969553 android},repeatInterval = 0,action=android.intent.action.TIME_TICK
05-15 16:59:59.995 D/PowerManagerService( 1067): acquireWakeLockInternal: lock=34812552, flags=0x40000001, packageName=android, ws=WorkSource{1000}, uid=1000, pid=1067
05-15 16:59:59.995 V/AlarmManager( 1067): Received TIME_TICK alarm; rescheduling
05-15 16:59:59.995 D/PowerManagerService( 1067): updateWakeLockSummaryLocked: mWakefulness=Awake, mWakeLockSummary=0x1
05-15 16:59:59.995 D/PowerManagerService( 1067): updateUserActivitySummaryLocked: mWakefulness=Awake, mUserActivitySummary=0x1, nextTimeout=518360379 (in 1592708 ms)
05-15 16:59:59.995 D/PowerManagerService( 1067): updateDisplayPowerStateLocked: mDisplayReady=true, policy=3, mWakefulness=1, mWakeLockSummary=0x1, mUserActivitySummary=0x1, mBootCompleted=true, mScreenBrightnessBoostInProgress=false, useProximitySensor=false, mRequestWaitForNegativeProximity=false, mBrightnessWaitModeEnabled=false
05-15 16:59:59.995 D/PowerManagerService( 1067): Acquiring suspend blocker "PowerManagerService.WakeLocks".
05-15 17:00:00.005 I/TimeManager( 1681): receiver action = android.intent.action.TIME_TICK
05-15 17:00:00.005 I/TimeManager( 1681): send message delay millis = 60989 ms
05-15 17:00:00.005 I/TimeManager( 1681): hand message 1
05-15 17:00:00.005 I/TimeManager( 1681): notify time change. size = 2
05-15 17:00:00.005 D/TimeLayout( 1681): updateTime(TextView)
05-15 17:00:00.005 D/TimeLayout( 1681): updateTime()
05-15 17:00:00.005 I/TimeLayout( 1681): time = 17:00
05-15 17:00:00.005 D/TimeLayout( 1681): mDateView is null
05-15 17:00:00.005 D/TimeLayout( 1681): mWeekView is null
05-15 17:00:00.005 D/TimeLayout( 1681): updateTime(TextView)
05-15 17:00:00.005 D/TimeLayout( 1681): is24 = true
05-15 17:00:00.005 D/TimeLayout( 1681): updateAmpm()
05-15 17:00:00.005 I/TimeLayout( 1681): updateDate date = 2016/5/15
05-15 17:00:00.005 I/TimeLayout( 1681): weekDay = 
05-15 17:00:00.025 D/KeyguardUpdateMonitor( 2036): mTimeChangeBroadcastReceiver received broadcast android.intent.action.TIME_TICK
05-15 17:00:00.025 D/KeyguardUpdateMonitor( 2036): handleTimeUpdate
05-15 17:00:00.045 I/SurfaceFlinger(  336): FPS: 1
05-15 17:00:00.045 I/HwLauncher( 2150): ClockDynamicUpdater date changed!!!!!!
05-15 17:00:00.055 I/HwLauncher( 2150): ClockDynamicUpdater date changed end
05-15 17:00:00.055 I/HwLauncher( 2150): DynamicIconData , getDrawableForDynamic begin, pkg = com.android.deskclock, picName = deskclock_bg
05-15 17:00:00.055 I/HwLauncher( 2150): CalenderDynamicUpdater date changed!!!!!!
05-15 17:00:00.055 I/HwLauncher( 2150): CalenderDynamicUpdater date changed end
05-15 17:00:00.055 I/HwLauncher( 2150): DynamicIconData , getDrawableForDynamic end, pkg = com.android.deskclock, picName = deskclock_bg
05-15 17:00:00.055 I/HwLauncher( 2150): DynamicIconData , getDrawableForDynamic begin, pkg = com.android.deskclock, picName = deskclock_bg
05-15 17:00:00.055 I/HwLauncher( 2150): DynamicIconData , getDrawableForDynamic end, pkg = com.android.deskclock, picName = deskclock_bg
05-15 17:00:00.055 I/HwLauncher( 2150): Launcher.Utilities createIconBitmap classname = null, sourceWidth = 175, sourceHeight = 175
05-15 17:00:00.055 D/PowerManagerService( 1067): releaseWakeLockInternal: lock=34812552, flags=0x0, packageName=android", ws=WorkSource{1000}, uid=1000, pid=1067
05-15 17:00:00.055 D/PowerManagerService( 1067): updateWakeLockSummaryLocked: mWakefulness=Awake, mWakeLockSummary=0x0
05-15 17:00:00.055 D/PowerManagerService( 1067): updateUserActivitySummaryLocked: mWakefulness=Awake, mUserActivitySummary=0x1, nextTimeout=518360379 (in 1592646 ms)
05-15 17:00:00.055 D/PowerManagerService( 1067): updateDisplayPowerStateLocked: mDisplayReady=true, policy=3, mWakefulness=1, mWakeLockSummary=0x0, mUserActivitySummary=0x1, mBootCompleted=true, mScreenBrightnessBoostInProgress=false, useProximitySensor=false, mRequestWaitForNegativeProximity=false, mBrightnessWaitModeEnabled=false
05-15 17:00:00.055 D/PowerManagerService( 1067): Releasing suspend blocker "PowerManagerService.WakeLocks".
05-15 17:00:00.065 I/HwLauncher( 2150): ClockDynamicUpdater clock update folder at ClockDynamicUpdater
05-15 17:00:00.065 I/HwLauncher( 2150): DynamicUpdater updateBitmap end and send update message
05-15 17:00:00.065 I/HwLauncher( 2150): DynamicUpdater call updateFolder
05-15 17:00:00.565 E/WifiStateMachine( 1067):  ConnectedState !CMD_RSSI_POLL 286 0 "TP-LINK_lzn" fc:d7:33:43:b5:46 rssi=-59 f=2462 sc=60 link=72 tx=0.0, 0.0, 0.0  rx=0.0 bcn=0 [on:0 tx:0 rx:0 period:3002] from screen [on:0 period:-1281047363] gl hn u24 rssi=-54 ag=0 hr ls-=0 [56,56,56,56,61] brc=0 lrc=0
05-15 17:00:00.565 E/WifiStateMachine( 1067):  L2ConnectedState !CMD_RSSI_POLL 286 0 "TP-LINK_lzn" fc:d7:33:43:b5:46 rssi=-59 f=2462 sc=60 link=72 tx=0.0, 0.0, 0.0  rx=0.0 bcn=0 [on:0 tx:0 rx:0 period:1] from screen [on:0 period:-1281047362] gl hn u24 rssi=-54 ag=0 hr ls-=0 [56,56,56,56,61] brc=0 lrc=0
05-15 17:00:00.565 D/WifiNative-wlan0( 1067): doString: [SIGNAL_POLL]
05-15 17:00:00.565 D/wpa_supplicant(25276): wlan0: Control interface command 'SIGNAL_POLL'
05-15 17:00:00.575 E/wpa_supplicant(25276): RSSI=-57;LINKSPEED=72;NOISE=9999;FREQUENCY=2462;
05-15 17:00:00.575 E/WifiHW  ( 1067): wifi_send_command enter;cmd:IFNAME=wlan0 SIGNAL_POLL;
05-15 17:00:00.575 D/WifiCHRStateManager( 1067): updateChannel:2462
05-15 17:00:00.575 E/WifiStateMachine( 1067): fetchRssiLinkSpeedAndFrequencyNative rssi=-57 linkspeed=72 SSID="TP-LINK_lzn"
05-15 17:00:00.585 E/WifiStateMachine( 1067): calculateWifiScore freq=2462 speed=72 score=60 highRSSI  -> txbadrate=0.00 txgoodrate=0.00 txretriesrate=0.00 rxrate=0.00 userTriggerdPenalty0
05-15 17:00:00.585 E/WifiStateMachine( 1067):  good link -> stuck count =0
05-15 17:00:00.585 E/WifiStateMachine( 1067):  badRSSI count0 lowRSSI count0 --> score 56
05-15 17:00:00.585 E/WifiStateMachine( 1067):  isHighRSSI       ---> score=61
05-15 17:00:00.785 V/AudioManager( 1067): isMusicActive...
05-15 17:00:00.785 V/AudioManager( 1067): isWiredHeadsetOn...
05-15 17:00:01.145 D/SupplicantHeartBeat( 1067): handleMessage: E msg.what=999904
05-15 17:00:01.145 D/SupplicantHeartBeat( 1067): processMsg: HeartAckState
05-15 17:00:01.145 D/SupplicantHeartBeat( 1067): enter HeartAckState: msg = { when=-3ms what=999904 target=com.android.internal.util.StateMachine$SmHandler }
05-15 17:00:01.145 D/SupplicantHeartBeat( 1067): processMsg: EnterSupplicantStarted
05-15 17:00:01.145 D/SupplicantHeartBeat( 1067): processMsg: DefaultState
05-15 17:00:01.145 D/SupplicantHeartBeat( 1067): enter DefaultState: msg = { when=-3ms what=999904 target=com.android.internal.util.StateMachine$SmHandler }
05-15 17:00:01.145 D/SupplicantHeartBeat( 1067): handleMessage: X
05-15 17:00:02.175 E/LocSvc_libulp( 1067): I/===> int ulp_msg_process_system_update(UlpSystemEvent) line 1455 
05-15 17:00:02.175 E/LocSvc_libulp( 1067): I/int ulp_msg_process_system_update(UlpSystemEvent): systemEvent:5 
05-15 17:00:02.175 E/LocSvc_libulp( 1067): I/===> int ulp_brain_process_system_update(UlpSystemEvent) line 2352 
05-15 17:00:02.175 E/LocSvc_libulp( 1067): I/===> int ulp_brain_select_providers() line 333 
05-15 17:00:02.175 E/LocSvc_libulp( 1067): I/===> int ulp_brain_turn_onoff_quipc_provider() line 700 
05-15 17:00:02.175 E/LocSvc_libulp( 1067): I/===> int ulp_quipc_stop_engine() line 235 
05-15 17:00:02.175 E/LocSvc_libulp( 1067): I/===> bool ulp_quipc_engine_running() line 60 
05-15 17:00:02.175 E/LocSvc_libulp( 1067): I/===> int ulp_brain_turn_onoff_gnss_provider() line 595 
05-15 17:00:02.175 E/LocSvc_libulp( 1067): I/===> int ulp_gnss_stop_engine() line 262 
05-15 17:00:02.175 E/LocSvc_libulp( 1067): I/===> bool ulp_quipc_engine_running() line 60 
05-15 17:00:02.175 E/LocSvc_libulp( 1067): I/===> int ulp_brain_turn_onoff_gnp_provider() line 496 
05-15 17:00:02.175 E/LocSvc_libulp( 1067): I/===> bool ulp_gnp_engine_running() line 59 
05-15 17:00:02.175 E/LocSvc_libulp( 1067): I/===> int ulp_gnp_stop_engine() line 195 
05-15 17:00:02.175 E/LocSvc_libulp( 1067): I/===> bool ulp_gnp_engine_running() line 59 
05-15 17:00:02.175 E/LocSvc_libulp( 1067): I/===> bool ulp_gnp_engine_running() line 59 
05-15 17:00:02.175 E/LocSvc_libulp( 1067): I/===> int ulp_brain_turn_onoff_zpp_provider() line 437 
05-15 17:00:02.175 E/LocSvc_libulp( 1067): I/===> int ulp_zpp_start_engine() line 98 
05-15 17:00:02.175 E/LocSvc_libulp( 1067): I/===> bool ulp_zpp_engine_running() line 62 
05-15 17:00:02.175 E/LocSvc_libulp( 1067): I/===> int ulp_msg_process_start_req() line 447 
05-15 17:00:02.175 E/LocSvc_libulp( 1067): I/int ulp_msg_process_start_req(), at ulp state = 1
05-15 17:00:02.175 E/LocSvc_api_v02( 1067): I/---> locClientSendReq line 2340 QMI_LOC_GET_BEST_AVAILABLE_POSITION_REQ_V02
05-15 17:00:02.175 E/LocSvc_ApiV02( 1067): I/<--- void globalRespCb(locClientHandleType, uint32_t, locClientRespIndUnionType, void*) line 106 QMI_LOC_GET_BEST_AVAILABLE_POSITION_REQ_V02
05-15 17:00:02.175 E/LocSvc_libulp( 1067): I/===> int ulp_brain_process_zpp_position_report(loc_sess_status, LocPosTechMask, const UlpLocation*) line 1463 
05-15 17:00:02.175 E/LocSvc_libulp( 1067): I/===> int ulp_msg_send_generic_position_report(loc_sess_status, LocPosTechMask, const UlpLocation*, const GpsLocationExtended*, const void*) line 1011 
05-15 17:00:02.175 D/Ulp_jni ( 1067): Location CB invoked
05-15 17:00:02.175 E/LocSvc_libulp( 1067): I/int ulp_brain_process_zpp_position_report(loc_sess_status, LocPosTechMask, const UlpLocation*), report ZPP position to providers,report_position = 1
05-15 17:00:02.175 E/LocSvc_libulp( 1067): I/===> int ulp_brain_select_providers() line 333 
05-15 17:00:02.175 E/LocSvc_libulp( 1067): I/===> int ulp_brain_turn_onoff_quipc_provider() line 700 
05-15 17:00:02.175 E/LocSvc_libulp( 1067): I/===> int ulp_quipc_stop_engine() line 235 
05-15 17:00:02.175 E/LocSvc_libulp( 1067): I/===> bool ulp_quipc_engine_running() line 60 
05-15 17:00:02.175 E/LocSvc_libulp( 1067): I/===> int ulp_brain_turn_onoff_gnss_provider() line 595 
05-15 17:00:02.175 E/LocSvc_libulp( 1067): I/===> int ulp_gnss_stop_engine() line 262 
05-15 17:00:02.175 E/LocSvc_libulp( 1067): I/===> bool ulp_quipc_engine_running() line 60 
05-15 17:00:02.175 E/LocSvc_libulp( 1067): I/===> int ulp_brain_turn_onoff_gnp_provider() line 496 
05-15 17:00:02.175 E/LocSvc_libulp( 1067): I/===> bool ulp_gnp_engine_running() line 59 
05-15 17:00:02.175 E/LocSvc_libulp( 1067): I/===> int ulp_gnp_stop_engine() line 195 
05-15 17:00:02.175 E/LocSvc_libulp( 1067): I/===> bool ulp_gnp_engine_running() line 59 
05-15 17:00:02.175 E/LocSvc_libulp( 1067): I/===> bool ulp_gnp_engine_running() line 59 
05-15 17:00:02.175 E/LocSvc_libulp( 1067): I/===> int ulp_brain_turn_onoff_zpp_provider() line 437 
05-15 17:00:02.175 E/LocSvc_libulp( 1067): I/===> int ulp_zpp_stop_engine() line 174 
05-15 17:00:02.175 E/LocSvc_libulp( 1067): I/===> bool ulp_zpp_engine_running() line 62 
05-15 17:00:02.175 D/LocationManagerService( 1067): incoming location: Location[fused 40******,116****** acc=5249 et=+14d17h52m51s738ms alt=58.0 vel=0.0 bear=81.0 {Bundle[{}]}]
05-15 17:00:02.175 D/LocationManagerService( 1067): incoming location: Location[fused 40******,116****** acc=5249 et=+14d17h52m51s738ms alt=58.0 vel=0.0 bear=81.0 {Bundle[{}]}]
05-15 17:00:02.175 D/PowerManagerService( 1067): acquireWakeLockInternal: lock=435595903, flags=0x1, packageName=android, ws=WorkSource{1000 android}, uid=1000, pid=1067
05-15 17:00:02.175 D/PowerManagerService( 1067): updateWakeLockSummaryLocked: mWakefulness=Awake, mWakeLockSummary=0x1
05-15 17:00:02.175 D/PowerManagerService( 1067): updateUserActivitySummaryLocked: mWakefulness=Awake, mUserActivitySummary=0x1, nextTimeout=518360379 (in 1590520 ms)
05-15 17:00:02.175 D/PowerManagerService( 1067): updateDisplayPowerStateLocked: mDisplayReady=true, policy=3, mWakefulness=1, mWakeLockSummary=0x1, mUserActivitySummary=0x1, mBootCompleted=true, mScreenBrightnessBoostInProgress=false, useProximitySensor=false, mRequestWaitForNegativeProximity=false, mBrightnessWaitModeEnabled=false
05-15 17:00:02.185 D/PowerManagerService( 1067): Acquiring suspend blocker "PowerManagerService.WakeLocks".
05-15 17:00:02.185 D/PowerManagerService( 1067): acquireWakeLockInternal: lock=322140748, flags=0x1, packageName=android, ws=WorkSource{10015 com.baidu.map.location}, uid=1000, pid=1067
05-15 17:00:02.185 D/PowerManagerService( 1067): updateWakeLockSummaryLocked: mWakefulness=Awake, mWakeLockSummary=0x1
05-15 17:00:02.185 D/PowerManagerService( 1067): updateUserActivitySummaryLocked: mWakefulness=Awake, mUserActivitySummary=0x1, nextTimeout=518360379 (in 1590519 ms)
05-15 17:00:02.185 D/PowerManagerService( 1067): updateDisplayPowerStateLocked: mDisplayReady=true, policy=3, mWakefulness=1, mWakeLockSummary=0x1, mUserActivitySummary=0x1, mBootCompleted=true, mScreenBrightnessBoostInProgress=false, useProximitySensor=false, mRequestWaitForNegativeProximity=false, mBrightnessWaitModeEnabled=false
05-15 17:00:02.185 D/PowerManagerService( 1067): acquireWakeLockInternal: lock=664991658, flags=0x1, packageName=android, ws=WorkSource{1000 android}, uid=1000, pid=1067
05-15 17:00:02.185 D/PowerManagerService( 1067): updateWakeLockSummaryLocked: mWakefulness=Awake, mWakeLockSummary=0x1
05-15 17:00:02.185 D/PowerManagerService( 1067): updateUserActivitySummaryLocked: mWakefulness=Awake, mUserActivitySummary=0x1, nextTimeout=518360379 (in 1590518 ms)
05-15 17:00:02.185 D/PowerManagerService( 1067): updateDisplayPowerStateLocked: mDisplayReady=true, policy=3, mWakefulness=1, mWakeLockSummary=0x1, mUserActivitySummary=0x1, mBootCompleted=true, mScreenBrightnessBoostInProgress=false, useProximitySensor=false, mRequestWaitForNegativeProximity=false, mBrightnessWaitModeEnabled=false
05-15 17:00:02.185 D/PowerManagerService( 1067): acquireWakeLockInternal: lock=1062563739, flags=0x1, packageName=android, ws=WorkSource{1000 com.qualcomm.location}, uid=1000, pid=1067
05-15 17:00:02.185 D/PowerManagerService( 1067): updateWakeLockSummaryLocked: mWakefulness=Awake, mWakeLockSummary=0x1
05-15 17:00:02.185 D/PowerManagerService( 1067): updateUserActivitySummaryLocked: mWakefulness=Awake, mUserActivitySummary=0x1, nextTimeout=518360379 (in 1590517 ms)
05-15 17:00:02.185 D/PowerManagerService( 1067): updateDisplayPowerStateLocked: mDisplayReady=true, policy=3, mWakefulness=1, mWakeLockSummary=0x1, mUserActivitySummary=0x1, mBootCompleted=true, mScreenBrightnessBoostInProgress=false, useProximitySensor=false, mRequestWaitForNegativeProximity=false, mBrightnessWaitModeEnabled=false
05-15 17:00:02.185 D/PowerManagerService( 1067): releaseWakeLockInternal: lock=322140748, flags=0x0, packageName=android", ws=WorkSource{10015 com.baidu.map.location}, uid=1000, pid=1067
05-15 17:00:02.185 D/PowerManagerService( 1067): updateWakeLockSummaryLocked: mWakefulness=Awake, mWakeLockSummary=0x1
05-15 17:00:02.185 D/PowerManagerService( 1067): updateUserActivitySummaryLocked: mWakefulness=Awake, mUserActivitySummary=0x1, nextTimeout=518360379 (in 1590516 ms)
05-15 17:00:02.185 D/PowerManagerService( 1067): updateDisplayPowerStateLocked: mDisplayReady=true, policy=3, mWakefulness=1, mWakeLockSummary=0x1, mUserActivitySummary=0x1, mBootCompleted=true, mScreenBrightnessBoostInProgress=false, useProximitySensor=false, mRequestWaitForNegativeProximity=false, mBrightnessWaitModeEnabled=false
05-15 17:00:02.185 D/PowerManagerService( 1067): releaseWakeLockInternal: lock=1062563739, flags=0x0, packageName=android", ws=WorkSource{1000 com.qualcomm.location}, uid=1000, pid=1067
05-15 17:00:02.185 D/PowerManagerService( 1067): updateWakeLockSummaryLocked: mWakefulness=Awake, mWakeLockSummary=0x1
05-15 17:00:02.185 D/PowerManagerService( 1067): updateUserActivitySummaryLocked: mWakefulness=Awake, mUserActivitySummary=0x1, nextTimeout=518360379 (in 1590515 ms)
05-15 17:00:02.185 D/PowerManagerService( 1067): updateDisplayPowerStateLocked: mDisplayReady=true, policy=3, mWakefulness=1, mWakeLockSummary=0x1, mUserActivitySummary=0x1, mBootCompleted=true, mScreenBrightnessBoostInProgress=false, useProximitySensor=false, mRequestWaitForNegativeProximity=false, mBrightnessWaitModeEnabled=false
05-15 17:00:02.185 D/PowerManagerService( 1067): releaseWakeLockInternal: lock=435595903, flags=0x0, packageName=android", ws=WorkSource{1000 android}, uid=1000, pid=1067
05-15 17:00:02.185 D/PowerManagerService( 1067): updateWakeLockSummaryLocked: mWakefulness=Awake, mWakeLockSummary=0x1
05-15 17:00:02.185 D/PowerManagerService( 1067): updateUserActivitySummaryLocked: mWakefulness=Awake, mUserActivitySummary=0x1, nextTimeout=518360379 (in 1590515 ms)
05-15 17:00:02.185 D/PowerManagerService( 1067): updateDisplayPowerStateLocked: mDisplayReady=true, policy=3, mWakefulness=1, mWakeLockSummary=0x1, mUserActivitySummary=0x1, mBootCompleted=true, mScreenBrightnessBoostInProgress=false, useProximitySensor=false, mRequestWaitForNegativeProximity=false, mBrightnessWaitModeEnabled=false
05-15 17:00:02.185 D/PowerManagerService( 1067): releaseWakeLockInternal: lock=664991658, flags=0x0, packageName=android", ws=WorkSource{1000 android}, uid=1000, pid=1067
05-15 17:00:02.185 D/PowerManagerService( 1067): updateWakeLockSummaryLocked: mWakefulness=Awake, mWakeLockSummary=0x0
05-15 17:00:02.185 D/PowerManagerService( 1067): updateUserActivitySummaryLocked: mWakefulness=Awake, mUserActivitySummary=0x1, nextTimeout=518360379 (in 1590514 ms)
05-15 17:00:02.185 D/PowerManagerService( 1067): updateDisplayPowerStateLocked: mDisplayReady=true, policy=3, mWakefulness=1, mWakeLockSummary=0x0, mUserActivitySummary=0x1, mBootCompleted=true, mScreenBrightnessBoostInProgress=false, useProximitySensor=false, mRequestWaitForNegativeProximity=false, mBrightnessWaitModeEnabled=false
05-15 17:00:02.185 D/PowerManagerService( 1067): Releasing suspend blocker "PowerManagerService.WakeLocks".
05-15 17:00:02.335 W/ActivityManager( 1067): getRunningAppProcesses: caller 10111 does not hold REAL_GET_TASKS; limiting output
05-15 17:00:02.345 W/ActivityManager( 1067): getRunningAppProcesses: caller 10111 does not hold REAL_GET_TASKS; limiting output
05-15 17:00:02.475 D/ArpVerifier( 1067): performPollAndLog:
05-15 17:00:03.405 I/System.out( 6602): [CDS]EAGAIN in Recvfrom
05-15 17:00:03.405 I/System.out( 6602): [CDS]read byte is 0
05-15 17:00:03.405 I/System.out( 6602): [CDS]rx timeout:10000
05-15 17:00:03.405 I/System.out( 6602): [CDS]rx timeout:30000
05-15 17:00:03.585 E/WifiStateMachine( 1067):  ConnectedState !CMD_RSSI_POLL 286 0 "TP-LINK_lzn" fc:d7:33:43:b5:46 rssi=-57 f=2462 sc=60 link=72 tx=0.0, 0.0, 0.0  rx=0.0 bcn=0 [on:0 tx:0 rx:0 period:3003] from screen [on:0 period:-1281044342] gl hn u24 rssi=-52 ag=0 hr ls-=0 [56,56,56,56,61] brc=0 lrc=0
05-15 17:00:03.585 E/WifiStateMachine( 1067):  L2ConnectedState !CMD_RSSI_POLL 286 0 "TP-LINK_lzn" fc:d7:33:43:b5:46 rssi=-57 f=2462 sc=60 link=72 tx=0.0, 0.0, 0.0  rx=0.0 bcn=0 [on:0 tx:0 rx:0 period:1] from screen [on:0 period:-1281044341] gl hn u24 rssi=-52 ag=0 hr ls-=0 [56,56,56,56,61] brc=0 lrc=0
05-15 17:00:03.585 D/WifiNative-wlan0( 1067): doString: [SIGNAL_POLL]
05-15 17:00:03.585 D/wpa_supplicant(25276): wlan0: Control interface command 'SIGNAL_POLL'
05-15 17:00:03.595 E/wpa_supplicant(25276): RSSI=-53;LINKSPEED=72;NOISE=9999;FREQUENCY=2462;
05-15 17:00:03.595 E/WifiHW  ( 1067): wifi_send_command enter;cmd:IFNAME=wlan0 SIGNAL_POLL;
05-15 17:00:03.595 D/WifiCHRStateManager( 1067): updateChannel:2462
05-15 17:00:03.595 E/WifiStateMachine( 1067): fetchRssiLinkSpeedAndFrequencyNative rssi=-53 linkspeed=72 SSID="TP-LINK_lzn"
05-15 17:00:03.595 E/WifiStateMachine( 1067): calculateWifiScore freq=2462 speed=72 score=60 highRSSI  -> txbadrate=0.00 txgoodrate=0.00 txretriesrate=0.00 rxrate=0.00 userTriggerdPenalty0
05-15 17:00:03.605 E/WifiStateMachine( 1067):  good link -> stuck count =0
05-15 17:00:03.605 E/WifiStateMachine( 1067):  badRSSI count0 lowRSSI count0 --> score 56
05-15 17:00:03.605 E/WifiStateMachine( 1067):  isHighRSSI       ---> score=61
05-15 17:00:05.005 V/AlarmManager( 1067): sending alarm Alarm{3c087c2 type 1 when 1463302800415 com.huawei.bd},repeatInterval = 3600000,action=com.huawei.bd.action.heartbeat_hour
05-15 17:00:05.005 D/PowerManagerService( 1067): acquireWakeLockInternal: lock=34812552, flags=0x1, packageName=android, ws=WorkSource{1000}, uid=1000, pid=1067
05-15 17:00:05.005 D/PowerManagerService( 1067): updateWakeLockSummaryLocked: mWakefulness=Awake, mWakeLockSummary=0x1
05-15 17:00:05.005 D/PowerManagerService( 1067): updateUserActivitySummaryLocked: mWakefulness=Awake, mUserActivitySummary=0x1, nextTimeout=518360379 (in 1587690 ms)
