05-15 17:00:05.005 D/PowerManagerService( 1067): updateDisplayPowerStateLocked: mDisplayReady=true, policy=3, mWakefulness=1, mWakeLockSummary=0x1, mUserActivitySummary=0x1, mBootCompleted=true, mScreenBrightnessBoostInProgress=false, useProximitySensor=false, mRequestWaitForNegativeProximity=false, mBrightnessWaitModeEnabled=false
05-15 17:00:05.005 D/PowerManagerService( 1067): Acquiring suspend blocker "PowerManagerService.WakeLocks".
05-15 17:00:05.005 V/AlarmManager( 1067): sending alarm Alarm{46319d3 type 1 when 1463302805018 com.ss.android.article.news},repeatInterval = 210000,action=agoo_action_heart
05-15 17:00:05.035 I/BDLog   ( 2935): BD.Scheduler:Hour task coming
05-15 17:00:05.035 D/C       (26683): onHandlerHeart-->[currentTime1463302805047][mLastSendDataTime:1463302677972][checkHeartInterval:210000]
05-15 17:00:05.035 D/C       (26683): onHandlerHeart-->[send heart]
05-15 17:00:05.035 D/PowerManagerService( 1067): updateWakeLockWorkSourceInternal: lock=34812552 [*alarm*], ws=WorkSource{10082}
05-15 17:00:05.035 D/PowerManagerNotifier( 1067): onWakeLockChanging: flags=1, tag="*alarm*", packageName=android, ownerUid=1000, ownerPid=1067, workSource=WorkSource{10082}
05-15 17:00:05.035 D/PowerManagerService( 1067): releaseWakeLockInternal: lock=34812552, flags=0x0, packageName=android", ws=WorkSource{10082}, uid=1000, pid=1067
05-15 17:00:05.035 D/PowerManagerService( 1067): updateWakeLockSummaryLocked: mWakefulness=Awake, mWakeLockSummary=0x0
05-15 17:00:05.035 D/PowerManagerService( 1067): updateUserActivitySummaryLocked: mWakefulness=Awake, mUserActivitySummary=0x1, nextTimeout=518360379 (in 1587664 ms)
05-15 17:00:05.035 D/PowerManagerService( 1067): updateDisplayPowerStateLocked: mDisplayReady=true, policy=3, mWakefulness=1, mWakeLockSummary=0x0, mUserActivitySummary=0x1, mBootCompleted=true, mScreenBrightnessBoostInProgress=false, useProximitySensor=false, mRequestWaitForNegativeProximity=false, mBrightnessWaitModeEnabled=false
05-15 17:00:05.035 D/PowerManagerService( 1067): Releasing suspend blocker "PowerManagerService.WakeLocks".
05-15 17:00:05.065 D/StatusBar.MSimNetworkController( 1681): refreshdata connected={ wifi } level=0 mMSimcombinedSignalIconId=0x7f0203c5/com.android.systemui:drawable/stat_sys_wifi_signal_4_fully mMSimcombinedActivityIconId=0x7f0203bb mAirplaneMode=false mMSimDataActivity=0 mMSimPhoneSignalIconId=0x7f02037b mMSimDataDirectionIconId=0x0 mMSimDataSignalIconId=0x7f02037b mMSimDataTypeIconId=0x0 mNoSimIconVisible true mWifiIconId=0x7f0203c5 mBluetoothTetherIconId=0x1080694
05-15 17:00:05.065 D/StatusBar.MSimNetworkController( 1681): refreshdata connected={ wifi } level=0 mMSimcombinedSignalIconId=0x7f0203c5/com.android.systemui:drawable/stat_sys_wifi_signal_4_fully mMSimcombinedActivityIconId=0x7f0203bb mAirplaneMode=false mMSimDataActivity=0 mMSimPhoneSignalIconId=0x7f02037b mMSimDataDirectionIconId=0x0 mMSimDataSignalIconId=0x7f02037b mMSimDataTypeIconId=0x0 mNoSimIconVisible true mWifiIconId=0x7f0203c5 mBluetoothTetherIconId=0x1080694
05-15 17:00:05.065 D/StatusBar.MSimNetworkController( 1681): Send a message to refresh views 1s later!
05-15 17:00:05.065 D/StatusBar.MSimNetworkController( 1681): Send a message to refresh views 1s later!
05-15 17:00:05.095 D/C       (26683): heart-->[init_connect_3914][client_receive]
05-15 17:00:05.705 I/BDLog   ( 2935): BD.Scheduler:getAvailableMem=1357.7
05-15 17:00:05.785 V/AudioManager( 1067): isMusicActive...
05-15 17:00:05.785 V/AudioManager( 1067): isWiredHeadsetOn...
05-15 17:00:06.065 D/StatusBar.MSimNetworkController( 1681): The latest refersh is 28018 ms ago!
05-15 17:00:06.065 D/StatusBar.MSimNetworkController( 1681): refreshviews update icon subscription===0 mMSimPhoneSignalIconId[subscription]===2130838395 mMSimPhoneSignalTypeIconId[subscription]===0 mMSimMobileActivityIconId[subscription]===0 mMSimDataTypeIconId[subscription]===0
05-15 17:00:06.065 D/HwCustMSimSignalClusterViewImpl( 1681): applyVSim, sub = -1
05-15 17:00:06.075 D/HwCustMSimSignalClusterViewImpl( 1681): applyVSim, sub = 0
05-15 17:00:06.075 D/HwCustMSimSignalClusterViewImpl( 1681): applyVSim, sub = 0
05-15 17:00:06.075 D/HwCustMSimSignalClusterViewImpl( 1681): applyVSim, sub = -1
05-15 17:00:06.075 D/HwCustMSimSignalClusterViewImpl( 1681): applyVSim, sub = -1
05-15 17:00:06.085 D/HwCustMSimSignalClusterViewImpl( 1681): applyVSim, sub = 0
05-15 17:00:06.085 D/HwCustMSimSignalClusterViewImpl( 1681): applyVSim, sub = 0
05-15 17:00:06.085 D/HwCustMSimSignalClusterViewImpl( 1681): applyVSim, sub = -1
05-15 17:00:06.085 D/StatusBar.MSimNetworkController( 1681): changing data overlay icon id to 2130838459
05-15 17:00:06.095 D/StatusBar.MSimNetworkController( 1681): refreshdata connected={ wifi } level=0 mMSimcombinedSignalIconId=0x7f0203c5/com.android.systemui:drawable/stat_sys_wifi_signal_4_fully mMSimcombinedActivityIconId=0x7f0203ba mAirplaneMode=false mMSimDataActivity=0 mMSimPhoneSignalIconId=0x7f02037b mMSimDataDirectionIconId=0x0 mMSimDataSignalIconId=0x7f02037b mMSimDataTypeIconId=0x0 mNoSimIconVisible true mWifiIconId=0x7f0203c5 mBluetoothTetherIconId=0x1080694
05-15 17:00:06.095 D/StatusBar.MSimNetworkController( 1681): refreshdata connected={ wifi } level=0 mMSimcombinedSignalIconId=0x7f0203c5/com.android.systemui:drawable/stat_sys_wifi_signal_4_fully mMSimcombinedActivityIconId=0x7f0203ba mAirplaneMode=false mMSimDataActivity=0 mMSimPhoneSignalIconId=0x7f02037b mMSimDataDirectionIconId=0x0 mMSimDataSignalIconId=0x7f02037b mMSimDataTypeIconId=0x0 mNoSimIconVisible true mWifiIconId=0x7f0203c5 mBluetoothTetherIconId=0x1080694
05-15 17:00:06.095 D/StatusBar.MSimNetworkController( 1681): Send a message to refresh views 1s later!
05-15 17:00:06.095 D/StatusBar.MSimNetworkController( 1681): Frequently refreshed,will be inglored! subscription: 0
05-15 17:00:06.105 D/StatusBar.MSimNetworkController( 1681): The latest refersh is 28041 ms ago!
05-15 17:00:06.105 D/StatusBar.MSimNetworkController( 1681): refreshviews update icon subscription===0 mMSimPhoneSignalIconId[subscription]===2130838395 mMSimPhoneSignalTypeIconId[subscription]===0 mMSimMobileActivityIconId[subscription]===0 mMSimDataTypeIconId[subscription]===0
05-15 17:00:06.105 D/StatusBar.MSimNetworkController( 1681): changing data overlay icon id to 2130838458
05-15 17:00:06.125 I/SurfaceFlinger(  336): FPS: 1
05-15 17:00:06.605 E/WifiStateMachine( 1067):  ConnectedState !CMD_RSSI_POLL 286 0 "TP-LINK_lzn" fc:d7:33:43:b5:46 rssi=-53 f=2462 sc=60 link=72 tx=0.0, 0.0, 0.0  rx=0.0 bcn=0 [on:0 tx:0 rx:0 period:3004] from screen [on:0 period:-1281041322] gl hn u24 rssi=-48 ag=0 hr ls-=0 [56,56,56,56,61] brc=0 lrc=0
05-15 17:00:06.605 E/WifiStateMachine( 1067):  L2ConnectedState !CMD_RSSI_POLL 286 0 "TP-LINK_lzn" fc:d7:33:43:b5:46 rssi=-53 f=2462 sc=60 link=72 tx=0.0, 0.0, 0.0  rx=0.0 bcn=0 [on:0 tx:0 rx:0 period:1] from screen [on:0 period:-1281041321] gl hn u24 rssi=-48 ag=0 hr ls-=0 [56,56,56,56,61] brc=0 lrc=0
05-15 17:00:06.605 D/WifiNative-wlan0( 1067): doString: [SIGNAL_POLL]
05-15 17:00:06.605 D/wpa_supplicant(25276): wlan0: Control interface command 'SIGNAL_POLL'
05-15 17:00:06.615 E/wpa_supplicant(25276): RSSI=-54;LINKSPEED=72;NOISE=9999;FREQUENCY=2462;
05-15 17:00:06.615 E/WifiHW  ( 1067): wifi_send_command enter;cmd:IFNAME=wlan0 SIGNAL_POLL;
05-15 17:00:06.625 D/WifiCHRStateManager( 1067): updateChannel:2462
05-15 17:00:06.625 E/WifiStateMachine( 1067): fetchRssiLinkSpeedAndFrequencyNative rssi=-54 linkspeed=72 SSID="TP-LINK_lzn"
05-15 17:00:06.625 E/WifiStateMachine( 1067): calculateWifiScore freq=2462 speed=72 score=60 highRSSI  -> txbadrate=0.00 txgoodrate=1.00 txretriesrate=0.00 rxrate=6.00 userTriggerdPenalty0
05-15 17:00:06.625 E/WifiStateMachine( 1067):  good link -> stuck count =0
05-15 17:00:06.625 E/WifiStateMachine( 1067):  badRSSI count0 lowRSSI count0 --> score 56
05-15 17:00:06.625 E/WifiStateMachine( 1067):  isHighRSSI       ---> score=61
05-15 17:00:06.825 E/WifiStateMachine( 1067):  ConnectedState !CMD_START_SCAN -2 9218 ic=0 proc(ms):20001 dur:82 cnt=9218 rssi=-54 f=2462 sc=60 link=72 tx=1.0, 0.0, 0.0  rx=6.0 list=2462 [on:0 tx:0 rx:0 period:197] from screen [on:0 period:-1281041107]
05-15 17:00:06.825 E/WifiStateMachine( 1067):  L2ConnectedState !CMD_START_SCAN -2 9218 ic=0 proc(ms):20002 dur:82 cnt=9218 rssi=-54 f=2462 sc=60 link=72 tx=1.0, 0.0, 0.0  rx=6.0 list=2462 [on:0 tx:0 rx:0 period:1] from screen [on:0 period:-1281041106]
05-15 17:00:06.825 E/WifiStateMachine( 1067): WifiStateMachine CMD_START_SCAN source -2 txSuccessRate=1.00 rxSuccessRate=6.00 targetRoamBSSID=any RSSI=-54
05-15 17:00:06.825 E/WifiStateMachine( 1067): startDelayedScan send -> 9219 milli 20000
05-15 17:00:06.825 E/WifiStateMachine( 1067): WifiStateMachine CMD_START_SCAN with age=40011 interval=341718 maxinterval=300000
05-15 17:00:06.825 E/WifiStateMachine( 1067): WifiStateMachine CMD_START_SCAN full=false
05-15 17:00:06.825 E/WifiStateMachine( 1067): WifiStateMachine starting scan for "TP-LINK_lzn"-WPA_PSK with 2462
05-15 17:00:06.825 D/WifiNative-wlan0( 1067): doBoolean: SCAN TYPE=ONLY freq=2462
05-15 17:00:06.825 D/wpa_supplicant(25276): wlan0: Control interface command 'SCAN TYPE=ONLY freq=2462'
05-15 17:00:06.825 D/wpa_supplicant(25276): wlan0: Setting scan request: 0.000000 sec
05-15 17:00:06.825 D/wpa_supplicant(25276): wlan0: Starting AP scan for wildcard SSID
05-15 17:00:06.825 D/wpa_supplicant(25276): wlan0: Limit manual scan to specified channels
05-15 17:00:06.825 D/wpa_supplicant(25276): wlan0: Add radio work 'scan'@0x55cb682790
05-15 17:00:06.825 D/wpa_supplicant(25276): wlan0: First radio work item in the queue - schedule start immediately
05-15 17:00:06.825 D/wpa_supplicant(25276): wlan0: Starting radio work 'scan'@0x55cb682790 after 0.000045 second wait
05-15 17:00:06.825 D/wpa_supplicant(25276): wlan0: nl80211: scan request
05-15 17:00:06.825 E/WifiHW  ( 1067): wifi_send_command enter;cmd:IFNAME=wlan0 SCAN TYPE=ONLY freq=2462;reply:OK
05-15 17:00:06.825 E/WifiHW  ( 1067): ;reply_len:3;
05-15 17:00:06.825 D/wpa_supplicant(25276): Scan requested (ret=0) - scan timeout 30 seconds
05-15 17:00:06.825 I/WifiHAL ( 1067): Poll result = 1
05-15 17:00:06.825 D/WifiNative-wlan0( 1067): SCAN TYPE=ONLY freq=2462: returned true
05-15 17:00:06.825 I/WifiHAL ( 1067): Found some events!!!
05-15 17:00:06.825 D/WifiHAL ( 1067): no_seq_check received
05-15 17:00:06.825 I/WifiHAL ( 1067): event received NL80211_CMD_TRIGGER_SCAN
05-15 17:00:06.825 I/WifiHAL ( 1067): event received NL80211_CMD_TRIGGER_SCAN, vendor_id = 0x0
05-15 17:00:06.825 I/WifiHAL ( 1067): event ignored!!
05-15 17:00:06.825 D/wpa_supplicant(25276): nl80211: Drv Event 33 (NL80211_CMD_TRIGGER_SCAN) received for wlan0
05-15 17:00:06.825 D/wpa_supplicant(25276): wlan0: nl80211: Scan trigger
05-15 17:00:06.825 D/wpa_supplicant(25276): wlan0: Event SCAN_STARTED (49) received
05-15 17:00:06.825 D/wpa_supplicant(25276): wlan0: Own scan request started a scan in 0.000132 seconds
05-15 17:00:06.835 D/wpa_supplicant(25276): CTRL_IFACE monitor sent successfully to /data/misc/wifi/sockets/wpa_ctrl_1067-65\x00
05-15 17:00:06.835 E/WifiHW  ( 1067): wifi_wait_on_socket enter;buf:IFNAME=wlan0 <3>CTRL-EVENT-SCAN-STARTED n;nread:40;
05-15 17:00:06.835 D/WifiMonitor( 1067): Event [IFNAME=wlan0 CTRL-EVENT-SCAN-STARTED ]
05-15 17:00:06.835 D/WifiMonitor( 1067): Dispatching event to interface: wlan0
05-15 17:00:06.835 E/WifiMonitor( 1067): WifiMonitor:wlan0 cnt=146868 dispatchEvent: CTRL-EVENT-SCAN-STARTED 
05-15 17:00:06.835 E/WifiMonitor( 1067): handleEvent 14  CTRL-EVENT-SCAN-STARTED 
05-15 17:00:06.835 E/WifiMonitor( 1067): handleEvent unknown: 14  CTRL-EVENT-SCAN-STARTED 
05-15 17:00:06.835 E/WifiStateMachine( 1067): [1,463,302,806,841 ms] noteScanstart no scan source uid -2
05-15 17:00:06.895 I/WifiHAL ( 1067): Poll result = 1
05-15 17:00:06.895 I/WifiHAL ( 1067): Found some events!!!
05-15 17:00:06.895 D/WifiHAL ( 1067): no_seq_check received
05-15 17:00:06.895 I/WifiHAL ( 1067): event received NL80211_CMD_NEW_SCAN_RESULTS
05-15 17:00:06.895 I/WifiHAL ( 1067): event received NL80211_CMD_NEW_SCAN_RESULTS, vendor_id = 0x0
05-15 17:00:06.895 I/WifiHAL ( 1067): event ignored!!
05-15 17:00:06.895 D/wpa_supplicant(25276): nl80211: Drv Event 34 (NL80211_CMD_NEW_SCAN_RESULTS) received for wlan0
05-15 17:00:06.895 D/wpa_supplicant(25276): wlan0: nl80211: New scan results available
05-15 17:00:06.895 D/wpa_supplicant(25276): nl80211: Scan included frequencies: 2462
05-15 17:00:06.895 D/wpa_supplicant(25276): wlan0: Event SCAN_RESULTS (3) received
05-15 17:00:06.895 D/wpa_supplicant(25276): wlan0: Scan completed in 0.069389 seconds
05-15 17:00:06.895 D/wpa_supplicant(25276): nl80211: Associated on 2462 MHz
05-15 17:00:06.895 D/wpa_supplicant(25276): nl80211: Associated with fc:d7:33:43:b5:46
05-15 17:00:06.895 D/wpa_supplicant(25276): nl80211: Received scan results (15 BSSes)
05-15 17:00:06.895 D/wpa_supplicant(25276): nl80211: Scan results indicate BSS status with fc:d7:33:43:b5:46 as associated
05-15 17:00:06.895 D/wpa_supplicant(25276): wlan0: BSS: Start scan result update 904
05-15 17:00:06.895 D/wpa_supplicant(25276): BSS: last_scan_res_used=15/32
05-15 17:00:06.895 D/wpa_supplicant(25276): wlan0: Scan-only results received
05-15 17:00:06.905 D/wpa_supplicant(25276): CTRL_IFACE monitor sent successfully to /data/misc/wifi/sockets/wpa_ctrl_1067-65\x00
05-15 17:00:06.905 D/wpa_supplicant(25276): wlan0: Radio work 'scan'@0x55cb682790 done in 0.071673 seconds
05-15 17:00:06.905 E/WifiHW  ( 1067): wifi_wait_on_socket enter;buf:IFNAME=wlan0 <3>CTRL-EVENT-SCAN-RESULTS n;nread:40;
05-15 17:00:06.905 D/WifiMonitor( 1067): Dispatching event to interface: wlan0
05-15 17:00:06.905 E/WifiMonitor( 1067): WifiMonitor:wlan0 cnt=146869 dispatchEvent: CTRL-EVENT-SCAN-RESULTS 
05-15 17:00:06.905 E/WifiMonitor( 1067): handleEvent 4  CTRL-EVENT-SCAN-RESULTS 
05-15 17:00:06.905 E/WifiStateMachine( 1067):  ConnectedState !SCAN_RESULTS_EVENT 0 0 found=22 known=1 got=22 bcn=0 con=0 last="TP-LINK_lzn"-WPA_PSK
05-15 17:00:06.905 E/WifiStateMachine( 1067):  L2ConnectedState !SCAN_RESULTS_EVENT 0 0 found=22 known=1 got=22 bcn=0 con=0 last="TP-LINK_lzn"-WPA_PSK
05-15 17:00:06.905 E/WifiStateMachine( 1067):  ConnectModeState !SCAN_RESULTS_EVENT 0 0 found=22 known=1 got=22 bcn=0 con=0 last="TP-LINK_lzn"-WPA_PSK
05-15 17:00:06.905 E/WifiStateMachine( 1067):  DriverStartedState !SCAN_RESULTS_EVENT 0 0 found=22 known=1 got=22 bcn=0 con=0 last="TP-LINK_lzn"-WPA_PSK
05-15 17:00:06.905 E/WifiStateMachine( 1067):  SupplicantStartedState !SCAN_RESULTS_EVENT 0 0 found=22 known=1 got=22 bcn=0 con=0 last="TP-LINK_lzn"-WPA_PSK
05-15 17:00:06.905 E/WifiStateMachine( 1067): [1,463,302,806,916 ms] noteScanEnd no scan source onTime=0
05-15 17:00:06.905 D/WifiNative-wlan0( 1067): doString: [BSS RANGE=0- MASK=0x21987]
05-15 17:00:06.905 D/wpa_supplicant(25276): wlan0: Control interface command 'BSS RANGE=0- MASK=0x21987'
05-15 17:00:06.905 E/wpa_supplicant(25276): bssid=fc:d7:33:43:b5:46;freq=2462;level=-54;flags=43;ssid=TP-LINK_lzn;
05-15 17:00:06.905 E/wpa_supplicant(25276): bssid=78:eb:14:29:10:46;freq=2412;level=-30;flags=11;ssid=FAST_kai;
05-15 17:00:06.905 E/wpa_supplicant(25276): bssid=f0:b4:29:5d:07:d1;freq=2457;level=-64;flags=11;ssid=kira_yagamilaidou;
05-15 17:00:06.905 E/wpa_supplicant(25276): bssid=f0:b4:29:0a:fc:fe;freq=2437;level=-82;flags=11;ssid=midea_FC_1571;
05-15 17:00:06.905 E/wpa_supplicant(25276): bssid=80:89:17:83:04:f0;freq=2462;level=-77;flags=11;ssid=king;
05-15 17:00:06.905 E/wpa_supplicant(25276): bssid=24:69:68:18:09:a2;freq=2412;level=-75;flags=11;ssid=ziroom-1701;
05-15 17:00:06.905 E/wpa_supplicant(25276): bssid=88:25:93:99:85:bf;freq=2437;level=-79;flags=11;ssid=TP-LINK1506;
05-15 17:00:06.905 E/wpa_supplicant(25276): bssid=5c:63:bf:56:b5:c0;freq=2437;level=-83;flags=11;ssid=TP-LINK_56B5C0;
05-15 17:00:06.905 E/wpa_supplicant(25276): bssid=78:d3:8d:ce:ac:38;freq=2442;level=-81;flags=11;ssid=2605;
05-15 17:00:06.905 E/wpa_supplicant(25276): bssid=a4:56:02:49:46:b5;freq=2412;level=-83;flags=11;ssid=2405;
05-15 17:00:06.905 E/wpa_supplicant(25276): bssid=14:75:90:e1:58:18;freq=2412;level=-85;flags=11;ssid=chengmingantong;
05-15 17:00:06.905 E/wpa_supplicant(25276): bssid=14:75:90:31:2e:40;freq=2437;level=-87;flags=11;ssid=ZERO;
05-15 17:00:06.905 E/wpa_supplicant(25276): bssid=30:fc:68:ea:ff:5d;freq=2462;level=-85;flags=11;ssid=TP-LINK_FF5D;
05-15 17:00:06.905 E/wpa_supplicant(25276): bssid=bc:14:ef:a1:60:96;freq=2462;level=-89;flags=11;ssid=123456;
05-15 17:00:06.905 E/wpa_supplicant(25276): bssid=d0:c7:c0:ff:dc:e0;freq=2437;level=-78;flags=11;ssid=106;
05-15 17:00:06.905 E/wpa_supplicant(25276): bssid=fc:d7:33:0a:37:40;freq=2437;level=-81;flags=11;ssid=qishao;
05-15 17:00:06.905 E/wpa_supplicant(25276): bssid=30:f3:35:88:a3:80;freq=2437;level=-83;flags=11;ssid=CU_3FnS;
05-15 17:00:06.905 E/wpa_supplicant(25276): bssid=44:94:fc:57:a0:93;freq=2467;level=-83;flags=11;ssid=702;
05-15 17:00:06.905 E/wpa_supplicant(25276): bssid=bc:46:99:31:9d:c8;freq=2462;level=-84;flags=11;ssid=LEO;
05-15 17:00:06.905 E/wpa_supplicant(25276): bssid=d4:ee:07:28:67:02;freq=2472;level=-92;flags=11;ssid=HiWiFi;
05-15 17:00:06.905 E/wpa_supplicant(25276): bssid=f2:b4:29:85:d8:86;freq=2437;level=-81;flags=11;ssid=;
05-15 17:00:06.915 E/WifiHW  ( 1067): wifi_send_command enter;cmd:IFNAME=wlan0 BSS RANGE=0- MASK=0x21987;
05-15 17:00:06.915 D/HwWifiStateMachine( 1067): setScanResults:id=1167
05-15 17:00:06.915 D/HwWifiStateMachine( 1067): bssid=fc:d7:33:43:b5:46
05-15 17:00:06.915 D/HwWifiStateMachine( 1067): freq=2462
05-15 17:00:06.915 D/HwWifiStateMachine( 1067): level=-54
05-15 17:00:06.915 D/HwWifiStateMachine( 1067): tsf=0001273976461831
05-15 17:00:06.915 D/HwWifiStateMachine( 1067): flags=[WPA-PSK-CCMP][WPA2-PSK-CCMP][ESS]
05-15 17:00:06.915 D/HwWifiStateMachine( 1067): ssid=TP-LINK_lzn
05-15 17:00:06.915 D/HwWifiStateMachine( 1067): ====
05-15 17:00:06.915 D/HwWifiStateMachine( 1067): id=1770
05-15 17:00:06.915 D/HwWifiStateMachine( 1067): bssid=78:eb:14:29:10:46
05-15 17:00:06.915 D/HwWifiStateMachine( 1067): freq=2412
05-15 17:00:06.915 D/HwWifiStateMachine( 1067): level=-30
05-15 17:00:06.915 D/HwWifiStateMachine( 1067): tsf=0001273976461813
05-15 17:00:06.915 D/HwWifiStateMachine( 1067): flags=[WPA-PSK-CCMP+TKIP][WPA2-PSK-CCMP+TKIP][WPS][ESS]
05-15 17:00:06.915 D/HwWifiStateMachine( 1067): ssid=FAST_kai
05-15 17:00:06.915 D/HwWifiStateMachine( 1067): ====
05-15 17:00:06.915 D/HwWifiStateMachine( 1067): id=1771
05-15 17:00:06.915 D/HwWifiStateMachine( 1067): bssid=f0:b4:29:5d:07:d1
05-15 17:00:06.915 D/HwWifiStateMachine( 1067): freq=2457
05-15 17:00:06.915 D/HwWifiStateMachine( 1067): level=-64
05-15 17:00:06.915 D/HwWifiStateMachine( 1067): tsf=0001273976461838
05-15 17:00:06.915 D/HwWifiStateMachine( 1067): flags=[WPA-PSK-CCMP+TKIP][WPA2-PSK-CCMP+TKIP][WPS][ESS]
05-15 17:00:06.915 D/HwWifiStateMachine( 1067): ssid=kira_yagamilaidou
05-15 17:00:06.915 D/HwWifiStateMachine( 1067): ====
05-15 17:00:06.915 D/HwWifiStateMachine( 1067): id=1772
05-15 17:00:06.915 D/HwWifiStateMachine( 1067): bssid=f0:b4:29:0a:fc:fe
05-15 17:00:06.915 D/HwWifiStateMachine( 1067): freq=2437
05-15 17:00:06.915 D/HwWifiStateMachine( 1067): level=-82
05-15 17:00:06.915 D/HwWifiStateMachine( 1067): tsf=0001273976461908
05-15 17:00:06.915 D/HwWifiStateMachine( 1067): flags=[WPA2-PSK-CCMP][ESS]
05-15 17:00:06.915 D/HwWifiStateMachine( 1067): ssid=midea_FC_1571
05-15 17:00:06.915 D/HwWifiStateMachine( 1067): ====
05-15 17:00:06.915 D/HwWifiStateMachine( 1067): id=1779
05-15 17:00:06.915 D/HwWifiStateMachine( 1067): bssid=80:89:17:83:04:f0
05-15 17:00:06.915 D/HwWifiStateMachine( 1067): freq=2462
05-15 17:00:06.915 D/HwWifiStateMachine( 1067): level=-77
05-15 17:00:06.915 D/HwWifiStateMachine( 1067): tsf=0001273976461863
05-15 17:00:06.915 D/HwWifiStateMachine( 1067): flags=[WPA-PSK-CCMP][WPA2-PSK-CCMP][ESS]
05-15 17:00:06.915 D/HwWifiStateMachine( 1067): ssid=king
05-15 17:00:06.915 D/HwWifiStateMachine( 1067): ====
05-15 17:00:06.915 D/HwWifiStateMachine( 1067): id=1784
05-15 17:00:06.915 D/HwWifiStateMachine( 1067): bssid=24:69:68:18:09:a2
05-15 17:00:06.915 D/HwWifiStateMachine( 1067): freq=2412
05-15 17:00:06.915 D/HwWifiStateMachine( 1067): level=-75
05-15 17:00:06.915 D/HwWifiStateMachine( 1067): tsf=0001273976461845
05-15 17:00:06.915 D/HwWifiStateMachine( 1067): flags=[WPA-PSK-CCMP][WPA2-PSK-CCMP][ESS]
05-15 17:00:06.915 D/HwWifiStateMachine( 1067): ssid=ziroom-1701
05-15 17:00:06.915 D/HwWifiStateMachine( 1067): ====
05-15 17:00:06.915 D/HwWifiStateMachine( 1067): id=1785
05-15 17:00:06.915 D/HwWifiStateMachine( 1067): bssid=88:25:93:99:85:bf
05-15 17:00:06.915 D/HwWifiStateMachine( 1067): freq=2437
05-15 17:00:06.915 D/HwWifiStateMachine( 1067): level=-79
05-15 17:00:06.915 D/HwWifiStateMachine( 1067): tsf=0001273976461850
05-15 17:00:06.915 D/HwWifiStateMachine( 1067): flags=[WPA-PSK-CCMP][WPA2-PSK-CCMP][ESS]
05-15 17:00:06.915 D/HwWifiStateMachine( 1067): ssid=TP-LINK1506
05-15 17:00:06.915 D/HwWifiStateMachine( 1067): ====
05-15 17:00:06.915 D/HwWifiStateMachine( 1067): id=1789
05-15 17:00:06.915 D/HwWifiStateMachine( 1067): bssid=5c:63:bf:56:b5:c0
05-15 17:00:06.915 D/HwWifiStateMachine( 1067): freq=2437
05-15 17:00:06.915 D/HwWifiStateMachine( 1067): level=-83
05-15 17:00:06.915 D/HwWifiStateMachine( 1067): tsf=0001273976461881
05-15 17:00:06.915 D/HwWifiStateMachine( 1067): flags=[WPA-PSK-CCMP][WPA2-PSK-CCMP][WPS][ESS]
05-15 17:00:06.915 D/HwWifiStateMachine( 1067): ssid=TP-LINK_56B5C0
05-15 17:00:06.915 D/HwWifiStateMachine( 1067): ====
05-15 17:00:06.915 D/HwWifiStateMachine( 1067): id=1791
05-15 17:00:06.915 D/HwWifiStateMachine( 1067): bssid=78:d3:8d:ce:ac:38
05-15 17:00:06.915 D/HwWifiStateMachine( 1067): freq=2442
05-15 17:00:06.915 D/HwWifiStateMachine( 1067): level=-81
05-15 17:00:06.915 D/HwWifiStateMachine( 1067): tsf=0001273816421926
05-15 17:00:06.915 D/HwWifiStateMachine( 1067): flags=[WPA2-PSK-CCMP][ESS]
05-15 17:00:06.915 D/HwWifiStateMachine( 1067): ssid=2605
05-15 17:00:06.915 D/HwWifiStateMachine( 1067): ====
05-15 17:00:06.915 D/HwWifiStateMachine( 1067): id=1792
05-15 17:00:06.915 D/HwWifiStateMachine( 1067): bssid=a4:56:02:49:46:b5
05-15 17:00:06.915 D/HwWifiStateMachine( 1067): freq=2412
05-15 17:00:06.915 D/HwWifiStateMachine( 1067): level=-83
05-15 17:00:06.915 D/HwWifiStateMachine( 1067): tsf=0001273816421920
05-15 17:00:06.915 D/HwWifiStateMachine( 1067): flags=[WPA-PSK-CCMP][WPA2-PSK-CCMP][ESS]
05-15 17:00:06.915 D/HwWifiStateMachine( 1067): ssid=2405
05-15 17:00:06.915 D/HwWifiStateMachine( 1067): ====
05-15 17:00:06.915 D/HwWifiStateMachine( 1067): id=1793
05-15 17:00:06.915 D/HwWifiStateMachine( 1067): bssid=14:75:90:e1:58:18
05-15 17:00:06.915 D/HwWifiStateMachine( 1067): freq=2412
05-15 17:00:06.915 D/HwWifiStateMachine( 1067): level=-85
05-15 17:00:06.915 D/HwWifiStateMachine( 1067): tsf=0001273816421915
05-15 17:00:06.915 D/HwWifiStateMachine( 1067): flags=[WPA-PSK-CCMP][WPA2-PSK-CCMP][ESS]
05-15 17:00:06.915 D/HwWifiStateMachine( 1067): ssid=chengmingantong
05-15 17:00:06.915 D/HwWifiStateMachine( 1067): ====
05-15 17:00:06.915 D/HwWifiStateMachine( 1067): id=1794
05-15 17:00:06.915 D/HwWifiStateMachine( 1067): bssid=14:75:90:31:2e:40
05-15 17:00:06.915 D/HwWifiStateMachine( 1067): freq=2437
05-15 17:00:06.915 D/HwWifiStateMachine( 1067): level=-87
05-15 17:00:06.915 D/HwWifiStateMachine( 1067): tsf=0001273816421941
05-15 17:00:06.915 D/HwWifiStateMachine( 1067): flags=[WPA-PSK-CCMP][WPA2-PSK-CCMP][ESS]
05-15 17:00:06.915 D/HwWifiStateMachine( 1067): ssid=ZERO
05-15 17:00:06.915 D/HwWifiStateMachine( 1067): ====
05-15 17:00:06.915 D/HwWifiStateMachine( 1067): id=1797
05-15 17:00:06.915 D/HwWifiStateMachine( 1067): bssid=30:fc:68:ea:ff:5d
05-15 17:00:06.915 D/HwWifiStateMachine( 1067): freq=2462
05-15 17:00:06.915 D/HwWifiStateMachine( 1067): level=-85
05-15 17:00:06.915 D/HwWifiStateMachine( 1067): tsf=0001273956462000
05-15 17:00:06.915 D/HwWifiStateMachine( 1067): flags=[WPA-PSK-CCMP][WPA2-PSK-CCMP][ESS]
05-15 17:00:06.915 D/HwWifiStateMachine( 1067): ssid=TP-LINK_FF5D
05-15 17:00:06.915 D/HwWifiStateMachine( 1067): ====
05-15 17:00:06.915 D/HwWifiStateMachine( 1067): id=1798
05-15 17:00:06.915 D/HwWifiStateMachine( 1067): bssid=bc:14:ef:a1:60:96
05-15 17:00:06.915 D/HwWifiStateMachine( 1067): freq=2462
05-15 17:00:06.915 D/HwWifiStateMachine( 1067): level=-89
05-15 17:00:06.915 D/HwWifiStateMachine( 1067): tsf=0001273956462034
05-15 17:00:06.915 D/HwWifiStateMachine( 1067): flags=[WPA2-PSK-CCMP][ESS]
05-15 17:00:06.915 D/HwWifiStateMachine( 1067): ssid=123456
05-15 17:00:06.915 D/HwWifiStateMachine( 1067): ====
05-15 17:00:06.915 D/HwWifiStateMachine( 1067): id=1799
05-15 17:00:06.915 D/HwWifiStateMachine( 1067): bssid=d0:c7:c0:ff:dc:e0
05-15 17:00:06.915 D/HwWifiStateMachine( 1067): freq=2437
05-15 17:00:06.915 D/HwWifiStateMachine( 1067): level=-78
05-15 17:00:06.915 D/HwWifiStateMachine( 1067): tsf=0001273976461857
05-15 17:00:06.915 D/HwWifiStateMachine( 1067): flags=[WPA-PSK-CCMP][WPA2-PSK-CCMP][ESS]
05-15 17:00:06.915 D/HwWifiStateMachine( 1067): ssid=106
05-15 17:00:06.915 D/HwWifiStateMachine( 1067): ====
05-15 17:00:06.915 D/HwWifiStateMachine( 1067): id=1800
05-15 17:00:06.915 D/HwWifiStateMachine( 1067): bssid=fc:d7:33:0a:37:40
05-15 17:00:06.915 D/HwWifiStateMachine( 1067): freq=2437
05-15 17:00:06.915 D/HwWifiStateMachine( 1067): level=-81
05-15 17:00:06.915 D/HwWifiStateMachine( 1067): tsf=0001273976461888
05-15 17:00:06.915 D/HwWifiStateMachine( 1067): flags=[WPA-PSK-CCMP][WPA2-PSK-CCMP][ESS]
05-15 17:00:06.915 D/HwWifiStateMachine( 1067): ssid=qishao
05-15 17:00:06.915 D/HwWifiStateMachine( 1067): ====
05-15 17:00:06.915 D/HwWifiStateMachine( 1067): id=1801
05-15 17:00:06.915 D/HwWifiStateMachine( 1067): bssid=30:f3:35:88:a3:80
05-15 17:00:06.915 D/HwWifiStateMachine( 1067): freq=2437
05-15 17:00:06.915 D/HwWifiStateMachine( 1067): level=-83
05-15 17:00:06.915 D/HwWifiStateMachine( 1067): tsf=0001273976461900
05-15 17:00:06.915 D/HwWifiStateMachine( 1067): flags=[WPA2-PSK-CCMP][ESS]
05-15 17:00:06.915 D/HwWifiStateMachine( 1067): ssid=CU_3FnS
05-15 17:00:06.915 D/HwWifiStateMachine( 1067): ====
05-15 17:00:06.915 D/HwWifiStateMachine( 1067): id=1802
05-15 17:00:06.915 D/HwWifiStateMachine( 1067): bssid=44:94:fc:57:a0:93
05-15 17:00:06.915 D/HwWifiStateMachine( 1067): freq=2467
05-15 17:00:06.915 D/HwWifiStateMachine( 1067): level=-83
05-15 17:00:06.915 D/HwWifiStateMachine( 1067): tsf=0001273976461875
05-15 17:00:06.915 D/HwWifiStateMachine( 1067): flags=[WPA2-PSK-CCMP][WPS][ESS]
05-15 17:00:06.915 D/HwWifiStateMachine( 1067): ssid=702
05-15 17:00:06.915 D/HwWifiStateMachine( 1067): ====
05-15 17:00:06.915 D/HwWifiStateMachine( 1067): id=1803
05-15 17:00:06.915 D/HwWifiStateMachine( 1067): bssid=bc:46:99:31:9d:c8
05-15 17:00:06.915 D/HwWifiStateMachine( 1067): freq=2462
05-15 17:00:06.915 D/HwWifiStateMachine( 1067): level=-84
05-15 17:00:06.915 D/HwWifiStateMachine( 1067): tsf=0001273976461893
05-15 17:00:06.915 D/HwWifiStateMachine( 1067): flags=[WPA-PSK-CCMP][WPA2-PSK-CCMP][ESS]
05-15 17:00:06.915 D/HwWifiStateMachine( 1067): ssid=LEO
05-15 17:00:06.915 D/HwWifiStateMachine( 1067): ====
05-15 17:00:06.915 D/HwWifiStateMachine( 1067): id=1804
05-15 17:00:06.915 D/HwWifiStateMachine( 1067): bssid=d4:ee:07:28:67:02
05-15 17:00:06.915 D/HwWifiStateMachine( 1067): freq=2472
05-15 17:00:06.915 D/HwWifiStateMachine( 1067): level=-92
05-15 17:00:06.915 D/HwWifiStateMachine( 1067): tsf=0001273976461915
05-15 17:00:06.915 D/HwWifiStateMachine( 1067): flags=[WPA-PSK-CCMP][WPA2-PSK-CCMP][ESS]
05-15 17:00:06.915 D/HwWifiStateMachine( 1067): ssid=HiWiFi
05-15 17:00:06.915 D/HwWifiStateMachine( 1067): ====
05-15 17:00:06.915 D/HwWifiStateMachine( 1067): id=1805
05-15 17:00:06.915 D/HwWifiStateMachine( 1067): bssid=f2:b4:29:85:d8:86
05-15 17:00:06.915 D/HwWifiStateMachine( 1067): freq=2437
05-15 17:00:06.915 D/HwWifiStateMachine( 1067): level=-81
05-15 17:00:06.915 D/HwWifiStateMachine( 1067): tsf=0001273976461869
05-15 17:00:06.915 D/HwWifiStateMachine( 1067): flags=[WPS][ESS]
05-15 17:00:06.915 D/HwWifiStateMachine( 1067): ssid=\xe7\x94\xa8\xe5\xbe\xae\xe4\xbf\xa1\xe8\xbf\x9e\xe8\x80\x81\xe5\xad\x90
05-15 17:00:06.915 D/HwWifiStateMachine( 1067): ####
05-15 17:00:06.925 E/WifiStateMachine( 1067): wifi setScanResults statecom.android.server.wifi.WifiStateMachine$ConnectedState@aa460c0 sup_state=COMPLETED debouncing=false mConnectionRequests=0 selection="TP-LINK_lzn"-WPA_PSK
05-15 17:00:06.925 E/WifiAutoJoinController ( 1067): TP-LINK_lzn fc:d7:33:43:b5:46 rssi=-54 cap [WPA-PSK-CCMP][WPA2-PSK-CCMP][ESS] is not scored
05-15 17:00:06.925 E/WifiAutoJoinController ( 1067): FAST_kai 78:eb:14:29:10:46 rssi=-30 cap [WPA-PSK-CCMP+TKIP][WPA2-PSK-CCMP+TKIP][WPS][ESS] is not scored
05-15 17:00:06.925 E/WifiAutoJoinController ( 1067): kira_yagamilaidou f0:b4:29:5d:07:d1 rssi=-64 cap [WPA-PSK-CCMP+TKIP][WPA2-PSK-CCMP+TKIP][WPS][ESS] is not scored
05-15 17:00:06.925 E/WifiAutoJoinController ( 1067): midea_FC_1571 f0:b4:29:0a:fc:fe rssi=-82 cap [WPA2-PSK-CCMP][ESS] is not scored
05-15 17:00:06.925 E/WifiAutoJoinController ( 1067): king 80:89:17:83:04:f0 rssi=-77 cap [WPA-PSK-CCMP][WPA2-PSK-CCMP][ESS] is not scored
05-15 17:00:06.925 E/WifiAutoJoinController ( 1067): ziroom-1701 24:69:68:18:09:a2 rssi=-75 cap [WPA-PSK-CCMP][WPA2-PSK-CCMP][ESS] is not scored
05-15 17:00:06.925 E/WifiAutoJoinController ( 1067): TP-LINK1506 88:25:93:99:85:bf rssi=-79 cap [WPA-PSK-CCMP][WPA2-PSK-CCMP][ESS] is not scored
05-15 17:00:06.925 E/WifiAutoJoinController ( 1067): TP-LINK_56B5C0 5c:63:bf:56:b5:c0 rssi=-83 cap [WPA-PSK-CCMP][WPA2-PSK-CCMP][WPS][ESS] is not scored
05-15 17:00:06.925 E/WifiAutoJoinController ( 1067): 2605 78:d3:8d:ce:ac:38 rssi=-81 cap [WPA2-PSK-CCMP][ESS] is not scored
05-15 17:00:06.925 E/WifiAutoJoinController ( 1067): 2405 a4:56:02:49:46:b5 rssi=-83 cap [WPA-PSK-CCMP][WPA2-PSK-CCMP][ESS] is not scored
05-15 17:00:06.925 E/WifiAutoJoinController ( 1067): chengmingantong 14:75:90:e1:58:18 rssi=-85 cap [WPA-PSK-CCMP][WPA2-PSK-CCMP][ESS] is not scored
05-15 17:00:06.925 E/WifiAutoJoinController ( 1067): ZERO 14:75:90:31:2e:40 rssi=-87 cap [WPA-PSK-CCMP][WPA2-PSK-CCMP][ESS] is not scored
05-15 17:00:06.925 E/WifiAutoJoinController ( 1067): TP-LINK_FF5D 30:fc:68:ea:ff:5d rssi=-85 cap [WPA-PSK-CCMP][WPA2-PSK-CCMP][ESS] is not scored
05-15 17:00:06.925 E/WifiAutoJoinController ( 1067): 123456 bc:14:ef:a1:60:96 rssi=-89 cap [WPA2-PSK-CCMP][ESS] is not scored
05-15 17:00:06.925 E/WifiAutoJoinController ( 1067): 106 d0:c7:c0:ff:dc:e0 rssi=-78 cap [WPA-PSK-CCMP][WPA2-PSK-CCMP][ESS] is not scored
05-15 17:00:06.925 E/WifiAutoJoinController ( 1067): qishao fc:d7:33:0a:37:40 rssi=-81 cap [WPA-PSK-CCMP][WPA2-PSK-CCMP][ESS] is not scored
05-15 17:00:06.925 E/WifiAutoJoinController ( 1067): CU_3FnS 30:f3:35:88:a3:80 rssi=-83 cap [WPA2-PSK-CCMP][ESS] is not scored
05-15 17:00:06.925 E/WifiAutoJoinController ( 1067): 702 44:94:fc:57:a0:93 rssi=-83 cap [WPA2-PSK-CCMP][WPS][ESS] is not scored
05-15 17:00:06.925 E/WifiAutoJoinController ( 1067): LEO bc:46:99:31:9d:c8 rssi=-84 cap [WPA-PSK-CCMP][WPA2-PSK-CCMP][ESS] is not scored
05-15 17:00:06.925 E/WifiAutoJoinController ( 1067): HiWiFi d4:ee:07:28:67:02 rssi=-92 cap [WPA-PSK-CCMP][WPA2-PSK-CCMP][ESS] is not scored
05-15 17:00:06.925 E/WifiAutoJoinController ( 1067):  f2:b4:29:85:d8:86 rssi=-81 cap [WPS][ESS] is not scored
05-15 17:00:06.925 E/WifiAutoJoinController ( 1067): ageScanResultsOut delay 40000 size 22 now 1463302806939
05-15 17:00:06.925 E/WifiAutoJoinController ( 1067): newSupplicantResults size=22 known=1 true
05-15 17:00:06.925 D/WifiNative-wlan0( 1067): doString: [STATUS-NO_EVENTS]
05-15 17:00:06.925 D/wpa_supplicant(25276): wlan0: Control interface command 'STATUS-NO_EVENTS'
05-15 17:00:06.935 E/WifiHW  ( 1067): wifi_send_command enter;cmd:IFNAME=wlan0 STATUS-NO_EVENTS;reply:bssid=fc:d7:33:43:b5:46
05-15 17:00:06.935 E/WifiHW  ( 1067): freq=2462
05-15 17:00:06.935 E/WifiHW  ( 1067): ssid=TP-LINK_lzn
05-15 17:00:06.935 E/WifiHW  ( 1067): id=5
05-15 17:00:06.935 E/WifiHW  ( 1067): mode=station
05-15 17:00:06.935 E/WifiHW  ( 1067): pairwise_cipher=CCMP
05-15 17:00:06.935 E/WifiHW  ( 1067): group_cipher=CCMP
05-15 17:00:06.935 E/WifiHW  ( 1067): key_mgmt=WPA2-PSK
05-15 17:00:06.935 E/WifiHW  ( 1067): wpa_state=COMPLETED
05-15 17:00:06.935 E/WifiHW  ( 1067): ip_address=192.168.1.106
05-15 17:00:06.935 E/WifiHW  ( 1067): p2p_device_address=1e:67:58:67:a1:03
05-15 17:00:06.935 E/WifiHW  ( 1067): address=1c:67:58:67:a1:03
05-15 17:00:06.935 E/WifiHW  ( 1067): uuid=c7125ab0-216e-50e8-b800-7845786e043e
05-15 17:00:06.935 E/WifiHW  ( 1067): U;reply_len:276;
05-15 17:00:06.935 D/WifiNative-wlan0( 1067): log has macaddr, hide it
05-15 17:00:06.935 E/WifiAutoJoinController ( 1067): attemptAutoJoin() status=bssid=fc:d7:33:43:b5:46
05-15 17:00:06.935 E/WifiAutoJoinController ( 1067): freq=2462
05-15 17:00:06.935 E/WifiAutoJoinController ( 1067): ssid=TP-LINK_lzn
05-15 17:00:06.935 E/WifiAutoJoinController ( 1067): id=5
05-15 17:00:06.935 E/WifiAutoJoinController ( 1067): mode=station
05-15 17:00:06.935 E/WifiAutoJoinController ( 1067): pairwise_cipher=CCMP
05-15 17:00:06.935 E/WifiAutoJoinController ( 1067): group_cipher=CCMP
05-15 17:00:06.935 E/WifiAutoJoinController ( 1067): key_mgmt=WPA2-PSK
05-15 17:00:06.935 E/WifiAutoJoinController ( 1067): wpa_state=COMPLETED
05-15 17:00:06.935 E/WifiAutoJoinController ( 1067): ip_address=192.168.1.106
05-15 17:00:06.935 E/WifiAutoJoinController ( 1067): p2p_device_address=1e:67:58:67:a1:03
05-15 17:00:06.935 E/WifiAutoJoinController ( 1067): address=1c:67:58:67:a1:03
05-15 17:00:06.935 E/WifiAutoJoinController ( 1067): uuid=c7125ab0-216e-50e8-b800-7845786e043e split=13
05-15 17:00:06.935 E/WifiAutoJoinController ( 1067): attemptAutoJoin() num recent config 1 current="TP-LINK_lzn"-WPA_PSK last="TP-LINK_lzn"-WPA_PSK ---> suppNetId=5
05-15 17:00:06.935 E/WifiAutoJoinController ( 1067): attemptAutoJoin good candidate seen, bumped hard -> status=0 "TP-LINK_lzn"-WPA_PSK rssi=(-54,-127) num=(1,0)
05-15 17:00:06.935 E/WifiAutoJoinController ( 1067): attemptAutoJoin skip current candidate  5 key "TP-LINK_lzn"-WPA_PSK
05-15 17:00:06.935 E/WifiAutoJoinController ( 1067): attemptRoam: "TP-LINK_lzn"-WPA_PSK Found fc:d7:33:43:b5:46 rssi=-54 freq=2462 Current: fc:d7:33:43:b5:46
05-15 17:00:06.935 E/WifiAutoJoinController ( 1067): Done attemptAutoJoin status=0
05-15 17:00:07.075 D/StatusBar.MSimNetworkController( 1681): refreshdata connected={ wifi } level=0 mMSimcombinedSignalIconId=0x7f0203c5/com.android.systemui:drawable/stat_sys_wifi_signal_4_fully mMSimcombinedActivityIconId=0x0 mAirplaneMode=false mMSimDataActivity=0 mMSimPhoneSignalIconId=0x7f02037b mMSimDataDirectionIconId=0x0 mMSimDataSignalIconId=0x7f02037b mMSimDataTypeIconId=0x0 mNoSimIconVisible true mWifiIconId=0x7f0203c5 mBluetoothTetherIconId=0x1080694
05-15 17:00:07.075 D/StatusBar.MSimNetworkController( 1681): refreshdata connected={ wifi } level=0 mMSimcombinedSignalIconId=0x7f0203c5/com.android.systemui:drawable/stat_sys_wifi_signal_4_fully mMSimcombinedActivityIconId=0x0 mAirplaneMode=false mMSimDataActivity=0 mMSimPhoneSignalIconId=0x7f02037b mMSimDataDirectionIconId=0x0 mMSimDataSignalIconId=0x7f02037b mMSimDataTypeIconId=0x0 mNoSimIconVisible true mWifiIconId=0x7f0203c5 mBluetoothTetherIconId=0x1080694
05-15 17:00:07.075 D/StatusBar.MSimNetworkController( 1681): Frequently refreshed,will be inglored! subscription: 0
05-15 17:00:07.075 D/StatusBar.MSimNetworkController( 1681): Send a message to refresh views 1s later!
05-15 17:00:07.095 D/StatusBar.MSimNetworkController( 1681): The latest refersh is 1028 ms ago!
05-15 17:00:07.095 D/StatusBar.MSimNetworkController( 1681): refreshviews update icon subscription===0 mMSimPhoneSignalIconId[subscription]===2130838395 mMSimPhoneSignalTypeIconId[subscription]===0 mMSimMobileActivityIconId[subscription]===0 mMSimDataTypeIconId[subscription]===0
05-15 17:00:07.095 D/HwCustMSimSignalClusterViewImpl( 1681): applyVSim, sub = -1
05-15 17:00:07.095 D/HwCustMSimSignalClusterViewImpl( 1681): applyVSim, sub = 0
05-15 17:00:07.105 D/HwCustMSimSignalClusterViewImpl( 1681): applyVSim, sub = 0
05-15 17:00:07.105 D/HwCustMSimSignalClusterViewImpl( 1681): applyVSim, sub = -1
05-15 17:00:07.105 D/HwCustMSimSignalClusterViewImpl( 1681): applyVSim, sub = -1
05-15 17:00:07.115 D/HwCustMSimSignalClusterViewImpl( 1681): applyVSim, sub = 0
05-15 17:00:07.115 D/HwCustMSimSignalClusterViewImpl( 1681): applyVSim, sub = 0
05-15 17:00:07.115 D/HwCustMSimSignalClusterViewImpl( 1681): applyVSim, sub = -1
05-15 17:00:07.115 D/StatusBar.MSimNetworkController( 1681): changing data overlay icon id to 0
05-15 17:00:07.145 I/SurfaceFlinger(  336): FPS: 1
05-15 17:00:07.475 D/ArpVerifier( 1067): performPollAndLog:
05-15 17:00:08.075 D/StatusBar.MSimNetworkController( 1681): The latest refersh is 1977 ms ago!
05-15 17:00:08.075 D/StatusBar.MSimNetworkController( 1681): refreshviews update icon subscription===0 mMSimPhoneSignalIconId[subscription]===2130838395 mMSimPhoneSignalTypeIconId[subscription]===0 mMSimMobileActivityIconId[subscription]===0 mMSimDataTypeIconId[subscription]===0
05-15 17:00:08.075 D/StatusBar.MSimNetworkController( 1681): changing data overlay icon id to 0
05-15 17:00:09.625 E/WifiStateMachine( 1067):  ConnectedState !CMD_RSSI_POLL 286 0 "TP-LINK_lzn" fc:d7:33:43:b5:46 rssi=-54 f=2462 sc=60 link=72 tx=0.3, 0.0, 0.0  rx=1.5 bcn=0 [on:0 tx:0 rx:0 period:2793] from screen [on:0 period:-1281038301] gl hn u24 rssi=-49 ag=0 hr ticks 0,0,0 ls-=0 [56,56,56,56,61] brc=0 lrc=0
05-15 17:00:09.625 E/WifiStateMachine( 1067):  L2ConnectedState !CMD_RSSI_POLL 286 0 "TP-LINK_lzn" fc:d7:33:43:b5:46 rssi=-54 f=2462 sc=60 link=72 tx=0.3, 0.0, 0.0  rx=1.5 bcn=0 [on:0 tx:0 rx:0 period:1] from screen [on:0 period:-1281038300] gl hn u24 rssi=-49 ag=0 hr ticks 0,0,0 ls-=0 [56,56,56,56,61] brc=0 lrc=0
05-15 17:00:09.625 D/WifiNative-wlan0( 1067): doString: [SIGNAL_POLL]
05-15 17:00:09.625 D/wpa_supplicant(25276): wlan0: Control interface command 'SIGNAL_POLL'
05-15 17:00:09.645 E/wpa_supplicant(25276): RSSI=-52;LINKSPEED=72;NOISE=9999;FREQUENCY=2462;
05-15 17:00:09.645 E/WifiHW  ( 1067): wifi_send_command enter;cmd:IFNAME=wlan0 SIGNAL_POLL;
05-15 17:00:09.645 D/WifiCHRStateManager( 1067): updateChannel:2462
05-15 17:00:09.645 E/WifiStateMachine( 1067): fetchRssiLinkSpeedAndFrequencyNative rssi=-52 linkspeed=72 SSID="TP-LINK_lzn"
05-15 17:00:09.645 E/WifiStateMachine( 1067): calculateWifiScore freq=2462 speed=72 score=60 highRSSI  -> txbadrate=0.00 txgoodrate=0.13 txretriesrate=0.00 rxrate=0.75 userTriggerdPenalty0
05-15 17:00:09.645 E/WifiStateMachine( 1067):  good link -> stuck count =0
05-15 17:00:09.645 E/WifiStateMachine( 1067):  badRSSI count0 lowRSSI count0 --> score 56
05-15 17:00:09.645 E/WifiStateMachine( 1067):  isHighRSSI       ---> score=61
05-15 17:00:10.785 V/AudioManager( 1067): isMusicActive...
05-15 17:00:10.785 V/AudioManager( 1067): isWiredHeadsetOn...
05-15 17:00:11.385 V/UsbDeviceManager( 1067): power_state is false usb_state is false
05-15 17:00:11.405 D/KeyguardUpdateMonitor( 2036): received broadcast android.intent.action.BATTERY_CHANGED
05-15 17:00:11.405 D/KeyguardUpdateMonitor( 2036): handleBatteryUpdate
05-15 17:00:11.405 D/WifiController( 1067): handleMessage: E msg.what=155652
05-15 17:00:11.405 D/HwLocationPowerTracker( 1067): ACTION_BATTERY_CHANGED pluggedType: 2
05-15 17:00:11.405 D/WifiController( 1067): processMsg: DeviceActiveState
05-15 17:00:11.405 D/WifiController( 1067): DeviceActiveState{ when=0 what=155652 arg1=2 target=com.android.internal.util.StateMachine$SmHandler }
05-15 17:00:11.405 D/WifiController( 1067): processMsg: StaEnabledState
05-15 17:00:11.405 D/WifiController( 1067): processMsg: DefaultState
05-15 17:00:11.405 D/WifiController( 1067): DefaultState{ when=0 what=155652 arg1=2 target=com.android.internal.util.StateMachine$SmHandler }
05-15 17:00:11.405 D/WifiController( 1067): handleMessage: X
05-15 17:00:11.405 D/HwPowerMonitor.Utils( 2106): ScrOff setChargingState mIsCharging = true
05-15 17:00:11.405 I/HwPowerMonitor.PowerExceptionObservable( 2106): unhandled onEvent actionID: 3002
05-15 17:00:11.405 D/PowerManagerService( 1067): updateIsPoweredLocked: wasPowered=true, mIsPowered=true, oldPlugType=2, mPlugType=2, mBatteryLevel=43
05-15 17:00:11.405 V/UsbDeviceManager( 1067): mBatteryChangedReceiver plugType is 2
05-15 17:00:11.405 D/WifiService( 1067): onReceive, action:android.intent.action.BATTERY_CHANGED
05-15 17:00:11.405 D/WifiService( 1067): ACTION_BATTERY_CHANGED pluggedType: 2
05-15 17:00:11.405 D/WifiController( 1067): battery changed pluggedType: 2
05-15 17:00:11.415 I/HwSystemManager( 1780): BgPowerManagerService:BgPowerManagerSerivce plugged =2 currentThreshold = 8 mRawLevel = 43mLastRawLevel43
05-15 17:00:11.415 I/HwSystemManager( 1780): BgPowerManagerService: mTimes = 249309 firstTime = 1273731666 firstmBatteryCapacity =1268
05-15 17:00:11.415 D/NotificationService( 1067): cancelNotificationWithTag pid 1681,uid = 10023,tag = low_battery,pkg =com.android.systemui
05-15 17:00:11.455 I/SurfaceFlinger(  336): FPS: 1
05-15 17:00:12.175 E/LocSvc_libulp( 1067): I/===> int ulp_msg_process_system_update(UlpSystemEvent) line 1455 
05-15 17:00:12.175 E/LocSvc_libulp( 1067): I/int ulp_msg_process_system_update(UlpSystemEvent): systemEvent:5 
05-15 17:00:12.175 E/LocSvc_libulp( 1067): I/===> int ulp_brain_process_system_update(UlpSystemEvent) line 2352 
05-15 17:00:12.175 E/LocSvc_libulp( 1067): I/===> int ulp_brain_select_providers() line 333 
05-15 17:00:12.175 E/LocSvc_libulp( 1067): I/===> int ulp_brain_turn_onoff_quipc_provider() line 700 
05-15 17:00:12.175 E/LocSvc_libulp( 1067): I/===> int ulp_quipc_stop_engine() line 235 
05-15 17:00:12.175 E/LocSvc_libulp( 1067): I/===> bool ulp_quipc_engine_running() line 60 
05-15 17:00:12.175 E/LocSvc_libulp( 1067): I/===> int ulp_brain_turn_onoff_gnss_provider() line 595 
05-15 17:00:12.175 E/LocSvc_libulp( 1067): I/===> int ulp_gnss_stop_engine() line 262 
05-15 17:00:12.175 E/LocSvc_libulp( 1067): I/===> bool ulp_quipc_engine_running() line 60 
05-15 17:00:12.175 E/LocSvc_libulp( 1067): I/===> int ulp_brain_turn_onoff_gnp_provider() line 496 
05-15 17:00:12.175 E/LocSvc_libulp( 1067): I/===> bool ulp_gnp_engine_running() line 59 
05-15 17:00:12.175 E/LocSvc_libulp( 1067): I/===> int ulp_gnp_stop_engine() line 195 
05-15 17:00:12.175 E/LocSvc_libulp( 1067): I/===> bool ulp_gnp_engine_running() line 59 
05-15 17:00:12.175 E/LocSvc_libulp( 1067): I/===> bool ulp_gnp_engine_running() line 59 
05-15 17:00:12.175 E/LocSvc_libulp( 1067): I/===> int ulp_brain_turn_onoff_zpp_provider() line 437 
05-15 17:00:12.175 E/LocSvc_libulp( 1067): I/===> int ulp_zpp_start_engine() line 98 
05-15 17:00:12.175 E/LocSvc_libulp( 1067): I/===> bool ulp_zpp_engine_running() line 62 
05-15 17:00:12.175 E/LocSvc_libulp( 1067): I/===> int ulp_msg_process_start_req() line 447 
05-15 17:00:12.175 E/LocSvc_libulp( 1067): I/int ulp_msg_process_start_req(), at ulp state = 1
05-15 17:00:12.175 E/LocSvc_api_v02( 1067): I/---> locClientSendReq line 2340 QMI_LOC_GET_BEST_AVAILABLE_POSITION_REQ_V02
05-15 17:00:12.175 E/LocSvc_ApiV02( 1067): I/<--- void globalRespCb(locClientHandleType, uint32_t, locClientRespIndUnionType, void*) line 106 QMI_LOC_GET_BEST_AVAILABLE_POSITION_REQ_V02
05-15 17:00:12.175 E/LocSvc_libulp( 1067): I/===> int ulp_brain_process_zpp_position_report(loc_sess_status, LocPosTechMask, const UlpLocation*) line 1463 
05-15 17:00:12.175 E/LocSvc_libulp( 1067): I/===> int ulp_msg_send_generic_position_report(loc_sess_status, LocPosTechMask, const UlpLocation*, const GpsLocationExtended*, const void*) line 1011 
05-15 17:00:12.175 D/Ulp_jni ( 1067): Location CB invoked
05-15 17:00:12.175 E/LocSvc_libulp( 1067): I/int ulp_brain_process_zpp_position_report(loc_sess_status, LocPosTechMask, const UlpLocation*), report ZPP position to providers,report_position = 1
05-15 17:00:12.175 E/LocSvc_libulp( 1067): I/===> int ulp_brain_select_providers() line 333 
05-15 17:00:12.175 E/LocSvc_libulp( 1067): I/===> int ulp_brain_turn_onoff_quipc_provider() line 700 
05-15 17:00:12.175 E/LocSvc_libulp( 1067): I/===> int ulp_quipc_stop_engine() line 235 
05-15 17:00:12.175 E/LocSvc_libulp( 1067): I/===> bool ulp_quipc_engine_running() line 60 
05-15 17:00:12.175 E/LocSvc_libulp( 1067): I/===> int ulp_brain_turn_onoff_gnss_provider() line 595 
05-15 17:00:12.175 E/LocSvc_libulp( 1067): I/===> int ulp_gnss_stop_engine() line 262 
05-15 17:00:12.175 E/LocSvc_libulp( 1067): I/===> bool ulp_quipc_engine_running() line 60 
05-15 17:00:12.175 E/LocSvc_libulp( 1067): I/===> int ulp_brain_turn_onoff_gnp_provider() line 496 
05-15 17:00:12.175 E/LocSvc_libulp( 1067): I/===> bool ulp_gnp_engine_running() line 59 
05-15 17:00:12.175 E/LocSvc_libulp( 1067): I/===> int ulp_gnp_stop_engine() line 195 
05-15 17:00:12.175 E/LocSvc_libulp( 1067): I/===> bool ulp_gnp_engine_running() line 59 
05-15 17:00:12.175 E/LocSvc_libulp( 1067): I/===> bool ulp_gnp_engine_running() line 59 
05-15 17:00:12.175 E/LocSvc_libulp( 1067): I/===> int ulp_brain_turn_onoff_zpp_provider() line 437 
05-15 17:00:12.175 E/LocSvc_libulp( 1067): I/===> int ulp_zpp_stop_engine() line 174 
05-15 17:00:12.175 E/LocSvc_libulp( 1067): I/===> bool ulp_zpp_engine_running() line 62 
05-15 17:00:12.175 D/LocationManagerService( 1067): incoming location: Location[fused 40******,116****** acc=5464 et=+14d17h53m1s738ms alt=58.0 vel=0.0 bear=81.0 {Bundle[{}]}]
05-15 17:00:12.175 D/LocationManagerService( 1067): incoming location: Location[fused 40******,116****** acc=5464 et=+14d17h53m1s738ms alt=58.0 vel=0.0 bear=81.0 {Bundle[{}]}]
05-15 17:00:12.175 D/PowerManagerService( 1067): acquireWakeLockInternal: lock=435595903, flags=0x1, packageName=android, ws=WorkSource{1000 android}, uid=1000, pid=1067
05-15 17:00:12.175 D/PowerManagerService( 1067): updateWakeLockSummaryLocked: mWakefulness=Awake, mWakeLockSummary=0x1
05-15 17:00:12.175 D/PowerManagerService( 1067): updateUserActivitySummaryLocked: mWakefulness=Awake, mUserActivitySummary=0x1, nextTimeout=518360379 (in 1580520 ms)
05-15 17:00:12.175 D/PowerManagerService( 1067): updateDisplayPowerStateLocked: mDisplayReady=true, policy=3, mWakefulness=1, mWakeLockSummary=0x1, mUserActivitySummary=0x1, mBootCompleted=true, mScreenBrightnessBoostInProgress=false, useProximitySensor=false, mRequestWaitForNegativeProximity=false, mBrightnessWaitModeEnabled=false
05-15 17:00:12.175 D/PowerManagerService( 1067): Acquiring suspend blocker "PowerManagerService.WakeLocks".
05-15 17:00:12.185 D/PowerManagerService( 1067): acquireWakeLockInternal: lock=322140748, flags=0x1, packageName=android, ws=WorkSource{10015 com.baidu.map.location}, uid=1000, pid=1067
05-15 17:00:12.185 D/PowerManagerService( 1067): updateWakeLockSummaryLocked: mWakefulness=Awake, mWakeLockSummary=0x1
05-15 17:00:12.185 D/PowerManagerService( 1067): updateUserActivitySummaryLocked: mWakefulness=Awake, mUserActivitySummary=0x1, nextTimeout=518360379 (in 1580519 ms)
05-15 17:00:12.185 D/PowerManagerService( 1067): updateDisplayPowerStateLocked: mDisplayReady=true, policy=3, mWakefulness=1, mWakeLockSummary=0x1, mUserActivitySummary=0x1, mBootCompleted=true, mScreenBrightnessBoostInProgress=false, useProximitySensor=false, mRequestWaitForNegativeProximity=false, mBrightnessWaitModeEnabled=false
05-15 17:00:12.185 D/PowerManagerService( 1067): acquireWakeLockInternal: lock=664991658, flags=0x1, packageName=android, ws=WorkSource{1000 android}, uid=1000, pid=1067
05-15 17:00:12.185 D/PowerManagerService( 1067): updateWakeLockSummaryLocked: mWakefulness=Awake, mWakeLockSummary=0x1
05-15 17:00:12.185 D/PowerManagerService( 1067): updateUserActivitySummaryLocked: mWakefulness=Awake, mUserActivitySummary=0x1, nextTimeout=518360379 (in 1580518 ms)
05-15 17:00:12.185 D/PowerManagerService( 1067): updateDisplayPowerStateLocked: mDisplayReady=true, policy=3, mWakefulness=1, mWakeLockSummary=0x1, mUserActivitySummary=0x1, mBootCompleted=true, mScreenBrightnessBoostInProgress=false, useProximitySensor=false, mRequestWaitForNegativeProximity=false, mBrightnessWaitModeEnabled=false
05-15 17:00:12.185 D/PowerManagerService( 1067): acquireWakeLockInternal: lock=1062563739, flags=0x1, packageName=android, ws=WorkSource{1000 com.qualcomm.location}, uid=1000, pid=1067
05-15 17:00:12.185 D/PowerManagerService( 1067): updateWakeLockSummaryLocked: mWakefulness=Awake, mWakeLockSummary=0x1
05-15 17:00:12.185 D/PowerManagerService( 1067): updateUserActivitySummaryLocked: mWakefulness=Awake, mUserActivitySummary=0x1, nextTimeout=518360379 (in 1580517 ms)
05-15 17:00:12.185 D/PowerManagerService( 1067): updateDisplayPowerStateLocked: mDisplayReady=true, policy=3, mWakefulness=1, mWakeLockSummary=0x1, mUserActivitySummary=0x1, mBootCompleted=true, mScreenBrightnessBoostInProgress=false, useProximitySensor=false, mRequestWaitForNegativeProximity=false, mBrightnessWaitModeEnabled=false
05-15 17:00:12.185 D/PowerManagerService( 1067): releaseWakeLockInternal: lock=1062563739, flags=0x0, packageName=android", ws=WorkSource{1000 com.qualcomm.location}, uid=1000, pid=1067
05-15 17:00:12.185 D/PowerManagerService( 1067): updateWakeLockSummaryLocked: mWakefulness=Awake, mWakeLockSummary=0x1
05-15 17:00:12.185 D/PowerManagerService( 1067): updateUserActivitySummaryLocked: mWakefulness=Awake, mUserActivitySummary=0x1, nextTimeout=518360379 (in 1580517 ms)
05-15 17:00:12.185 D/PowerManagerService( 1067): updateDisplayPowerStateLocked: mDisplayReady=true, policy=3, mWakefulness=1, mWakeLockSummary=0x1, mUserActivitySummary=0x1, mBootCompleted=true, mScreenBrightnessBoostInProgress=false, useProximitySensor=false, mRequestWaitForNegativeProximity=false, mBrightnessWaitModeEnabled=false
05-15 17:00:12.185 D/PowerManagerService( 1067): releaseWakeLockInternal: lock=435595903, flags=0x0, packageName=android", ws=WorkSource{1000 android}, uid=1000, pid=1067
