05-15 16:57:52.195 D/PowerManagerService( 1067): Releasing suspend blocker "PowerManagerService.WakeLocks".
05-15 16:57:57.955 V/AlarmManager( 1067): Alarm triggering (type 0 or 2): [Alarm{6f7c93f type 2 when 1273847514 android}]
05-15 16:57:57.955 V/AlarmManager( 1067): sending alarm Alarm{6f7c93f type 2 when 1273847514 android},repeatInterval = 0,action=com.android.server.task.controllers.BatteryController.ACTION_CHARGING_STABLE
05-15 16:57:57.955 D/PowerManagerService( 1067): acquireWakeLockInternal: lock=34812552, flags=0x1, packageName=android, ws=WorkSource{1000}, uid=1000, pid=1067
05-15 16:57:57.955 D/PowerManagerService( 1067): updateWakeLockSummaryLocked: mWakefulness=Awake, mWakeLockSummary=0x1
05-15 16:57:57.955 D/PowerManagerService( 1067): updateUserActivitySummaryLocked: mWakefulness=Awake, mUserActivitySummary=0x1, nextTimeout=518360379 (in 1714747 ms)
05-15 16:57:57.955 D/PowerManagerService( 1067): updateDisplayPowerStateLocked: mDisplayReady=true, policy=3, mWakefulness=1, mWakeLockSummary=0x1, mUserActivitySummary=0x1, mBootCompleted=true, mScreenBrightnessBoostInProgress=false, useProximitySensor=false, mRequestWaitForNegativeProximity=false, mBrightnessWaitModeEnabled=false
05-15 16:57:57.955 D/PowerManagerService( 1067): Acquiring suspend blocker "PowerManagerService.WakeLocks".
05-15 16:57:57.955 V/AlarmManager( 1067): sending alarm Alarm{1c8c120c type 1 when 1463302595018 com.ss.android.article.news},repeatInterval = 210000,action=agoo_action_heart
05-15 16:57:57.955 D/PowerManagerService( 1067): updateWakeLockWorkSourceInternal: lock=34812552 [*alarm*], ws=WorkSource{10082}
05-15 16:57:57.955 D/PowerManagerNotifier( 1067): onWakeLockChanging: flags=1, tag="*alarm*", packageName=android, ownerUid=1000, ownerPid=1067, workSource=WorkSource{10082}
05-15 16:57:57.965 D/PowerManagerService( 1067): releaseWakeLockInternal: lock=34812552, flags=0x0, packageName=android", ws=WorkSource{10082}, uid=1000, pid=1067
05-15 16:57:57.965 D/PowerManagerService( 1067): updateWakeLockSummaryLocked: mWakefulness=Awake, mWakeLockSummary=0x0
05-15 16:57:57.965 D/PowerManagerService( 1067): updateUserActivitySummaryLocked: mWakefulness=Awake, mUserActivitySummary=0x1, nextTimeout=518360379 (in 1714735 ms)
05-15 16:57:57.965 D/PowerManagerService( 1067): updateDisplayPowerStateLocked: mDisplayReady=true, policy=3, mWakefulness=1, mWakeLockSummary=0x0, mUserActivitySummary=0x1, mBootCompleted=true, mScreenBrightnessBoostInProgress=false, useProximitySensor=false, mRequestWaitForNegativeProximity=false, mBrightnessWaitModeEnabled=false
05-15 16:57:57.965 D/PowerManagerService( 1067): Releasing suspend blocker "PowerManagerService.WakeLocks".
05-15 16:57:58.825 D/StatusBar.MSimNetworkController( 1681): Send a message to refresh views 1s later!
05-15 16:57:58.825 D/StatusBar.MSimNetworkController( 1681): Send a message to refresh views 1s later!
05-15 16:57:59.825 D/StatusBar.MSimNetworkController( 1681): The latest refersh is 11997 ms ago!
05-15 16:57:59.825 D/StatusBar.MSimNetworkController( 1681): refreshviews update icon subscription===0 mMSimPhoneSignalIconId[subscription]===2130838395 mMSimPhoneSignalTypeIconId[subscription]===0 mMSimMobileActivityIconId[subscription]===0 mMSimDataTypeIconId[subscription]===0
05-15 16:57:59.825 D/HwCustMSimSignalClusterViewImpl( 1681): applyVSim, sub = -1
05-15 16:57:59.825 D/HwCustMSimSignalClusterViewImpl( 1681): applyVSim, sub = 0
05-15 16:57:59.835 D/HwCustMSimSignalClusterViewImpl( 1681): applyVSim, sub = 0
05-15 16:57:59.835 D/HwCustMSimSignalClusterViewImpl( 1681): applyVSim, sub = -1
05-15 16:57:59.835 D/HwCustMSimSignalClusterViewImpl( 1681): applyVSim, sub = -1
05-15 16:57:59.835 D/HwCustMSimSignalClusterViewImpl( 1681): applyVSim, sub = 0
05-15 16:57:59.845 D/HwCustMSimSignalClusterViewImpl( 1681): applyVSim, sub = 0
05-15 16:57:59.845 D/HwCustMSimSignalClusterViewImpl( 1681): applyVSim, sub = -1
05-15 16:57:59.845 D/StatusBar.MSimNetworkController( 1681): changing data overlay icon id to 2130838458
05-15 16:57:59.845 D/StatusBar.MSimNetworkController( 1681): Send a message to refresh views 1s later!
05-15 16:57:59.855 D/StatusBar.MSimNetworkController( 1681): Frequently refreshed,will be inglored! subscription: 0
05-15 16:57:59.855 D/StatusBar.MSimNetworkController( 1681): The latest refersh is 13025 ms ago!
05-15 16:57:59.855 D/StatusBar.MSimNetworkController( 1681): refreshviews update icon subscription===0 mMSimPhoneSignalIconId[subscription]===2130838395 mMSimPhoneSignalTypeIconId[subscription]===0 mMSimMobileActivityIconId[subscription]===0 mMSimDataTypeIconId[subscription]===0
05-15 16:57:59.995 V/AlarmManager( 1067): sending alarm Alarm{166b8755 type 3 when 1273849553 android},repeatInterval = 0,action=android.intent.action.TIME_TICK
05-15 16:57:59.995 V/AlarmManager( 1067): Received TIME_TICK alarm; rescheduling
05-15 16:57:59.995 D/PowerManagerService( 1067): acquireWakeLockInternal: lock=34812552, flags=0x40000001, packageName=android, ws=WorkSource{1000}, uid=1000, pid=1067
05-15 16:57:59.995 D/PowerManagerService( 1067): updateWakeLockSummaryLocked: mWakefulness=Awake, mWakeLockSummary=0x1
05-15 16:57:59.995 D/PowerManagerService( 1067): updateUserActivitySummaryLocked: mWakefulness=Awake, mUserActivitySummary=0x1, nextTimeout=518360379 (in 1712707 ms)
05-15 16:57:59.995 D/PowerManagerService( 1067): updateDisplayPowerStateLocked: mDisplayReady=true, policy=3, mWakefulness=1, mWakeLockSummary=0x1, mUserActivitySummary=0x1, mBootCompleted=true, mScreenBrightnessBoostInProgress=false, useProximitySensor=false, mRequestWaitForNegativeProximity=false, mBrightnessWaitModeEnabled=false
05-15 16:57:59.995 D/PowerManagerService( 1067): Acquiring suspend blocker "PowerManagerService.WakeLocks".
05-15 16:58:00.045 D/PowerManagerService( 1067): releaseWakeLockInternal: lock=34812552, flags=0x0, packageName=android", ws=WorkSource{1000}, uid=1000, pid=1067
05-15 16:58:00.045 D/PowerManagerService( 1067): updateWakeLockSummaryLocked: mWakefulness=Awake, mWakeLockSummary=0x0
05-15 16:58:00.045 D/PowerManagerService( 1067): updateUserActivitySummaryLocked: mWakefulness=Awake, mUserActivitySummary=0x1, nextTimeout=518360379 (in 1712657 ms)
05-15 16:58:00.045 D/PowerManagerService( 1067): updateDisplayPowerStateLocked: mDisplayReady=true, policy=3, mWakefulness=1, mWakeLockSummary=0x0, mUserActivitySummary=0x1, mBootCompleted=true, mScreenBrightnessBoostInProgress=false, useProximitySensor=false, mRequestWaitForNegativeProximity=false, mBrightnessWaitModeEnabled=false
05-15 16:58:00.045 D/PowerManagerService( 1067): Releasing suspend blocker "PowerManagerService.WakeLocks".
05-15 16:58:00.855 D/StatusBar.MSimNetworkController( 1681): The latest refersh is 1026 ms ago!
05-15 16:58:00.855 D/StatusBar.MSimNetworkController( 1681): refreshviews update icon subscription===0 mMSimPhoneSignalIconId[subscription]===2130838395 mMSimPhoneSignalTypeIconId[subscription]===0 mMSimMobileActivityIconId[subscription]===0 mMSimDataTypeIconId[subscription]===0
05-15 16:58:00.855 D/HwCustMSimSignalClusterViewImpl( 1681): applyVSim, sub = -1
05-15 16:58:00.855 D/HwCustMSimSignalClusterViewImpl( 1681): applyVSim, sub = 0
05-15 16:58:00.855 D/HwCustMSimSignalClusterViewImpl( 1681): applyVSim, sub = 0
05-15 16:58:00.855 D/HwCustMSimSignalClusterViewImpl( 1681): applyVSim, sub = -1
05-15 16:58:00.855 D/HwCustMSimSignalClusterViewImpl( 1681): applyVSim, sub = -1
05-15 16:58:00.855 D/HwCustMSimSignalClusterViewImpl( 1681): applyVSim, sub = 0
05-15 16:58:00.855 D/HwCustMSimSignalClusterViewImpl( 1681): applyVSim, sub = 0
05-15 16:58:00.865 D/HwCustMSimSignalClusterViewImpl( 1681): applyVSim, sub = -1
05-15 16:58:00.865 D/StatusBar.MSimNetworkController( 1681): changing data overlay icon id to 0
05-15 16:58:01.705 W/ActivityManager( 1067): getRunningAppProcesses: caller 10111 does not hold REAL_GET_TASKS; limiting output
05-15 16:58:01.705 W/ActivityManager( 1067): getRunningAppProcesses: caller 10111 does not hold REAL_GET_TASKS; limiting output
05-15 16:58:02.185 D/PowerManagerService( 1067): acquireWakeLockInternal: lock=435595903, flags=0x1, packageName=android, ws=WorkSource{1000 android}, uid=1000, pid=1067
05-15 16:58:02.185 D/PowerManagerService( 1067): updateWakeLockSummaryLocked: mWakefulness=Awake, mWakeLockSummary=0x1
05-15 16:58:02.185 D/PowerManagerService( 1067): updateUserActivitySummaryLocked: mWakefulness=Awake, mUserActivitySummary=0x1, nextTimeout=518360379 (in 1710518 ms)
05-15 16:58:02.185 D/PowerManagerService( 1067): updateDisplayPowerStateLocked: mDisplayReady=true, policy=3, mWakefulness=1, mWakeLockSummary=0x1, mUserActivitySummary=0x1, mBootCompleted=true, mScreenBrightnessBoostInProgress=false, useProximitySensor=false, mRequestWaitForNegativeProximity=false, mBrightnessWaitModeEnabled=false
05-15 16:58:02.185 D/PowerManagerService( 1067): Acquiring suspend blocker "PowerManagerService.WakeLocks".
05-15 16:58:02.185 D/PowerManagerService( 1067): acquireWakeLockInternal: lock=322140748, flags=0x1, packageName=android, ws=WorkSource{10015 com.baidu.map.location}, uid=1000, pid=1067
05-15 16:58:02.185 D/PowerManagerService( 1067): updateWakeLockSummaryLocked: mWakefulness=Awake, mWakeLockSummary=0x1
05-15 16:58:02.185 D/PowerManagerService( 1067): updateUserActivitySummaryLocked: mWakefulness=Awake, mUserActivitySummary=0x1, nextTimeout=518360379 (in 1710517 ms)
05-15 16:58:02.185 D/PowerManagerService( 1067): updateDisplayPowerStateLocked: mDisplayReady=true, policy=3, mWakefulness=1, mWakeLockSummary=0x1, mUserActivitySummary=0x1, mBootCompleted=true, mScreenBrightnessBoostInProgress=false, useProximitySensor=false, mRequestWaitForNegativeProximity=false, mBrightnessWaitModeEnabled=false
05-15 16:58:02.185 D/PowerManagerService( 1067): acquireWakeLockInternal: lock=664991658, flags=0x1, packageName=android, ws=WorkSource{1000 android}, uid=1000, pid=1067
05-15 16:58:02.185 D/PowerManagerService( 1067): updateWakeLockSummaryLocked: mWakefulness=Awake, mWakeLockSummary=0x1
05-15 16:58:02.185 D/PowerManagerService( 1067): updateUserActivitySummaryLocked: mWakefulness=Awake, mUserActivitySummary=0x1, nextTimeout=518360379 (in 1710516 ms)
05-15 16:58:02.185 D/PowerManagerService( 1067): updateDisplayPowerStateLocked: mDisplayReady=true, policy=3, mWakefulness=1, mWakeLockSummary=0x1, mUserActivitySummary=0x1, mBootCompleted=true, mScreenBrightnessBoostInProgress=false, useProximitySensor=false, mRequestWaitForNegativeProximity=false, mBrightnessWaitModeEnabled=false
05-15 16:58:02.185 D/PowerManagerService( 1067): acquireWakeLockInternal: lock=1062563739, flags=0x1, packageName=android, ws=WorkSource{1000 com.qualcomm.location}, uid=1000, pid=1067
05-15 16:58:02.185 D/PowerManagerService( 1067): updateWakeLockSummaryLocked: mWakefulness=Awake, mWakeLockSummary=0x1
05-15 16:58:02.185 D/PowerManagerService( 1067): updateUserActivitySummaryLocked: mWakefulness=Awake, mUserActivitySummary=0x1, nextTimeout=518360379 (in 1710516 ms)
05-15 16:58:02.185 D/PowerManagerService( 1067): updateDisplayPowerStateLocked: mDisplayReady=true, policy=3, mWakefulness=1, mWakeLockSummary=0x1, mUserActivitySummary=0x1, mBootCompleted=true, mScreenBrightnessBoostInProgress=false, useProximitySensor=false, mRequestWaitForNegativeProximity=false, mBrightnessWaitModeEnabled=false
05-15 16:58:02.185 D/PowerManagerService( 1067): releaseWakeLockInternal: lock=322140748, flags=0x0, packageName=android", ws=WorkSource{10015 com.baidu.map.location}, uid=1000, pid=1067
05-15 16:58:02.185 D/PowerManagerService( 1067): updateWakeLockSummaryLocked: mWakefulness=Awake, mWakeLockSummary=0x1
05-15 16:58:02.185 D/PowerManagerService( 1067): updateUserActivitySummaryLocked: mWakefulness=Awake, mUserActivitySummary=0x1, nextTimeout=518360379 (in 1710515 ms)
05-15 16:58:02.185 D/PowerManagerService( 1067): updateDisplayPowerStateLocked: mDisplayReady=true, policy=3, mWakefulness=1, mWakeLockSummary=0x1, mUserActivitySummary=0x1, mBootCompleted=true, mScreenBrightnessBoostInProgress=false, useProximitySensor=false, mRequestWaitForNegativeProximity=false, mBrightnessWaitModeEnabled=false
05-15 16:58:02.185 D/PowerManagerService( 1067): releaseWakeLockInternal: lock=1062563739, flags=0x0, packageName=android", ws=WorkSource{1000 com.qualcomm.location}, uid=1000, pid=1067
05-15 16:58:02.185 D/PowerManagerService( 1067): updateWakeLockSummaryLocked: mWakefulness=Awake, mWakeLockSummary=0x1
05-15 16:58:02.185 D/PowerManagerService( 1067): updateUserActivitySummaryLocked: mWakefulness=Awake, mUserActivitySummary=0x1, nextTimeout=518360379 (in 1710514 ms)
05-15 16:58:02.185 D/PowerManagerService( 1067): updateDisplayPowerStateLocked: mDisplayReady=true, policy=3, mWakefulness=1, mWakeLockSummary=0x1, mUserActivitySummary=0x1, mBootCompleted=true, mScreenBrightnessBoostInProgress=false, useProximitySensor=false, mRequestWaitForNegativeProximity=false, mBrightnessWaitModeEnabled=false
05-15 16:58:02.185 D/PowerManagerService( 1067): releaseWakeLockInternal: lock=435595903, flags=0x0, packageName=android", ws=WorkSource{1000 android}, uid=1000, pid=1067
05-15 16:58:02.185 D/PowerManagerService( 1067): updateWakeLockSummaryLocked: mWakefulness=Awake, mWakeLockSummary=0x1
05-15 16:58:02.185 D/PowerManagerService( 1067): updateUserActivitySummaryLocked: mWakefulness=Awake, mUserActivitySummary=0x1, nextTimeout=518360379 (in 1710513 ms)
05-15 16:58:02.185 D/PowerManagerService( 1067): updateDisplayPowerStateLocked: mDisplayReady=true, policy=3, mWakefulness=1, mWakeLockSummary=0x1, mUserActivitySummary=0x1, mBootCompleted=true, mScreenBrightnessBoostInProgress=false, useProximitySensor=false, mRequestWaitForNegativeProximity=false, mBrightnessWaitModeEnabled=false
05-15 16:58:02.185 D/PowerManagerService( 1067): releaseWakeLockInternal: lock=664991658, flags=0x0, packageName=android", ws=WorkSource{1000 android}, uid=1000, pid=1067
05-15 16:58:02.185 D/PowerManagerService( 1067): updateWakeLockSummaryLocked: mWakefulness=Awake, mWakeLockSummary=0x0
05-15 16:58:02.185 D/PowerManagerService( 1067): updateUserActivitySummaryLocked: mWakefulness=Awake, mUserActivitySummary=0x1, nextTimeout=518360379 (in 1710513 ms)
05-15 16:58:02.185 D/PowerManagerService( 1067): updateDisplayPowerStateLocked: mDisplayReady=true, policy=3, mWakefulness=1, mWakeLockSummary=0x0, mUserActivitySummary=0x1, mBootCompleted=true, mScreenBrightnessBoostInProgress=false, useProximitySensor=false, mRequestWaitForNegativeProximity=false, mBrightnessWaitModeEnabled=false
05-15 16:58:02.185 D/PowerManagerService( 1067): Releasing suspend blocker "PowerManagerService.WakeLocks".
05-15 16:58:05.835 D/StatusBar.MSimNetworkController( 1681): Send a message to refresh views 1s later!
05-15 16:58:05.835 D/StatusBar.MSimNetworkController( 1681): Send a message to refresh views 1s later!
05-15 16:58:06.835 D/StatusBar.MSimNetworkController( 1681): The latest refersh is 5985 ms ago!
05-15 16:58:06.835 D/StatusBar.MSimNetworkController( 1681): refreshviews update icon subscription===0 mMSimPhoneSignalIconId[subscription]===2130838395 mMSimPhoneSignalTypeIconId[subscription]===0 mMSimMobileActivityIconId[subscription]===0 mMSimDataTypeIconId[subscription]===0
05-15 16:58:06.835 D/HwCustMSimSignalClusterViewImpl( 1681): applyVSim, sub = -1
05-15 16:58:06.845 D/HwCustMSimSignalClusterViewImpl( 1681): applyVSim, sub = 0
05-15 16:58:06.845 D/HwCustMSimSignalClusterViewImpl( 1681): applyVSim, sub = 0
05-15 16:58:06.845 D/HwCustMSimSignalClusterViewImpl( 1681): applyVSim, sub = -1
05-15 16:58:06.855 D/HwCustMSimSignalClusterViewImpl( 1681): applyVSim, sub = -1
05-15 16:58:06.855 D/HwCustMSimSignalClusterViewImpl( 1681): applyVSim, sub = 0
05-15 16:58:06.855 D/HwCustMSimSignalClusterViewImpl( 1681): applyVSim, sub = 0
05-15 16:58:06.865 D/HwCustMSimSignalClusterViewImpl( 1681): applyVSim, sub = -1
05-15 16:58:06.865 D/StatusBar.MSimNetworkController( 1681): changing data overlay icon id to 2130838457
05-15 16:58:06.865 D/StatusBar.MSimNetworkController( 1681): The latest refersh is 7009 ms ago!
05-15 16:58:06.865 D/StatusBar.MSimNetworkController( 1681): refreshviews update icon subscription===0 mMSimPhoneSignalIconId[subscription]===2130838395 mMSimPhoneSignalTypeIconId[subscription]===0 mMSimMobileActivityIconId[subscription]===0 mMSimDataTypeIconId[subscription]===0
05-15 16:58:06.865 D/StatusBar.MSimNetworkController( 1681): changing data overlay icon id to 2130838457
05-15 16:58:06.865 D/StatusBar.MSimNetworkController( 1681): Send a message to refresh views 1s later!
05-15 16:58:06.875 D/StatusBar.MSimNetworkController( 1681): Send a message to refresh views 1s later!
05-15 16:58:07.865 D/StatusBar.MSimNetworkController( 1681): The latest refersh is 1032 ms ago!
05-15 16:58:07.865 D/StatusBar.MSimNetworkController( 1681): refreshviews update icon subscription===0 mMSimPhoneSignalIconId[subscription]===2130838395 mMSimPhoneSignalTypeIconId[subscription]===0 mMSimMobileActivityIconId[subscription]===0 mMSimDataTypeIconId[subscription]===0
05-15 16:58:07.875 D/HwCustMSimSignalClusterViewImpl( 1681): applyVSim, sub = -1
05-15 16:58:07.875 D/HwCustMSimSignalClusterViewImpl( 1681): applyVSim, sub = 0
05-15 16:58:07.875 D/HwCustMSimSignalClusterViewImpl( 1681): applyVSim, sub = 0
05-15 16:58:07.875 D/HwCustMSimSignalClusterViewImpl( 1681): applyVSim, sub = -1
05-15 16:58:07.875 D/HwCustMSimSignalClusterViewImpl( 1681): applyVSim, sub = -1
05-15 16:58:07.875 D/HwCustMSimSignalClusterViewImpl( 1681): applyVSim, sub = 0
05-15 16:58:07.875 D/HwCustMSimSignalClusterViewImpl( 1681): applyVSim, sub = 0
05-15 16:58:07.875 D/HwCustMSimSignalClusterViewImpl( 1681): applyVSim, sub = -1
05-15 16:58:07.875 D/StatusBar.MSimNetworkController( 1681): changing data overlay icon id to 0
05-15 16:58:07.885 D/StatusBar.MSimNetworkController( 1681): The latest refersh is 1028 ms ago!
05-15 16:58:07.885 D/StatusBar.MSimNetworkController( 1681): refreshviews update icon subscription===0 mMSimPhoneSignalIconId[subscription]===2130838395 mMSimPhoneSignalTypeIconId[subscription]===0 mMSimMobileActivityIconId[subscription]===0 mMSimDataTypeIconId[subscription]===0
05-15 16:58:07.885 D/StatusBar.MSimNetworkController( 1681): changing data overlay icon id to 0
05-15 16:58:08.185 V/UsbDeviceManager( 1067): power_state is false usb_state is false
05-15 16:58:08.195 D/PowerManagerService( 1067): updateIsPoweredLocked: wasPowered=true, mIsPowered=true, oldPlugType=2, mPlugType=2, mBatteryLevel=43
05-15 16:58:08.195 V/UsbDeviceManager( 1067): mBatteryChangedReceiver plugType is 2
05-15 16:58:08.195 D/WifiService( 1067): onReceive, action:android.intent.action.BATTERY_CHANGED
05-15 16:58:08.195 D/WifiService( 1067): ACTION_BATTERY_CHANGED pluggedType: 2
05-15 16:58:08.195 D/WifiController( 1067): battery changed pluggedType: 2
05-15 16:58:08.215 D/NotificationService( 1067): cancelNotificationWithTag pid 1681,uid = 10023,tag = low_battery,pkg =com.android.systemui
05-15 16:58:12.175 D/PowerManagerService( 1067): acquireWakeLockInternal: lock=435595903, flags=0x1, packageName=android, ws=WorkSource{1000 android}, uid=1000, pid=1067
05-15 16:58:12.175 D/PowerManagerService( 1067): updateWakeLockSummaryLocked: mWakefulness=Awake, mWakeLockSummary=0x1
05-15 16:58:12.175 D/PowerManagerService( 1067): updateUserActivitySummaryLocked: mWakefulness=Awake, mUserActivitySummary=0x1, nextTimeout=518360379 (in 1700521 ms)
05-15 16:58:12.175 D/PowerManagerService( 1067): updateDisplayPowerStateLocked: mDisplayReady=true, policy=3, mWakefulness=1, mWakeLockSummary=0x1, mUserActivitySummary=0x1, mBootCompleted=true, mScreenBrightnessBoostInProgress=false, useProximitySensor=false, mRequestWaitForNegativeProximity=false, mBrightnessWaitModeEnabled=false
05-15 16:58:12.175 D/PowerManagerService( 1067): Acquiring suspend blocker "PowerManagerService.WakeLocks".
05-15 16:58:12.175 D/PowerManagerService( 1067): acquireWakeLockInternal: lock=322140748, flags=0x1, packageName=android, ws=WorkSource{10015 com.baidu.map.location}, uid=1000, pid=1067
05-15 16:58:12.175 D/PowerManagerService( 1067): updateWakeLockSummaryLocked: mWakefulness=Awake, mWakeLockSummary=0x1
05-15 16:58:12.175 D/PowerManagerService( 1067): updateUserActivitySummaryLocked: mWakefulness=Awake, mUserActivitySummary=0x1, nextTimeout=518360379 (in 1700520 ms)
05-15 16:58:12.175 D/PowerManagerService( 1067): updateDisplayPowerStateLocked: mDisplayReady=true, policy=3, mWakefulness=1, mWakeLockSummary=0x1, mUserActivitySummary=0x1, mBootCompleted=true, mScreenBrightnessBoostInProgress=false, useProximitySensor=false, mRequestWaitForNegativeProximity=false, mBrightnessWaitModeEnabled=false
05-15 16:58:12.185 D/PowerManagerService( 1067): acquireWakeLockInternal: lock=664991658, flags=0x1, packageName=android, ws=WorkSource{1000 android}, uid=1000, pid=1067
05-15 16:58:12.185 D/PowerManagerService( 1067): updateWakeLockSummaryLocked: mWakefulness=Awake, mWakeLockSummary=0x1
05-15 16:58:12.185 D/PowerManagerService( 1067): updateUserActivitySummaryLocked: mWakefulness=Awake, mUserActivitySummary=0x1, nextTimeout=518360379 (in 1700517 ms)
05-15 16:58:12.185 D/PowerManagerService( 1067): updateDisplayPowerStateLocked: mDisplayReady=true, policy=3, mWakefulness=1, mWakeLockSummary=0x1, mUserActivitySummary=0x1, mBootCompleted=true, mScreenBrightnessBoostInProgress=false, useProximitySensor=false, mRequestWaitForNegativeProximity=false, mBrightnessWaitModeEnabled=false
05-15 16:58:12.185 D/PowerManagerService( 1067): acquireWakeLockInternal: lock=1062563739, flags=0x1, packageName=android, ws=WorkSource{1000 com.qualcomm.location}, uid=1000, pid=1067
05-15 16:58:12.185 D/PowerManagerService( 1067): updateWakeLockSummaryLocked: mWakefulness=Awake, mWakeLockSummary=0x1
05-15 16:58:12.185 D/PowerManagerService( 1067): updateUserActivitySummaryLocked: mWakefulness=Awake, mUserActivitySummary=0x1, nextTimeout=518360379 (in 1700517 ms)
05-15 16:58:12.185 D/PowerManagerService( 1067): updateDisplayPowerStateLocked: mDisplayReady=true, policy=3, mWakefulness=1, mWakeLockSummary=0x1, mUserActivitySummary=0x1, mBootCompleted=true, mScreenBrightnessBoostInProgress=false, useProximitySensor=false, mRequestWaitForNegativeProximity=false, mBrightnessWaitModeEnabled=false
05-15 16:58:12.185 D/PowerManagerService( 1067): releaseWakeLockInternal: lock=322140748, flags=0x0, packageName=android", ws=WorkSource{10015 com.baidu.map.location}, uid=1000, pid=1067
05-15 16:58:12.185 D/PowerManagerService( 1067): updateWakeLockSummaryLocked: mWakefulness=Awake, mWakeLockSummary=0x1
05-15 16:58:12.185 D/PowerManagerService( 1067): updateUserActivitySummaryLocked: mWakefulness=Awake, mUserActivitySummary=0x1, nextTimeout=518360379 (in 1700516 ms)
05-15 16:58:12.185 D/PowerManagerService( 1067): updateDisplayPowerStateLocked: mDisplayReady=true, policy=3, mWakefulness=1, mWakeLockSummary=0x1, mUserActivitySummary=0x1, mBootCompleted=true, mScreenBrightnessBoostInProgress=false, useProximitySensor=false, mRequestWaitForNegativeProximity=false, mBrightnessWaitModeEnabled=false
05-15 16:58:12.185 D/PowerManagerService( 1067): releaseWakeLockInternal: lock=1062563739, flags=0x0, packageName=android", ws=WorkSource{1000 com.qualcomm.location}, uid=1000, pid=1067
05-15 16:58:12.185 D/PowerManagerService( 1067): updateWakeLockSummaryLocked: mWakefulness=Awake, mWakeLockSummary=0x1
05-15 16:58:12.185 D/PowerManagerService( 1067): updateUserActivitySummaryLocked: mWakefulness=Awake, mUserActivitySummary=0x1, nextTimeout=518360379 (in 1700515 ms)
05-15 16:58:12.185 D/PowerManagerService( 1067): updateDisplayPowerStateLocked: mDisplayReady=true, policy=3, mWakefulness=1, mWakeLockSummary=0x1, mUserActivitySummary=0x1, mBootCompleted=true, mScreenBrightnessBoostInProgress=false, useProximitySensor=false, mRequestWaitForNegativeProximity=false, mBrightnessWaitModeEnabled=false
05-15 16:58:12.185 D/PowerManagerService( 1067): releaseWakeLockInternal: lock=435595903, flags=0x0, packageName=android", ws=WorkSource{1000 android}, uid=1000, pid=1067
05-15 16:58:12.185 D/PowerManagerService( 1067): updateWakeLockSummaryLocked: mWakefulness=Awake, mWakeLockSummary=0x1
05-15 16:58:12.185 D/PowerManagerService( 1067): updateUserActivitySummaryLocked: mWakefulness=Awake, mUserActivitySummary=0x1, nextTimeout=518360379 (in 1700515 ms)
05-15 16:58:12.185 D/PowerManagerService( 1067): updateDisplayPowerStateLocked: mDisplayReady=true, policy=3, mWakefulness=1, mWakeLockSummary=0x1, mUserActivitySummary=0x1, mBootCompleted=true, mScreenBrightnessBoostInProgress=false, useProximitySensor=false, mRequestWaitForNegativeProximity=false, mBrightnessWaitModeEnabled=false
05-15 16:58:12.185 D/PowerManagerService( 1067): releaseWakeLockInternal: lock=664991658, flags=0x0, packageName=android", ws=WorkSource{1000 android}, uid=1000, pid=1067
05-15 16:58:12.185 D/PowerManagerService( 1067): updateWakeLockSummaryLocked: mWakefulness=Awake, mWakeLockSummary=0x0
05-15 16:58:12.185 D/PowerManagerService( 1067): updateUserActivitySummaryLocked: mWakefulness=Awake, mUserActivitySummary=0x1, nextTimeout=518360379 (in 1700514 ms)
05-15 16:58:12.185 D/PowerManagerService( 1067): updateDisplayPowerStateLocked: mDisplayReady=true, policy=3, mWakefulness=1, mWakeLockSummary=0x0, mUserActivitySummary=0x1, mBootCompleted=true, mScreenBrightnessBoostInProgress=false, useProximitySensor=false, mRequestWaitForNegativeProximity=false, mBrightnessWaitModeEnabled=false
05-15 16:58:12.185 D/PowerManagerService( 1067): Releasing suspend blocker "PowerManagerService.WakeLocks".
05-15 16:58:19.925 W/ActivityManager( 1067): getRunningAppProcesses: caller 10242 does not hold REAL_GET_TASKS; limiting output
05-15 16:58:22.175 D/PowerManagerService( 1067): acquireWakeLockInternal: lock=435595903, flags=0x1, packageName=android, ws=WorkSource{1000 android}, uid=1000, pid=1067
05-15 16:58:22.175 D/PowerManagerService( 1067): updateWakeLockSummaryLocked: mWakefulness=Awake, mWakeLockSummary=0x1
05-15 16:58:22.175 D/PowerManagerService( 1067): updateUserActivitySummaryLocked: mWakefulness=Awake, mUserActivitySummary=0x1, nextTimeout=518360379 (in 1690520 ms)
05-15 16:58:22.175 D/PowerManagerService( 1067): updateDisplayPowerStateLocked: mDisplayReady=true, policy=3, mWakefulness=1, mWakeLockSummary=0x1, mUserActivitySummary=0x1, mBootCompleted=true, mScreenBrightnessBoostInProgress=false, useProximitySensor=false, mRequestWaitForNegativeProximity=false, mBrightnessWaitModeEnabled=false
05-15 16:58:22.175 D/PowerManagerService( 1067): Acquiring suspend blocker "PowerManagerService.WakeLocks".
05-15 16:58:22.185 D/PowerManagerService( 1067): acquireWakeLockInternal: lock=322140748, flags=0x1, packageName=android, ws=WorkSource{10015 com.baidu.map.location}, uid=1000, pid=1067
05-15 16:58:22.185 D/PowerManagerService( 1067): updateWakeLockSummaryLocked: mWakefulness=Awake, mWakeLockSummary=0x1
05-15 16:58:22.185 D/PowerManagerService( 1067): updateUserActivitySummaryLocked: mWakefulness=Awake, mUserActivitySummary=0x1, nextTimeout=518360379 (in 1690519 ms)
05-15 16:58:22.185 D/PowerManagerService( 1067): updateDisplayPowerStateLocked: mDisplayReady=true, policy=3, mWakefulness=1, mWakeLockSummary=0x1, mUserActivitySummary=0x1, mBootCompleted=true, mScreenBrightnessBoostInProgress=false, useProximitySensor=false, mRequestWaitForNegativeProximity=false, mBrightnessWaitModeEnabled=false
05-15 16:58:22.185 D/PowerManagerService( 1067): acquireWakeLockInternal: lock=664991658, flags=0x1, packageName=android, ws=WorkSource{1000 android}, uid=1000, pid=1067
05-15 16:58:22.185 D/PowerManagerService( 1067): updateWakeLockSummaryLocked: mWakefulness=Awake, mWakeLockSummary=0x1
05-15 16:58:22.185 D/PowerManagerService( 1067): updateUserActivitySummaryLocked: mWakefulness=Awake, mUserActivitySummary=0x1, nextTimeout=518360379 (in 1690519 ms)
05-15 16:58:22.185 D/PowerManagerService( 1067): updateDisplayPowerStateLocked: mDisplayReady=true, policy=3, mWakefulness=1, mWakeLockSummary=0x1, mUserActivitySummary=0x1, mBootCompleted=true, mScreenBrightnessBoostInProgress=false, useProximitySensor=false, mRequestWaitForNegativeProximity=false, mBrightnessWaitModeEnabled=false
05-15 16:58:22.185 D/PowerManagerService( 1067): acquireWakeLockInternal: lock=1062563739, flags=0x1, packageName=android, ws=WorkSource{1000 com.qualcomm.location}, uid=1000, pid=1067
05-15 16:58:22.185 D/PowerManagerService( 1067): updateWakeLockSummaryLocked: mWakefulness=Awake, mWakeLockSummary=0x1
05-15 16:58:22.185 D/PowerManagerService( 1067): updateUserActivitySummaryLocked: mWakefulness=Awake, mUserActivitySummary=0x1, nextTimeout=518360379 (in 1690518 ms)
05-15 16:58:22.185 D/PowerManagerService( 1067): updateDisplayPowerStateLocked: mDisplayReady=true, policy=3, mWakefulness=1, mWakeLockSummary=0x1, mUserActivitySummary=0x1, mBootCompleted=true, mScreenBrightnessBoostInProgress=false, useProximitySensor=false, mRequestWaitForNegativeProximity=false, mBrightnessWaitModeEnabled=false
05-15 16:58:22.185 D/PowerManagerService( 1067): releaseWakeLockInternal: lock=1062563739, flags=0x0, packageName=android", ws=WorkSource{1000 com.qualcomm.location}, uid=1000, pid=1067
05-15 16:58:22.185 D/PowerManagerService( 1067): updateWakeLockSummaryLocked: mWakefulness=Awake, mWakeLockSummary=0x1
05-15 16:58:22.185 D/PowerManagerService( 1067): updateUserActivitySummaryLocked: mWakefulness=Awake, mUserActivitySummary=0x1, nextTimeout=518360379 (in 1690517 ms)
05-15 16:58:22.185 D/PowerManagerService( 1067): updateDisplayPowerStateLocked: mDisplayReady=true, policy=3, mWakefulness=1, mWakeLockSummary=0x1, mUserActivitySummary=0x1, mBootCompleted=true, mScreenBrightnessBoostInProgress=false, useProximitySensor=false, mRequestWaitForNegativeProximity=false, mBrightnessWaitModeEnabled=false
05-15 16:58:22.185 D/PowerManagerService( 1067): releaseWakeLockInternal: lock=435595903, flags=0x0, packageName=android", ws=WorkSource{1000 android}, uid=1000, pid=1067
05-15 16:58:22.185 D/PowerManagerService( 1067): updateWakeLockSummaryLocked: mWakefulness=Awake, mWakeLockSummary=0x1
05-15 16:58:22.185 D/PowerManagerService( 1067): updateUserActivitySummaryLocked: mWakefulness=Awake, mUserActivitySummary=0x1, nextTimeout=518360379 (in 1690516 ms)
05-15 16:58:22.185 D/PowerManagerService( 1067): updateDisplayPowerStateLocked: mDisplayReady=true, policy=3, mWakefulness=1, mWakeLockSummary=0x1, mUserActivitySummary=0x1, mBootCompleted=true, mScreenBrightnessBoostInProgress=false, useProximitySensor=false, mRequestWaitForNegativeProximity=false, mBrightnessWaitModeEnabled=false
05-15 16:58:22.185 D/PowerManagerService( 1067): releaseWakeLockInternal: lock=322140748, flags=0x0, packageName=android", ws=WorkSource{10015 com.baidu.map.location}, uid=1000, pid=1067
05-15 16:58:22.185 D/PowerManagerService( 1067): updateWakeLockSummaryLocked: mWakefulness=Awake, mWakeLockSummary=0x1
05-15 16:58:22.185 D/PowerManagerService( 1067): updateUserActivitySummaryLocked: mWakefulness=Awake, mUserActivitySummary=0x1, nextTimeout=518360379 (in 1690515 ms)
05-15 16:58:22.185 D/PowerManagerService( 1067): updateDisplayPowerStateLocked: mDisplayReady=true, policy=3, mWakefulness=1, mWakeLockSummary=0x1, mUserActivitySummary=0x1, mBootCompleted=true, mScreenBrightnessBoostInProgress=false, useProximitySensor=false, mRequestWaitForNegativeProximity=false, mBrightnessWaitModeEnabled=false
05-15 16:58:22.185 D/PowerManagerService( 1067): releaseWakeLockInternal: lock=664991658, flags=0x0, packageName=android", ws=WorkSource{1000 android}, uid=1000, pid=1067
05-15 16:58:22.185 D/PowerManagerService( 1067): updateWakeLockSummaryLocked: mWakefulness=Awake, mWakeLockSummary=0x0
05-15 16:58:22.185 D/PowerManagerService( 1067): updateUserActivitySummaryLocked: mWakefulness=Awake, mUserActivitySummary=0x1, nextTimeout=518360379 (in 1690515 ms)
05-15 16:58:22.185 D/PowerManagerService( 1067): updateDisplayPowerStateLocked: mDisplayReady=true, policy=3, mWakefulness=1, mWakeLockSummary=0x0, mUserActivitySummary=0x1, mBootCompleted=true, mScreenBrightnessBoostInProgress=false, useProximitySensor=false, mRequestWaitForNegativeProximity=false, mBrightnessWaitModeEnabled=false
05-15 16:58:22.185 D/PowerManagerService( 1067): Releasing suspend blocker "PowerManagerService.WakeLocks".
05-15 16:58:25.875 D/StatusBar.MSimNetworkController( 1681): Send a message to refresh views 1s later!
05-15 16:58:25.875 D/StatusBar.MSimNetworkController( 1681): Send a message to refresh views 1s later!
05-15 16:58:26.875 D/StatusBar.MSimNetworkController( 1681): The latest refersh is 19005 ms ago!
05-15 16:58:26.875 D/StatusBar.MSimNetworkController( 1681): refreshviews update icon subscription===0 mMSimPhoneSignalIconId[subscription]===2130838395 mMSimPhoneSignalTypeIconId[subscription]===0 mMSimMobileActivityIconId[subscription]===0 mMSimDataTypeIconId[subscription]===0
05-15 16:58:26.875 D/HwCustMSimSignalClusterViewImpl( 1681): applyVSim, sub = -1
05-15 16:58:26.875 D/HwCustMSimSignalClusterViewImpl( 1681): applyVSim, sub = 0
05-15 16:58:26.885 D/HwCustMSimSignalClusterViewImpl( 1681): applyVSim, sub = 0
05-15 16:58:26.895 D/HwCustMSimSignalClusterViewImpl( 1681): applyVSim, sub = -1
05-15 16:58:26.895 D/HwCustMSimSignalClusterViewImpl( 1681): applyVSim, sub = -1
05-15 16:58:26.905 D/HwCustMSimSignalClusterViewImpl( 1681): applyVSim, sub = 0
05-15 16:58:26.905 D/HwCustMSimSignalClusterViewImpl( 1681): applyVSim, sub = 0
05-15 16:58:26.905 D/HwCustMSimSignalClusterViewImpl( 1681): applyVSim, sub = -1
05-15 16:58:26.905 D/StatusBar.MSimNetworkController( 1681): changing data overlay icon id to 2130838457
05-15 16:58:26.905 D/StatusBar.MSimNetworkController( 1681): The latest refersh is 19017 ms ago!
05-15 16:58:26.905 D/StatusBar.MSimNetworkController( 1681): refreshviews update icon subscription===0 mMSimPhoneSignalIconId[subscription]===2130838395 mMSimPhoneSignalTypeIconId[subscription]===0 mMSimMobileActivityIconId[subscription]===0 mMSimDataTypeIconId[subscription]===0
05-15 16:58:26.905 D/StatusBar.MSimNetworkController( 1681): changing data overlay icon id to 2130838457
05-15 16:58:26.905 D/StatusBar.MSimNetworkController( 1681): Send a message to refresh views 1s later!
05-15 16:58:26.915 D/StatusBar.MSimNetworkController( 1681): Send a message to refresh views 1s later!
05-15 16:58:27.025 W/ActivityManager( 1067): getRunningAppProcesses: caller 10111 does not hold REAL_GET_TASKS; limiting output
05-15 16:58:27.705 V/AlarmManager( 1067): Alarm triggering (type 0 or 2): [Alarm{fc2b56a type 0 when 1463302707710 com.storm.smart}]
05-15 16:58:27.705 V/AlarmManager( 1067): sending alarm Alarm{fc2b56a type 0 when 1463302707710 com.storm.smart},repeatInterval = 0,action=AlarmTaskSchedule.com.storm.smart
05-15 16:58:27.705 D/PowerManagerService( 1067): acquireWakeLockInternal: lock=34812552, flags=0x1, packageName=android, ws=WorkSource{10151}, uid=1000, pid=1067
05-15 16:58:27.705 D/PowerManagerService( 1067): updateWakeLockSummaryLocked: mWakefulness=Awake, mWakeLockSummary=0x1
05-15 16:58:27.705 D/PowerManagerService( 1067): updateUserActivitySummaryLocked: mWakefulness=Awake, mUserActivitySummary=0x1, nextTimeout=518360379 (in 1684998 ms)
05-15 16:58:27.705 D/PowerManagerService( 1067): updateDisplayPowerStateLocked: mDisplayReady=true, policy=3, mWakefulness=1, mWakeLockSummary=0x1, mUserActivitySummary=0x1, mBootCompleted=true, mScreenBrightnessBoostInProgress=false, useProximitySensor=false, mRequestWaitForNegativeProximity=false, mBrightnessWaitModeEnabled=false
05-15 16:58:27.705 D/PowerManagerService( 1067): Acquiring suspend blocker "PowerManagerService.WakeLocks".
05-15 16:58:27.705 D/PowerManagerService( 1067): releaseWakeLockInternal: lock=34812552, flags=0x0, packageName=android", ws=WorkSource{10151}, uid=1000, pid=1067
05-15 16:58:27.705 D/PowerManagerService( 1067): updateWakeLockSummaryLocked: mWakefulness=Awake, mWakeLockSummary=0x0
05-15 16:58:27.705 D/PowerManagerService( 1067): updateUserActivitySummaryLocked: mWakefulness=Awake, mUserActivitySummary=0x1, nextTimeout=518360379 (in 1684992 ms)
05-15 16:58:27.705 D/PowerManagerService( 1067): updateDisplayPowerStateLocked: mDisplayReady=true, policy=3, mWakefulness=1, mWakeLockSummary=0x0, mUserActivitySummary=0x1, mBootCompleted=true, mScreenBrightnessBoostInProgress=false, useProximitySensor=false, mRequestWaitForNegativeProximity=false, mBrightnessWaitModeEnabled=false
05-15 16:58:27.705 D/PowerManagerService( 1067): Releasing suspend blocker "PowerManagerService.WakeLocks".
05-15 16:58:27.705 V/AlarmManager( 1067): set(PendingIntent{329ba5b: PendingIntentRecord{32e49438 com.storm.smart broadcastIntent}}) : type=0 triggerAtTime=1463302960352 win=0 tElapsed=1274129905 maxElapsed=1274129905 interval=0 standalone=true
05-15 16:58:27.905 D/StatusBar.MSimNetworkController( 1681): The latest refersh is 1036 ms ago!
05-15 16:58:27.905 D/StatusBar.MSimNetworkController( 1681): refreshviews update icon subscription===0 mMSimPhoneSignalIconId[subscription]===2130838395 mMSimPhoneSignalTypeIconId[subscription]===0 mMSimMobileActivityIconId[subscription]===0 mMSimDataTypeIconId[subscription]===0
05-15 16:58:27.915 D/HwCustMSimSignalClusterViewImpl( 1681): applyVSim, sub = -1
05-15 16:58:27.915 D/HwCustMSimSignalClusterViewImpl( 1681): applyVSim, sub = 0
05-15 16:58:27.915 D/HwCustMSimSignalClusterViewImpl( 1681): applyVSim, sub = 0
05-15 16:58:27.915 D/HwCustMSimSignalClusterViewImpl( 1681): applyVSim, sub = -1
05-15 16:58:27.915 D/HwCustMSimSignalClusterViewImpl( 1681): applyVSim, sub = -1
05-15 16:58:27.915 D/HwCustMSimSignalClusterViewImpl( 1681): applyVSim, sub = 0
05-15 16:58:27.915 D/HwCustMSimSignalClusterViewImpl( 1681): applyVSim, sub = 0
05-15 16:58:27.925 D/HwCustMSimSignalClusterViewImpl( 1681): applyVSim, sub = -1
05-15 16:58:27.925 D/StatusBar.MSimNetworkController( 1681): changing data overlay icon id to 0
05-15 16:58:27.925 D/StatusBar.MSimNetworkController( 1681): The latest refersh is 1021 ms ago!
05-15 16:58:27.925 D/StatusBar.MSimNetworkController( 1681): refreshviews update icon subscription===0 mMSimPhoneSignalIconId[subscription]===2130838395 mMSimPhoneSignalTypeIconId[subscription]===0 mMSimMobileActivityIconId[subscription]===0 mMSimDataTypeIconId[subscription]===0
05-15 16:58:27.925 D/StatusBar.MSimNetworkController( 1681): changing data overlay icon id to 0
05-15 16:58:29.135 V/AlarmManager( 1067): Alarm triggering (type 0 or 2): [Alarm{cee42f8 type 0 when 1463302709139 com.sdu.didi.psnger}]
05-15 16:58:29.135 V/AlarmManager( 1067): sending alarm Alarm{cee42f8 type 0 when 1463302709139 com.sdu.didi.psnger},repeatInterval = 0,action=AlarmTaskSchedule.com.sdu.didi.psnger
05-15 16:58:29.135 D/PowerManagerService( 1067): acquireWakeLockInternal: lock=34812552, flags=0x1, packageName=android, ws=WorkSource{10105}, uid=1000, pid=1067
05-15 16:58:29.135 D/PowerManagerService( 1067): updateWakeLockSummaryLocked: mWakefulness=Awake, mWakeLockSummary=0x1
05-15 16:58:29.135 D/PowerManagerService( 1067): updateUserActivitySummaryLocked: mWakefulness=Awake, mUserActivitySummary=0x1, nextTimeout=518360379 (in 1683569 ms)
05-15 16:58:29.135 D/PowerManagerService( 1067): updateDisplayPowerStateLocked: mDisplayReady=true, policy=3, mWakefulness=1, mWakeLockSummary=0x1, mUserActivitySummary=0x1, mBootCompleted=true, mScreenBrightnessBoostInProgress=false, useProximitySensor=false, mRequestWaitForNegativeProximity=false, mBrightnessWaitModeEnabled=false
05-15 16:58:29.135 D/PowerManagerService( 1067): Acquiring suspend blocker "PowerManagerService.WakeLocks".
05-15 16:58:29.135 D/PowerManagerService( 1067): releaseWakeLockInternal: lock=34812552, flags=0x0, packageName=android", ws=WorkSource{10105}, uid=1000, pid=1067
05-15 16:58:29.135 D/PowerManagerService( 1067): updateWakeLockSummaryLocked: mWakefulness=Awake, mWakeLockSummary=0x0
05-15 16:58:29.135 D/PowerManagerService( 1067): updateUserActivitySummaryLocked: mWakefulness=Awake, mUserActivitySummary=0x1, nextTimeout=518360379 (in 1683566 ms)
05-15 16:58:29.135 D/PowerManagerService( 1067): updateDisplayPowerStateLocked: mDisplayReady=true, policy=3, mWakefulness=1, mWakeLockSummary=0x0, mUserActivitySummary=0x1, mBootCompleted=true, mScreenBrightnessBoostInProgress=false, useProximitySensor=false, mRequestWaitForNegativeProximity=false, mBrightnessWaitModeEnabled=false
05-15 16:58:29.135 D/PowerManagerService( 1067): Releasing suspend blocker "PowerManagerService.WakeLocks".
05-15 16:58:29.135 V/AlarmManager( 1067): set(PendingIntent{1daa43d1: PendingIntentRecord{3156ea82 com.sdu.didi.psnger broadcastIntent}}) : type=0 triggerAtTime=1463302829874 win=0 tElapsed=1273999427 maxElapsed=1273999427 interval=0 standalone=true
05-15 16:58:29.135 V/AlarmManager( 1067): set(PendingIntent{6cebe36: PendingIntentRecord{3d879d0 com.sdu.didi.psnger broadcastIntent}}) : type=0 triggerAtTime=1463302831874 win=0 tElapsed=1274001427 maxElapsed=1274001427 interval=0 standalone=true
05-15 16:58:31.765 I/SocketClient(  367): Vold: send info to framework success !!
05-15 16:58:31.765 I/SocketClient(  367): Vold: send info to framework success !!
05-15 16:58:31.765 I/SocketClient(  367): Vold: send info to framework success !!
05-15 16:58:31.765 I/SocketClient(  367): Vold: send info to framework success !!
05-15 16:58:31.765 I/SocketClient(  367): Vold: send info to framework success !!
05-15 16:58:31.765 I/SocketClient(  367): Vold: send info to framework success !!
05-15 16:58:31.765 I/SocketClient(  367): Vold: send info to framework success !!
05-15 16:58:31.765 I/SocketClient(  367): Vold: send info to framework success !!
05-15 16:58:31.895 D/StatusBar.MSimNetworkController( 1681): Send a message to refresh views 1s later!
05-15 16:58:31.895 D/StatusBar.MSimNetworkController( 1681): Send a message to refresh views 1s later!
05-15 16:58:32.175 D/PowerManagerService( 1067): acquireWakeLockInternal: lock=435595903, flags=0x1, packageName=android, ws=WorkSource{1000 android}, uid=1000, pid=1067
05-15 16:58:32.175 D/PowerManagerService( 1067): updateWakeLockSummaryLocked: mWakefulness=Awake, mWakeLockSummary=0x1
05-15 16:58:32.175 D/PowerManagerService( 1067): updateUserActivitySummaryLocked: mWakefulness=Awake, mUserActivitySummary=0x1, nextTimeout=518360379 (in 1680521 ms)
05-15 16:58:32.175 D/PowerManagerService( 1067): updateDisplayPowerStateLocked: mDisplayReady=true, policy=3, mWakefulness=1, mWakeLockSummary=0x1, mUserActivitySummary=0x1, mBootCompleted=true, mScreenBrightnessBoostInProgress=false, useProximitySensor=false, mRequestWaitForNegativeProximity=false, mBrightnessWaitModeEnabled=false
05-15 16:58:32.175 D/PowerManagerService( 1067): Acquiring suspend blocker "PowerManagerService.WakeLocks".
05-15 16:58:32.175 D/PowerManagerService( 1067): acquireWakeLockInternal: lock=322140748, flags=0x1, packageName=android, ws=WorkSource{10015 com.baidu.map.location}, uid=1000, pid=1067
05-15 16:58:32.175 D/PowerManagerService( 1067): updateWakeLockSummaryLocked: mWakefulness=Awake, mWakeLockSummary=0x1
05-15 16:58:32.175 D/PowerManagerService( 1067): updateUserActivitySummaryLocked: mWakefulness=Awake, mUserActivitySummary=0x1, nextTimeout=518360379 (in 1680520 ms)
05-15 16:58:32.175 D/PowerManagerService( 1067): updateDisplayPowerStateLocked: mDisplayReady=true, policy=3, mWakefulness=1, mWakeLockSummary=0x1, mUserActivitySummary=0x1, mBootCompleted=true, mScreenBrightnessBoostInProgress=false, useProximitySensor=false, mRequestWaitForNegativeProximity=false, mBrightnessWaitModeEnabled=false
05-15 16:58:32.175 D/PowerManagerService( 1067): acquireWakeLockInternal: lock=664991658, flags=0x1, packageName=android, ws=WorkSource{1000 android}, uid=1000, pid=1067
05-15 16:58:32.175 D/PowerManagerService( 1067): updateWakeLockSummaryLocked: mWakefulness=Awake, mWakeLockSummary=0x1
05-15 16:58:32.175 D/PowerManagerService( 1067): updateUserActivitySummaryLocked: mWakefulness=Awake, mUserActivitySummary=0x1, nextTimeout=518360379 (in 1680520 ms)
05-15 16:58:32.175 D/PowerManagerService( 1067): updateDisplayPowerStateLocked: mDisplayReady=true, policy=3, mWakefulness=1, mWakeLockSummary=0x1, mUserActivitySummary=0x1, mBootCompleted=true, mScreenBrightnessBoostInProgress=false, useProximitySensor=false, mRequestWaitForNegativeProximity=false, mBrightnessWaitModeEnabled=false
05-15 16:58:32.185 D/PowerManagerService( 1067): acquireWakeLockInternal: lock=1062563739, flags=0x1, packageName=android, ws=WorkSource{1000 com.qualcomm.location}, uid=1000, pid=1067
05-15 16:58:32.185 D/PowerManagerService( 1067): updateWakeLockSummaryLocked: mWakefulness=Awake, mWakeLockSummary=0x1
05-15 16:58:32.185 D/PowerManagerService( 1067): updateUserActivitySummaryLocked: mWakefulness=Awake, mUserActivitySummary=0x1, nextTimeout=518360379 (in 1680519 ms)
05-15 16:58:32.185 D/PowerManagerService( 1067): updateDisplayPowerStateLocked: mDisplayReady=true, policy=3, mWakefulness=1, mWakeLockSummary=0x1, mUserActivitySummary=0x1, mBootCompleted=true, mScreenBrightnessBoostInProgress=false, useProximitySensor=false, mRequestWaitForNegativeProximity=false, mBrightnessWaitModeEnabled=false
05-15 16:58:32.185 D/PowerManagerService( 1067): releaseWakeLockInternal: lock=322140748, flags=0x0, packageName=android", ws=WorkSource{10015 com.baidu.map.location}, uid=1000, pid=1067
05-15 16:58:32.185 D/PowerManagerService( 1067): updateWakeLockSummaryLocked: mWakefulness=Awake, mWakeLockSummary=0x1
05-15 16:58:32.185 D/PowerManagerService( 1067): updateUserActivitySummaryLocked: mWakefulness=Awake, mUserActivitySummary=0x1, nextTimeout=518360379 (in 1680518 ms)
05-15 16:58:32.185 D/PowerManagerService( 1067): updateDisplayPowerStateLocked: mDisplayReady=true, policy=3, mWakefulness=1, mWakeLockSummary=0x1, mUserActivitySummary=0x1, mBootCompleted=true, mScreenBrightnessBoostInProgress=false, useProximitySensor=false, mRequestWaitForNegativeProximity=false, mBrightnessWaitModeEnabled=false
05-15 16:58:32.185 D/PowerManagerService( 1067): releaseWakeLockInternal: lock=1062563739, flags=0x0, packageName=android", ws=WorkSource{1000 com.qualcomm.location}, uid=1000, pid=1067
05-15 16:58:32.185 D/PowerManagerService( 1067): updateWakeLockSummaryLocked: mWakefulness=Awake, mWakeLockSummary=0x1
05-15 16:58:32.185 D/PowerManagerService( 1067): updateUserActivitySummaryLocked: mWakefulness=Awake, mUserActivitySummary=0x1, nextTimeout=518360379 (in 1680518 ms)
05-15 16:58:32.185 D/PowerManagerService( 1067): updateDisplayPowerStateLocked: mDisplayReady=true, policy=3, mWakefulness=1, mWakeLockSummary=0x1, mUserActivitySummary=0x1, mBootCompleted=true, mScreenBrightnessBoostInProgress=false, useProximitySensor=false, mRequestWaitForNegativeProximity=false, mBrightnessWaitModeEnabled=false
05-15 16:58:32.185 D/PowerManagerService( 1067): releaseWakeLockInternal: lock=435595903, flags=0x0, packageName=android", ws=WorkSource{1000 android}, uid=1000, pid=1067
05-15 16:58:32.185 D/PowerManagerService( 1067): updateWakeLockSummaryLocked: mWakefulness=Awake, mWakeLockSummary=0x1
05-15 16:58:32.185 D/PowerManagerService( 1067): updateUserActivitySummaryLocked: mWakefulness=Awake, mUserActivitySummary=0x1, nextTimeout=518360379 (in 1680517 ms)
05-15 16:58:32.185 D/PowerManagerService( 1067): updateDisplayPowerStateLocked: mDisplayReady=true, policy=3, mWakefulness=1, mWakeLockSummary=0x1, mUserActivitySummary=0x1, mBootCompleted=true, mScreenBrightnessBoostInProgress=false, useProximitySensor=false, mRequestWaitForNegativeProximity=false, mBrightnessWaitModeEnabled=false
05-15 16:58:32.185 D/PowerManagerService( 1067): releaseWakeLockInternal: lock=664991658, flags=0x0, packageName=android", ws=WorkSource{1000 android}, uid=1000, pid=1067
05-15 16:58:32.185 D/PowerManagerService( 1067): updateWakeLockSummaryLocked: mWakefulness=Awake, mWakeLockSummary=0x0
05-15 16:58:32.185 D/PowerManagerService( 1067): updateUserActivitySummaryLocked: mWakefulness=Awake, mUserActivitySummary=0x1, nextTimeout=518360379 (in 1680517 ms)
05-15 16:58:32.185 D/PowerManagerService( 1067): updateDisplayPowerStateLocked: mDisplayReady=true, policy=3, mWakefulness=1, mWakeLockSummary=0x0, mUserActivitySummary=0x1, mBootCompleted=true, mScreenBrightnessBoostInProgress=false, useProximitySensor=false, mRequestWaitForNegativeProximity=false, mBrightnessWaitModeEnabled=false
05-15 16:58:32.185 D/PowerManagerService( 1067): Releasing suspend blocker "PowerManagerService.WakeLocks".
05-15 16:58:32.245 W/ActivityManager( 1067): getRunningAppProcesses: caller 10111 does not hold REAL_GET_TASKS; limiting output
05-15 16:58:32.245 W/ActivityManager( 1067): getRunningAppProcesses: caller 10111 does not hold REAL_GET_TASKS; limiting output
05-15 16:58:32.895 D/StatusBar.MSimNetworkController( 1681): The latest refersh is 4984 ms ago!
05-15 16:58:32.895 D/StatusBar.MSimNetworkController( 1681): refreshviews update icon subscription===0 mMSimPhoneSignalIconId[subscription]===2130838395 mMSimPhoneSignalTypeIconId[subscription]===0 mMSimMobileActivityIconId[subscription]===0 mMSimDataTypeIconId[subscription]===0
05-15 16:58:32.905 D/HwCustMSimSignalClusterViewImpl( 1681): applyVSim, sub = -1
05-15 16:58:32.905 D/HwCustMSimSignalClusterViewImpl( 1681): applyVSim, sub = 0
05-15 16:58:32.905 D/HwCustMSimSignalClusterViewImpl( 1681): applyVSim, sub = 0
05-15 16:58:32.905 D/HwCustMSimSignalClusterViewImpl( 1681): applyVSim, sub = -1
05-15 16:58:32.905 D/HwCustMSimSignalClusterViewImpl( 1681): applyVSim, sub = -1
05-15 16:58:32.915 D/HwCustMSimSignalClusterViewImpl( 1681): applyVSim, sub = 0
05-15 16:58:32.915 D/HwCustMSimSignalClusterViewImpl( 1681): applyVSim, sub = 0
05-15 16:58:32.915 D/HwCustMSimSignalClusterViewImpl( 1681): applyVSim, sub = -1
05-15 16:58:32.915 D/StatusBar.MSimNetworkController( 1681): changing data overlay icon id to 2130838458
05-15 16:58:32.915 D/StatusBar.MSimNetworkController( 1681): The latest refersh is 4991 ms ago!
