05-15 16:59:22.185 D/PowerManagerService( 1067): updateUserActivitySummaryLocked: mWakefulness=Awake, mUserActivitySummary=0x1, nextTimeout=518360379 (in 1630516 ms)
05-15 16:59:22.185 D/PowerManagerService( 1067): updateDisplayPowerStateLocked: mDisplayReady=true, policy=3, mWakefulness=1, mWakeLockSummary=0x1, mUserActivitySummary=0x1, mBootCompleted=true, mScreenBrightnessBoostInProgress=false, useProximitySensor=false, mRequestWaitForNegativeProximity=false, mBrightnessWaitModeEnabled=false
05-15 16:59:22.185 D/PowerManagerService( 1067): releaseWakeLockInternal: lock=322140748, flags=0x0, packageName=android", ws=WorkSource{10015 com.baidu.map.location}, uid=1000, pid=1067
05-15 16:59:22.185 D/PowerManagerService( 1067): updateWakeLockSummaryLocked: mWakefulness=Awake, mWakeLockSummary=0x0
05-15 16:59:22.185 D/PowerManagerService( 1067): updateUserActivitySummaryLocked: mWakefulness=Awake, mUserActivitySummary=0x1, nextTimeout=518360379 (in 1630515 ms)
05-15 16:59:22.185 D/PowerManagerService( 1067): updateDisplayPowerStateLocked: mDisplayReady=true, policy=3, mWakefulness=1, mWakeLockSummary=0x0, mUserActivitySummary=0x1, mBootCompleted=true, mScreenBrightnessBoostInProgress=false, useProximitySensor=false, mRequestWaitForNegativeProximity=false, mBrightnessWaitModeEnabled=false
05-15 16:59:22.185 D/PowerManagerService( 1067): Releasing suspend blocker "PowerManagerService.WakeLocks".
05-15 16:59:25.995 D/StatusBar.MSimNetworkController( 1681): Send a message to refresh views 1s later!
05-15 16:59:25.995 D/StatusBar.MSimNetworkController( 1681): Send a message to refresh views 1s later!
05-15 16:59:26.995 D/StatusBar.MSimNetworkController( 1681): The latest refersh is 19010 ms ago!
05-15 16:59:26.995 D/StatusBar.MSimNetworkController( 1681): refreshviews update icon subscription===0 mMSimPhoneSignalIconId[subscription]===2130838395 mMSimPhoneSignalTypeIconId[subscription]===0 mMSimMobileActivityIconId[subscription]===0 mMSimDataTypeIconId[subscription]===0
05-15 16:59:27.005 D/HwCustMSimSignalClusterViewImpl( 1681): applyVSim, sub = -1
05-15 16:59:27.005 D/HwCustMSimSignalClusterViewImpl( 1681): applyVSim, sub = 0
05-15 16:59:27.005 D/HwCustMSimSignalClusterViewImpl( 1681): applyVSim, sub = 0
05-15 16:59:27.015 D/HwCustMSimSignalClusterViewImpl( 1681): applyVSim, sub = -1
05-15 16:59:27.015 D/HwCustMSimSignalClusterViewImpl( 1681): applyVSim, sub = -1
05-15 16:59:27.015 D/HwCustMSimSignalClusterViewImpl( 1681): applyVSim, sub = 0
05-15 16:59:27.015 D/HwCustMSimSignalClusterViewImpl( 1681): applyVSim, sub = 0
05-15 16:59:27.025 D/HwCustMSimSignalClusterViewImpl( 1681): applyVSim, sub = -1
05-15 16:59:27.025 D/StatusBar.MSimNetworkController( 1681): changing data overlay icon id to 2130838457
05-15 16:59:27.025 D/StatusBar.MSimNetworkController( 1681): The latest refersh is 20033 ms ago!
05-15 16:59:27.025 D/StatusBar.MSimNetworkController( 1681): refreshviews update icon subscription===0 mMSimPhoneSignalIconId[subscription]===2130838395 mMSimPhoneSignalTypeIconId[subscription]===0 mMSimMobileActivityIconId[subscription]===0 mMSimDataTypeIconId[subscription]===0
05-15 16:59:27.025 D/StatusBar.MSimNetworkController( 1681): changing data overlay icon id to 2130838457
05-15 16:59:27.025 D/StatusBar.MSimNetworkController( 1681): Send a message to refresh views 1s later!
05-15 16:59:27.035 D/StatusBar.MSimNetworkController( 1681): Send a message to refresh views 1s later!
--------- beginning of main
05-15 16:59:27.345 E/wpa_supplicant(25276): bssid=30:fc:68:ea:ff:5d;freq=2462;level=-85;flags=11;ssid=TP-LINK_FF5D;
05-15 16:59:27.345 E/wpa_supplicant(25276): bssid=bc:14:ef:a1:60:96;freq=2462;level=-89;flags=11;ssid=123456;
05-15 16:59:27.345 E/wpa_supplicant(25276): bssid=d0:c7:c0:ff:dc:e0;freq=2437;level=-78;flags=11;ssid=106;
05-15 16:59:27.345 E/wpa_supplicant(25276): bssid=fc:d7:33:0a:37:40;freq=2437;level=-81;flags=11;ssid=qishao;
05-15 16:59:27.345 E/wpa_supplicant(25276): bssid=30:f3:35:88:a3:80;freq=2437;level=-83;flags=11;ssid=CU_3FnS;
05-15 16:59:27.345 E/wpa_supplicant(25276): bssid=44:94:fc:57:a0:93;freq=2467;level=-83;flags=11;ssid=702;
05-15 16:59:27.345 E/wpa_supplicant(25276): bssid=bc:46:99:31:9d:c8;freq=2462;level=-84;flags=11;ssid=LEO;
05-15 16:59:27.345 E/wpa_supplicant(25276): bssid=d4:ee:07:28:67:02;freq=2472;level=-92;flags=11;ssid=HiWiFi;
05-15 16:59:27.345 E/wpa_supplicant(25276): bssid=f2:b4:29:85:d8:86;freq=2437;level=-81;flags=11;ssid=;
05-15 16:59:27.345 E/WifiHW  ( 1067): wifi_send_command enter;cmd:IFNAME=wlan0 BSS RANGE=0- MASK=0x21987;
05-15 16:59:27.345 D/HwWifiStateMachine( 1067): setScanResults:id=1167
05-15 16:59:27.345 D/HwWifiStateMachine( 1067): bssid=fc:d7:33:43:b5:46
05-15 16:59:27.345 D/HwWifiStateMachine( 1067): freq=2462
05-15 16:59:27.345 D/HwWifiStateMachine( 1067): level=-54
05-15 16:59:27.345 D/HwWifiStateMachine( 1067): tsf=0001273936901741
05-15 16:59:27.345 D/HwWifiStateMachine( 1067): flags=[WPA-PSK-CCMP][WPA2-PSK-CCMP][ESS]
05-15 16:59:27.345 D/HwWifiStateMachine( 1067): ssid=TP-LINK_lzn
05-15 16:59:27.345 D/HwWifiStateMachine( 1067): ====
05-15 16:59:27.345 D/HwWifiStateMachine( 1067): id=1770
05-15 16:59:27.345 D/HwWifiStateMachine( 1067): bssid=78:eb:14:29:10:46
05-15 16:59:27.345 D/HwWifiStateMachine( 1067): freq=2412
05-15 16:59:27.345 D/HwWifiStateMachine( 1067): level=-30
05-15 16:59:27.345 D/HwWifiStateMachine( 1067): tsf=0001273936901711
05-15 16:59:27.345 D/HwWifiStateMachine( 1067): flags=[WPA-PSK-CCMP+TKIP][WPA2-PSK-CCMP+TKIP][WPS][ESS]
05-15 16:59:27.345 D/HwWifiStateMachine( 1067): ssid=FAST_kai
05-15 16:59:27.345 D/HwWifiStateMachine( 1067): ====
05-15 16:59:27.345 D/HwWifiStateMachine( 1067): id=1771
05-15 16:59:27.345 D/HwWifiStateMachine( 1067): bssid=f0:b4:29:5d:07:d1
05-15 16:59:27.345 D/HwWifiStateMachine( 1067): freq=2457
05-15 16:59:27.345 D/HwWifiStateMachine( 1067): level=-64
05-15 16:59:27.345 D/HwWifiStateMachine( 1067): tsf=0001273936901728
05-15 16:59:27.345 D/HwWifiStateMachine( 1067): flags=[WPA-PSK-CCMP+TKIP][WPA2-PSK-CCMP+TKIP][WPS][ESS]
05-15 16:59:27.345 D/HwWifiStateMachine( 1067): ssid=kira_yagamilaidou
05-15 16:59:27.345 D/HwWifiStateMachine( 1067): ====
05-15 16:59:27.345 D/HwWifiStateMachine( 1067): id=1772
05-15 16:59:27.345 D/HwWifiStateMachine( 1067): bssid=f0:b4:29:0a:fc:fe
05-15 16:59:27.345 D/HwWifiStateMachine( 1067): freq=2437
05-15 16:59:27.345 D/HwWifiStateMachine( 1067): level=-82
05-15 16:59:27.345 D/HwWifiStateMachine( 1067): tsf=0001273936901814
05-15 16:59:27.345 D/HwWifiStateMachine( 1067): flags=[WPA2-PSK-CCMP][ESS]
05-15 16:59:27.345 D/HwWifiStateMachine( 1067): ssid=midea_FC_1571
05-15 16:59:27.345 D/HwWifiStateMachine( 1067): ====
05-15 16:59:27.345 D/HwWifiStateMachine( 1067): id=1778
05-15 16:59:27.345 D/HwWifiStateMachine( 1067): bssid=14:75:90:51:58:2b
05-15 16:59:27.345 D/HwWifiStateMachine( 1067): freq=2472
05-15 16:59:27.345 D/HwWifiStateMachine( 1067): level=-88
05-15 16:59:27.345 D/HwWifiStateMachine( 1067): tsf=0001273771141857
05-15 16:59:27.345 D/HwWifiStateMachine( 1067): flags=[WPA-PSK-CCMP][WPA2-PSK-CCMP][WPS][ESS]
05-15 16:59:27.345 D/HwWifiStateMachine( 1067): ssid=1306
05-15 16:59:27.345 D/HwWifiStateMachine( 1067): ====
05-15 16:59:27.345 D/HwWifiStateMachine( 1067): id=1779
05-15 16:59:27.345 D/HwWifiStateMachine( 1067): bssid=80:89:17:83:04:f0
05-15 16:59:27.345 D/HwWifiStateMachine( 1067): freq=2462
05-15 16:59:27.345 D/HwWifiStateMachine( 1067): level=-77
05-15 16:59:27.345 D/HwWifiStateMachine( 1067): tsf=0001273936901755
05-15 16:59:27.345 D/HwWifiStateMachine( 1067): flags=[WPA-PSK-CCMP][WPA2-PSK-CCMP][ESS]
05-15 16:59:27.345 D/HwWifiStateMachine( 1067): ssid=king
05-15 16:59:27.345 D/HwWifiStateMachine( 1067): ====
05-15 16:59:27.345 D/HwWifiStateMachine( 1067): id=1784
05-15 16:59:27.345 D/HwWifiStateMachine( 1067): bssid=24:69:68:18:09:a2
05-15 16:59:27.345 D/HwWifiStateMachine( 1067): freq=2412
05-15 16:59:27.345 D/HwWifiStateMachine( 1067): level=-75
05-15 16:59:27.345 D/HwWifiStateMachine( 1067): tsf=0001273936901735
05-15 16:59:27.345 D/HwWifiStateMachine( 1067): flags=[WPA-PSK-CCMP][WPA2-PSK-CCMP][ESS]
05-15 16:59:27.345 D/HwWifiStateMachine( 1067): ssid=ziroom-1701
05-15 16:59:27.345 D/HwWifiStateMachine( 1067): ====
05-15 16:59:27.345 D/HwWifiStateMachine( 1067): id=1785
05-15 16:59:27.345 D/HwWifiStateMachine( 1067): bssid=88:25:93:99:85:bf
05-15 16:59:27.345 D/HwWifiStateMachine( 1067): freq=2437
05-15 16:59:27.345 D/HwWifiStateMachine( 1067): level=-79
05-15 16:59:27.345 D/HwWifiStateMachine( 1067): tsf=0001273936901749
05-15 16:59:27.345 D/HwWifiStateMachine( 1067): flags=[WPA-PSK-CCMP][WPA2-PSK-CCMP][ESS]
05-15 16:59:27.345 D/HwWifiStateMachine( 1067): ssid=TP-LINK1506
05-15 16:59:27.345 D/HwWifiStateMachine( 1067): ====
05-15 16:59:27.345 D/HwWifiStateMachine( 1067): id=1789
05-15 16:59:27.345 D/HwWifiStateMachine( 1067): bssid=5c:63:bf:56:b5:c0
05-15 16:59:27.345 D/HwWifiStateMachine( 1067): freq=2437
05-15 16:59:27.345 D/HwWifiStateMachine( 1067): level=-83
05-15 16:59:27.345 D/HwWifiStateMachine( 1067): tsf=0001273936901782
05-15 16:59:27.345 D/HwWifiStateMachine( 1067): flags=[WPA-PSK-CCMP][WPA2-PSK-CCMP][WPS][ESS]
05-15 16:59:27.345 D/HwWifiStateMachine( 1067): ssid=TP-LINK_56B5C0
05-15 16:59:27.345 D/HwWifiStateMachine( 1067): ====
05-15 16:59:27.345 D/HwWifiStateMachine( 1067): id=1791
05-15 16:59:27.345 D/HwWifiStateMachine( 1067): bssid=78:d3:8d:ce:ac:38
05-15 16:59:27.345 D/HwWifiStateMachine( 1067): freq=2442
05-15 16:59:27.345 D/HwWifiStateMachine( 1067): level=-81
05-15 16:59:27.345 D/HwWifiStateMachine( 1067): tsf=0001273816421926
05-15 16:59:27.345 D/HwWifiStateMachine( 1067): flags=[WPA2-PSK-CCMP][ESS]
05-15 16:59:27.345 D/HwWifiStateMachine( 1067): ssid=2605
05-15 16:59:27.345 D/HwWifiStateMachine( 1067): ====
05-15 16:59:27.345 D/HwWifiStateMachine( 1067): id=1792
05-15 16:59:27.345 D/HwWifiStateMachine( 1067): bssid=a4:56:02:49:46:b5
05-15 16:59:27.345 D/HwWifiStateMachine( 1067): freq=2412
05-15 16:59:27.345 D/HwWifiStateMachine( 1067): level=-83
05-15 16:59:27.345 D/HwWifiStateMachine( 1067): tsf=0001273816421920
05-15 16:59:27.345 D/HwWifiStateMachine( 1067): flags=[WPA-PSK-CCMP][WPA2-PSK-CCMP][ESS]
05-15 16:59:27.345 D/HwWifiStateMachine( 1067): ssid=2405
05-15 16:59:27.345 D/HwWifiStateMachine( 1067): ====
05-15 16:59:27.345 D/HwWifiStateMachine( 1067): id=1793
05-15 16:59:27.345 D/HwWifiStateMachine( 1067): bssid=14:75:90:e1:58:18
05-15 16:59:27.345 D/HwWifiStateMachine( 1067): freq=2412
05-15 16:59:27.345 D/HwWifiStateMachine( 1067): level=-85
05-15 16:59:27.345 D/HwWifiStateMachine( 1067): tsf=0001273816421915
05-15 16:59:27.345 D/HwWifiStateMachine( 1067): flags=[WPA-PSK-CCMP][WPA2-PSK-CCMP][ESS]
05-15 16:59:27.345 D/HwWifiStateMachine( 1067): ssid=chengmingantong
05-15 16:59:27.345 D/HwWifiStateMachine( 1067): ====
05-15 16:59:27.345 D/HwWifiStateMachine( 1067): id=1794
05-15 16:59:27.345 D/HwWifiStateMachine( 1067): bssid=14:75:90:31:2e:40
05-15 16:59:27.345 D/HwWifiStateMachine( 1067): freq=2437
05-15 16:59:27.345 D/HwWifiStateMachine( 1067): level=-87
05-15 16:59:27.345 D/HwWifiStateMachine( 1067): tsf=0001273816421941
05-15 16:59:27.345 D/HwWifiStateMachine( 1067): flags=[WPA-PSK-CCMP][WPA2-PSK-CCMP][ESS]
05-15 16:59:27.345 D/HwWifiStateMachine( 1067): ssid=ZERO
05-15 16:59:27.345 D/HwWifiStateMachine( 1067): ====
05-15 16:59:27.345 D/HwWifiStateMachine( 1067): id=1797
05-15 16:59:27.345 D/HwWifiStateMachine( 1067): bssid=30:fc:68:ea:ff:5d
05-15 16:59:27.345 D/HwWifiStateMachine( 1067): freq=2462
05-15 16:59:27.345 D/HwWifiStateMachine( 1067): level=-85
05-15 16:59:27.345 D/HwWifiStateMachine( 1067): tsf=0001273936901788
05-15 16:59:27.345 D/HwWifiStateMachine( 1067): flags=[WPA-PSK-CCMP][WPA2-PSK-CCMP][ESS]
05-15 16:59:27.345 D/HwWifiStateMachine( 1067): ssid=TP-LINK_FF5D
05-15 16:59:27.345 D/HwWifiStateMachine( 1067): ====
05-15 16:59:27.345 D/HwWifiStateMachine( 1067): id=1798
05-15 16:59:27.345 D/HwWifiStateMachine( 1067): bssid=bc:14:ef:a1:60:96
05-15 16:59:27.345 D/HwWifiStateMachine( 1067): freq=2462
05-15 16:59:27.345 D/HwWifiStateMachine( 1067): level=-89
05-15 16:59:27.345 D/HwWifiStateMachine( 1067): tsf=0001273936901820
05-15 16:59:27.345 D/HwWifiStateMachine( 1067): flags=[WPA2-PSK-CCMP][ESS]
05-15 16:59:27.345 D/HwWifiStateMachine( 1067): ssid=123456
05-15 16:59:27.345 D/HwWifiStateMachine( 1067): ====
05-15 16:59:27.345 D/HwWifiStateMachine( 1067): id=1799
05-15 16:59:27.345 D/HwWifiStateMachine( 1067): bssid=d0:c7:c0:ff:dc:e0
05-15 16:59:27.345 D/HwWifiStateMachine( 1067): freq=2437
05-15 16:59:27.345 D/HwWifiStateMachine( 1067): level=-78
05-15 16:59:27.345 D/HwWifiStateMachine( 1067): tsf=0001273936901761
05-15 16:59:27.345 D/HwWifiStateMachine( 1067): flags=[WPA-PSK-CCMP][WPA2-PSK-CCMP][ESS]
05-15 16:59:27.345 D/HwWifiStateMachine( 1067): ssid=106
05-15 16:59:27.345 D/HwWifiStateMachine( 1067): ====
05-15 16:59:27.345 D/HwWifiStateMachine( 1067): id=1800
05-15 16:59:27.345 D/HwWifiStateMachine( 1067): bssid=fc:d7:33:0a:37:40
05-15 16:59:27.345 D/HwWifiStateMachine( 1067): freq=2437
05-15 16:59:27.345 D/HwWifiStateMachine( 1067): level=-81
05-15 16:59:27.345 D/HwWifiStateMachine( 1067): tsf=0001273936901794
05-15 16:59:27.345 D/HwWifiStateMachine( 1067): flags=[WPA-PSK-CCMP][WPA2-PSK-CCMP][ESS]
05-15 16:59:27.345 D/HwWifiStateMachine( 1067): ssid=qishao
05-15 16:59:27.345 D/HwWifiStateMachine( 1067): ====
05-15 16:59:27.345 D/HwWifiStateMachine( 1067): id=1801
05-15 16:59:27.345 D/HwWifiStateMachine( 1067): bssid=30:f3:35:88:a3:80
05-15 16:59:27.345 D/HwWifiStateMachine( 1067): freq=2437
05-15 16:59:27.345 D/HwWifiStateMachine( 1067): level=-83
05-15 16:59:27.345 D/HwWifiStateMachine( 1067): tsf=0001273936901806
05-15 16:59:27.345 D/HwWifiStateMachine( 1067): flags=[WPA2-PSK-CCMP][ESS]
05-15 16:59:27.345 D/HwWifiStateMachine( 1067): ssid=CU_3FnS
05-15 16:59:27.345 D/HwWifiStateMachine( 1067): ====
05-15 16:59:27.345 D/HwWifiStateMachine( 1067): id=1802
05-15 16:59:27.345 D/HwWifiStateMachine( 1067): bssid=44:94:fc:57:a0:93
05-15 16:59:27.345 D/HwWifiStateMachine( 1067): freq=2467
05-15 16:59:27.345 D/HwWifiStateMachine( 1067): level=-83
05-15 16:59:27.345 D/HwWifiStateMachine( 1067): tsf=0001273936901774
05-15 16:59:27.345 D/HwWifiStateMachine( 1067): flags=[WPA2-PSK-CCMP][WPS][ESS]
05-15 16:59:27.345 D/HwWifiStateMachine( 1067): ssid=702
05-15 16:59:27.345 D/HwWifiStateMachine( 1067): ====
05-15 16:59:27.345 D/HwWifiStateMachine( 1067): id=1803
05-15 16:59:27.345 D/HwWifiStateMachine( 1067): bssid=bc:46:99:31:9d:c8
05-15 16:59:27.345 D/HwWifiStateMachine( 1067): freq=2462
05-15 16:59:27.345 D/HwWifiStateMachine( 1067): level=-84
05-15 16:59:27.345 D/HwWifiStateMachine( 1067): tsf=0001273936901800
05-15 16:59:27.345 D/HwWifiStateMachine( 1067): flags=[WPA-PSK-CCMP][WPA2-PSK-CCMP][ESS]
05-15 16:59:27.345 D/HwWifiStateMachine( 1067): ssid=LEO
05-15 16:59:27.345 D/HwWifiStateMachine( 1067): ====
05-15 16:59:27.345 D/HwWifiStateMachine( 1067): id=1804
05-15 16:59:27.345 D/HwWifiStateMachine( 1067): bssid=d4:ee:07:28:67:02
05-15 16:59:27.345 D/HwWifiStateMachine( 1067): freq=2472
05-15 16:59:27.345 D/HwWifiStateMachine( 1067): level=-92
05-15 16:59:27.345 D/HwWifiStateMachine( 1067): tsf=0001273936901827
05-15 16:59:27.345 D/HwWifiStateMachine( 1067): flags=[WPA-PSK-CCMP][WPA2-PSK-CCMP][ESS]
05-15 16:59:27.345 D/HwWifiStateMachine( 1067): ssid=HiWiFi
05-15 16:59:27.345 D/HwWifiStateMachine( 1067): ====
05-15 16:59:27.345 D/HwWifiStateMachine( 1067): id=1805
05-15 16:59:27.345 D/HwWifiStateMachine( 1067): bssid=f2:b4:29:85:d8:86
05-15 16:59:27.345 D/HwWifiStateMachine( 1067): freq=2437
05-15 16:59:27.345 D/HwWifiStateMachine( 1067): level=-81
05-15 16:59:27.345 D/HwWifiStateMachine( 1067): tsf=0001273936901766
05-15 16:59:27.345 D/HwWifiStateMachine( 1067): flags=[WPS][ESS]
05-15 16:59:27.345 D/HwWifiStateMachine( 1067): ssid=\xe7\x94\xa8\xe5\xbe\xae\xe4\xbf\xa1\xe8\xbf\x9e\xe8\x80\x81\xe5\xad\x90
05-15 16:59:27.345 D/HwWifiStateMachine( 1067): ####
05-15 16:59:27.355 E/WifiStateMachine( 1067): wifi setScanResults statecom.android.server.wifi.WifiStateMachine$ConnectedState@aa460c0 sup_state=COMPLETED debouncing=false mConnectionRequests=0 selection="TP-LINK_lzn"-WPA_PSK
05-15 16:59:27.355 E/WifiAutoJoinController ( 1067): TP-LINK_lzn fc:d7:33:43:b5:46 rssi=-54 cap [WPA-PSK-CCMP][WPA2-PSK-CCMP][ESS] is not scored
05-15 16:59:27.365 E/WifiAutoJoinController ( 1067): FAST_kai 78:eb:14:29:10:46 rssi=-30 cap [WPA-PSK-CCMP+TKIP][WPA2-PSK-CCMP+TKIP][WPS][ESS] is not scored
05-15 16:59:27.365 E/WifiAutoJoinController ( 1067): kira_yagamilaidou f0:b4:29:5d:07:d1 rssi=-64 cap [WPA-PSK-CCMP+TKIP][WPA2-PSK-CCMP+TKIP][WPS][ESS] is not scored
05-15 16:59:27.365 E/WifiAutoJoinController ( 1067): midea_FC_1571 f0:b4:29:0a:fc:fe rssi=-82 cap [WPA2-PSK-CCMP][ESS] is not scored
05-15 16:59:27.365 E/WifiAutoJoinController ( 1067): 1306 14:75:90:51:58:2b rssi=-88 cap [WPA-PSK-CCMP][WPA2-PSK-CCMP][WPS][ESS] is not scored
05-15 16:59:27.365 E/WifiAutoJoinController ( 1067): king 80:89:17:83:04:f0 rssi=-77 cap [WPA-PSK-CCMP][WPA2-PSK-CCMP][ESS] is not scored
05-15 16:59:27.365 E/WifiAutoJoinController ( 1067): ziroom-1701 24:69:68:18:09:a2 rssi=-75 cap [WPA-PSK-CCMP][WPA2-PSK-CCMP][ESS] is not scored
05-15 16:59:27.365 E/WifiAutoJoinController ( 1067): TP-LINK1506 88:25:93:99:85:bf rssi=-79 cap [WPA-PSK-CCMP][WPA2-PSK-CCMP][ESS] is not scored
05-15 16:59:27.365 E/WifiAutoJoinController ( 1067): TP-LINK_56B5C0 5c:63:bf:56:b5:c0 rssi=-83 cap [WPA-PSK-CCMP][WPA2-PSK-CCMP][WPS][ESS] is not scored
05-15 16:59:27.365 E/WifiAutoJoinController ( 1067): 2605 78:d3:8d:ce:ac:38 rssi=-81 cap [WPA2-PSK-CCMP][ESS] is not scored
05-15 16:59:27.365 E/WifiAutoJoinController ( 1067): 2405 a4:56:02:49:46:b5 rssi=-83 cap [WPA-PSK-CCMP][WPA2-PSK-CCMP][ESS] is not scored
05-15 16:59:27.365 E/WifiAutoJoinController ( 1067): chengmingantong 14:75:90:e1:58:18 rssi=-85 cap [WPA-PSK-CCMP][WPA2-PSK-CCMP][ESS] is not scored
05-15 16:59:27.365 E/WifiAutoJoinController ( 1067): ZERO 14:75:90:31:2e:40 rssi=-87 cap [WPA-PSK-CCMP][WPA2-PSK-CCMP][ESS] is not scored
05-15 16:59:27.365 E/WifiAutoJoinController ( 1067): TP-LINK_FF5D 30:fc:68:ea:ff:5d rssi=-85 cap [WPA-PSK-CCMP][WPA2-PSK-CCMP][ESS] is not scored
05-15 16:59:27.365 E/WifiAutoJoinController ( 1067): 123456 bc:14:ef:a1:60:96 rssi=-89 cap [WPA2-PSK-CCMP][ESS] is not scored
05-15 16:59:27.365 E/WifiAutoJoinController ( 1067): 106 d0:c7:c0:ff:dc:e0 rssi=-78 cap [WPA-PSK-CCMP][WPA2-PSK-CCMP][ESS] is not scored
05-15 16:59:27.365 E/WifiAutoJoinController ( 1067): qishao fc:d7:33:0a:37:40 rssi=-81 cap [WPA-PSK-CCMP][WPA2-PSK-CCMP][ESS] is not scored
05-15 16:59:27.365 E/WifiAutoJoinController ( 1067): CU_3FnS 30:f3:35:88:a3:80 rssi=-83 cap [WPA2-PSK-CCMP][ESS] is not scored
05-15 16:59:27.365 E/WifiAutoJoinController ( 1067): 702 44:94:fc:57:a0:93 rssi=-83 cap [WPA2-PSK-CCMP][WPS][ESS] is not scored
05-15 16:59:27.365 E/WifiAutoJoinController ( 1067): LEO bc:46:99:31:9d:c8 rssi=-84 cap [WPA-PSK-CCMP][WPA2-PSK-CCMP][ESS] is not scored
05-15 16:59:27.365 E/WifiAutoJoinController ( 1067): HiWiFi d4:ee:07:28:67:02 rssi=-92 cap [WPA-PSK-CCMP][WPA2-PSK-CCMP][ESS] is not scored
05-15 16:59:27.365 E/WifiAutoJoinController ( 1067):  f2:b4:29:85:d8:86 rssi=-81 cap [WPS][ESS] is not scored
05-15 16:59:27.365 E/WifiAutoJoinController ( 1067): ageScanResultsOut delay 40000 size 23 now 1463302767376
05-15 16:59:27.365 E/WifiAutoJoinController ( 1067): newSupplicantResults size=22 known=1 true
05-15 16:59:27.365 D/WifiNative-wlan0( 1067): doString: [STATUS-NO_EVENTS]
05-15 16:59:27.365 D/wpa_supplicant(25276): wlan0: Control interface command 'STATUS-NO_EVENTS'
05-15 16:59:27.365 E/WifiHW  ( 1067): wifi_send_command enter;cmd:IFNAME=wlan0 STATUS-NO_EVENTS;reply:bssid=fc:d7:33:43:b5:46
05-15 16:59:27.365 E/WifiHW  ( 1067): freq=2462
05-15 16:59:27.365 E/WifiHW  ( 1067): ssid=TP-LINK_lzn
05-15 16:59:27.365 E/WifiHW  ( 1067): id=5
05-15 16:59:27.365 E/WifiHW  ( 1067): mode=station
05-15 16:59:27.365 E/WifiHW  ( 1067): pairwise_cipher=CCMP
05-15 16:59:27.365 E/WifiHW  ( 1067): group_cipher=CCMP
05-15 16:59:27.365 E/WifiHW  ( 1067): key_mgmt=WPA2-PSK
05-15 16:59:27.365 E/WifiHW  ( 1067): wpa_state=COMPLETED
05-15 16:59:27.365 E/WifiHW  ( 1067): ip_address=192.168.1.106
05-15 16:59:27.365 E/WifiHW  ( 1067): p2p_device_address=1e:67:58:67:a1:03
05-15 16:59:27.365 E/WifiHW  ( 1067): address=1c:67:58:67:a1:03
05-15 16:59:27.365 E/WifiHW  ( 1067): uuid=c7125ab0-216e-50e8-b800-7845786e043e
05-15 16:59:27.365 E/WifiHW  ( 1067): ;reply_len:276;
05-15 16:59:27.375 D/WifiNative-wlan0( 1067): log has macaddr, hide it
05-15 16:59:27.375 E/WifiAutoJoinController ( 1067): attemptAutoJoin() status=bssid=fc:d7:33:43:b5:46
05-15 16:59:27.375 E/WifiAutoJoinController ( 1067): freq=2462
05-15 16:59:27.375 E/WifiAutoJoinController ( 1067): ssid=TP-LINK_lzn
05-15 16:59:27.375 E/WifiAutoJoinController ( 1067): id=5
05-15 16:59:27.375 E/WifiAutoJoinController ( 1067): mode=station
05-15 16:59:27.375 E/WifiAutoJoinController ( 1067): pairwise_cipher=CCMP
05-15 16:59:27.375 E/WifiAutoJoinController ( 1067): group_cipher=CCMP
05-15 16:59:27.375 E/WifiAutoJoinController ( 1067): key_mgmt=WPA2-PSK
05-15 16:59:27.375 E/WifiAutoJoinController ( 1067): wpa_state=COMPLETED
05-15 16:59:27.375 E/WifiAutoJoinController ( 1067): ip_address=192.168.1.106
05-15 16:59:27.375 E/WifiAutoJoinController ( 1067): p2p_device_address=1e:67:58:67:a1:03
05-15 16:59:27.375 E/WifiAutoJoinController ( 1067): address=1c:67:58:67:a1:03
05-15 16:59:27.375 E/WifiAutoJoinController ( 1067): uuid=c7125ab0-216e-50e8-b800-7845786e043e split=13
05-15 16:59:27.375 E/WifiAutoJoinController ( 1067): attemptAutoJoin() num recent config 1 current="TP-LINK_lzn"-WPA_PSK last="TP-LINK_lzn"-WPA_PSK ---> suppNetId=5
05-15 16:59:27.375 E/WifiAutoJoinController ( 1067): attemptAutoJoin good candidate seen, bumped hard -> status=0 "TP-LINK_lzn"-WPA_PSK rssi=(-54,-127) num=(1,0)
05-15 16:59:27.375 E/WifiAutoJoinController ( 1067): attemptAutoJoin skip current candidate  5 key "TP-LINK_lzn"-WPA_PSK
05-15 16:59:27.375 E/WifiAutoJoinController ( 1067): attemptRoam: "TP-LINK_lzn"-WPA_PSK Found fc:d7:33:43:b5:46 rssi=-54 freq=2462 Current: fc:d7:33:43:b5:46
05-15 16:59:27.375 E/WifiAutoJoinController ( 1067): Done attemptAutoJoin status=0
05-15 16:59:27.375 I/ActivityManager( 1067): filter receiver for action = android.net.wifi.SCAN_RESULTS
05-15 16:59:27.385 D/LBSSystemMonitorService( 1067): handleMessage what - 4
05-15 16:59:27.385 D/Wiper_jni( 1067): Send Network Location.
05-15 16:59:27.385 V/SMCSAMSHelper( 1067): SMCSAMSHelper.addSTPEvent: cost 0 ms end.
05-15 16:59:27.385 V/SMCSAMSHelper( 1067): SMCSAMSHelper.smartTrimAddProcessRelation: cost 0 ms end.
05-15 16:59:27.395 E/LocSvc_api_v02( 1067): I/---> locClientSendReq line 2340 QMI_LOC_INJECT_WIFI_POSITION_REQ_V02
05-15 16:59:27.395 E/LocSvc_ApiV02( 1067): I/<--- void globalRespCb(locClientHandleType, uint32_t, locClientRespIndUnionType, void*) line 106 QMI_LOC_INJECT_WIFI_POSITION_REQ_V02
05-15 16:59:27.905 I/MSM-irqbalance(  439): Decided to move IRQ130 from CPU4 to CPU6
05-15 16:59:28.025 D/StatusBar.MSimNetworkController( 1681): The latest refersh is 1029 ms ago!
05-15 16:59:28.025 D/StatusBar.MSimNetworkController( 1681): refreshviews update icon subscription===0 mMSimPhoneSignalIconId[subscription]===2130838395 mMSimPhoneSignalTypeIconId[subscription]===0 mMSimMobileActivityIconId[subscription]===0 mMSimDataTypeIconId[subscription]===0
05-15 16:59:28.025 D/HwCustMSimSignalClusterViewImpl( 1681): applyVSim, sub = -1
05-15 16:59:28.035 D/HwCustMSimSignalClusterViewImpl( 1681): applyVSim, sub = 0
05-15 16:59:28.035 D/HwCustMSimSignalClusterViewImpl( 1681): applyVSim, sub = 0
05-15 16:59:28.035 D/HwCustMSimSignalClusterViewImpl( 1681): applyVSim, sub = -1
05-15 16:59:28.035 D/HwCustMSimSignalClusterViewImpl( 1681): applyVSim, sub = -1
05-15 16:59:28.035 D/HwCustMSimSignalClusterViewImpl( 1681): applyVSim, sub = 0
05-15 16:59:28.035 D/HwCustMSimSignalClusterViewImpl( 1681): applyVSim, sub = 0
05-15 16:59:28.045 D/HwCustMSimSignalClusterViewImpl( 1681): applyVSim, sub = -1
05-15 16:59:28.045 D/StatusBar.MSimNetworkController( 1681): changing data overlay icon id to 0
05-15 16:59:28.045 D/StatusBar.MSimNetworkController( 1681): The latest refersh is 1021 ms ago!
05-15 16:59:28.045 D/StatusBar.MSimNetworkController( 1681): refreshviews update icon subscription===0 mMSimPhoneSignalIconId[subscription]===2130838395 mMSimPhoneSignalTypeIconId[subscription]===0 mMSimMobileActivityIconId[subscription]===0 mMSimDataTypeIconId[subscription]===0
05-15 16:59:28.045 D/StatusBar.MSimNetworkController( 1681): changing data overlay icon id to 0
05-15 16:59:28.065 I/SurfaceFlinger(  336): FPS: 1
05-15 16:59:28.125 D/SupplicantHeartBeat( 1067): handleMessage: E msg.what=999903
05-15 16:59:28.125 D/SupplicantHeartBeat( 1067): processMsg: HeartAckState
05-15 16:59:28.125 D/SupplicantHeartBeat( 1067): enter HeartAckState: msg = { when=-13ms what=999903 target=com.android.internal.util.StateMachine$SmHandler }
05-15 16:59:28.125 D/SupplicantHeartBeat( 1067): enter heartBeat ...
05-15 16:59:28.125 D/WifiNative-wlan0( 1067): doString: [HEART_BEAT CHECK]
05-15 16:59:28.125 D/wpa_supplicant(25276): wlan0: Control interface command 'HEART_BEAT CHECK'
05-15 16:59:28.125 I/wpa_supplicant(25276): wlan0: HEART-BEAT-ACK: 1991
05-15 16:59:28.125 D/wpa_supplicant(25276): CTRL_IFACE monitor sent successfully to /data/misc/wifi/sockets/wpa_ctrl_1067-65\x00
05-15 16:59:28.125 E/WifiHW  ( 1067): wifi_wait_on_socket enter;buf:IFNAME=wlan0 <3>HEART-BEAT-ACK: 1991;nread:36;
05-15 16:59:28.125 D/WifiMonitor( 1067): Event [IFNAME=wlan0 HEART-BEAT-ACK: 1991]
05-15 16:59:28.125 D/WifiMonitor( 1067): Dispatching event to interface: wlan0
05-15 16:59:28.125 E/WifiMonitor( 1067): WifiMonitor:wlan0 cnt=146862 dispatchEvent: HEART-BEAT-ACK: 1991
05-15 16:59:28.125 E/WifiHW  ( 1067): wifi_send_command enter;cmd:IFNAME=wlan0 HEART_BEAT CHECK;reply:HEART-BEAT-ACK: 1991
05-15 16:59:28.125 E/WifiHW  ( 1067): ;reply_len:21;
05-15 16:59:28.125 E/WifiStateMachine( 1067):  ConnectedState !what:147506 0 0
05-15 16:59:28.125 D/WifiNative-wlan0( 1067):    returned HEART-BEAT-ACK: 1991
05-15 16:59:28.125 E/WifiStateMachine( 1067):  L2ConnectedState !what:147506 0 0
05-15 16:59:28.125 D/SupplicantHeartBeat( 1067): transitionTo: destState=WaitingHeartAckState
05-15 16:59:28.125 D/SupplicantHeartBeat( 1067): handleMessage: new destination call exit/enter
05-15 16:59:28.125 D/SupplicantHeartBeat( 1067): setupTempStateStackWithStatesToEnter: X mTempStateStackCount=1,curStateInfo: state=EnterSupplicantStarted,active=true,parent=DefaultState
05-15 16:59:28.125 D/SupplicantHeartBeat( 1067): invokeExitMethods: HeartAckState
05-15 16:59:28.125 D/SupplicantHeartBeat( 1067): moveTempStackToStateStack: i=0,j=2
05-15 16:59:28.125 D/SupplicantHeartBeat( 1067): moveTempStackToStateStack: X mStateStackTop=2,startingIndex=2,Top=WaitingHeartAckState
05-15 16:59:28.125 D/SupplicantHeartBeat( 1067): invokeEnterMethods: WaitingHeartAckState
05-15 16:59:28.125 D/SupplicantHeartBeat( 1067): handleMessage: X
05-15 16:59:28.125 E/WifiStateMachine( 1067):  ConnectModeState !what:147506 0 0
05-15 16:59:28.125 E/WifiStateMachine( 1067):  DriverStartedState !what:147506 0 0
05-15 16:59:28.125 E/WifiStateMachine( 1067):  SupplicantStartedState !what:147506 0 0
05-15 16:59:28.125 D/SupplicantHeartBeat( 1067): handleMessage: E msg.what=147506
05-15 16:59:28.125 D/SupplicantHeartBeat( 1067): processMsg: WaitingHeartAckState
05-15 16:59:28.125 D/SupplicantHeartBeat( 1067): enter WaitingHeartAckState: msg = { when=0 what=147506 target=com.android.internal.util.StateMachine$SmHandler }
05-15 16:59:28.125 D/SupplicantHeartBeat( 1067): transitionTo: destState=HeartAckState
05-15 16:59:28.125 D/SupplicantHeartBeat( 1067): handleMessage: new destination call exit/enter
05-15 16:59:28.125 D/SupplicantHeartBeat( 1067): setupTempStateStackWithStatesToEnter: X mTempStateStackCount=1,curStateInfo: state=EnterSupplicantStarted,active=true,parent=DefaultState
05-15 16:59:28.125 D/SupplicantHeartBeat( 1067): invokeExitMethods: WaitingHeartAckState
05-15 16:59:28.125 D/SupplicantHeartBeat( 1067): moveTempStackToStateStack: i=0,j=2
05-15 16:59:28.125 D/SupplicantHeartBeat( 1067): moveTempStackToStateStack: X mStateStackTop=2,startingIndex=2,Top=HeartAckState
05-15 16:59:28.125 D/SupplicantHeartBeat( 1067): invokeEnterMethods: HeartAckState
05-15 16:59:28.125 D/SupplicantHeartBeat( 1067): handleMessage: X
05-15 16:59:30.345 E/WifiStateMachine( 1067):  ConnectedState !CMD_RSSI_POLL 286 0 "TP-LINK_lzn" fc:d7:33:43:b5:46 rssi=-54 f=2462 sc=60 link=72 tx=0.0, 0.0, 0.0  rx=0.1 bcn=0 [on:0 tx:0 rx:0 period:3002] from screen [on:0 period:-1281077581] gl hn u24 rssi=-49 ag=0 hr ls-=0 [56,56,56,56,61] brc=0 lrc=0
05-15 16:59:30.345 E/WifiStateMachine( 1067):  L2ConnectedState !CMD_RSSI_POLL 286 0 "TP-LINK_lzn" fc:d7:33:43:b5:46 rssi=-54 f=2462 sc=60 link=72 tx=0.0, 0.0, 0.0  rx=0.1 bcn=0 [on:0 tx:0 rx:0 period:1] from screen [on:0 period:-1281077580] gl hn u24 rssi=-49 ag=0 hr ls-=0 [56,56,56,56,61] brc=0 lrc=0
05-15 16:59:30.345 D/WifiNative-wlan0( 1067): doString: [SIGNAL_POLL]
05-15 16:59:30.345 D/wpa_supplicant(25276): wlan0: Control interface command 'SIGNAL_POLL'
05-15 16:59:30.355 E/wpa_supplicant(25276): RSSI=-52;LINKSPEED=72;NOISE=9999;FREQUENCY=2462;
05-15 16:59:30.365 E/WifiHW  ( 1067): wifi_send_command enter;cmd:IFNAME=wlan0 SIGNAL_POLL;
05-15 16:59:30.365 D/WifiCHRStateManager( 1067): updateChannel:2462
05-15 16:59:30.365 E/WifiStateMachine( 1067): fetchRssiLinkSpeedAndFrequencyNative rssi=-52 linkspeed=72 SSID="TP-LINK_lzn"
05-15 16:59:30.365 E/WifiStateMachine( 1067): calculateWifiScore freq=2462 speed=72 score=60 highRSSI  -> txbadrate=0.00 txgoodrate=0.00 txretriesrate=0.00 rxrate=0.06 userTriggerdPenalty0
05-15 16:59:30.365 E/WifiStateMachine( 1067):  good link -> stuck count =0
05-15 16:59:30.365 E/WifiStateMachine( 1067):  badRSSI count0 lowRSSI count0 --> score 56
05-15 16:59:30.365 E/WifiStateMachine( 1067):  isHighRSSI       ---> score=61
05-15 16:59:30.785 V/AudioManager( 1067): isMusicActive...
05-15 16:59:30.785 V/AudioManager( 1067): isWiredHeadsetOn...
05-15 16:59:31.125 D/SupplicantHeartBeat( 1067): handleMessage: E msg.what=999904
05-15 16:59:31.125 D/SupplicantHeartBeat( 1067): processMsg: HeartAckState
05-15 16:59:31.125 D/SupplicantHeartBeat( 1067): enter HeartAckState: msg = { when=-4ms what=999904 target=com.android.internal.util.StateMachine$SmHandler }
05-15 16:59:31.125 D/SupplicantHeartBeat( 1067): processMsg: EnterSupplicantStarted
05-15 16:59:31.125 D/SupplicantHeartBeat( 1067): processMsg: DefaultState
05-15 16:59:31.125 D/SupplicantHeartBeat( 1067): enter DefaultState: msg = { when=-4ms what=999904 target=com.android.internal.util.StateMachine$SmHandler }
05-15 16:59:31.125 D/SupplicantHeartBeat( 1067): handleMessage: X
05-15 16:59:31.225 D/ArpVerifier( 1067): performPollAndLog:
05-15 16:59:32.175 E/LocSvc_libulp( 1067): I/===> int ulp_msg_process_system_update(UlpSystemEvent) line 1455 
05-15 16:59:32.175 E/LocSvc_libulp( 1067): I/int ulp_msg_process_system_update(UlpSystemEvent): systemEvent:5 
05-15 16:59:32.175 E/LocSvc_libulp( 1067): I/===> int ulp_brain_process_system_update(UlpSystemEvent) line 2352 
05-15 16:59:32.175 E/LocSvc_libulp( 1067): I/===> int ulp_brain_select_providers() line 333 
05-15 16:59:32.175 E/LocSvc_libulp( 1067): I/===> int ulp_brain_turn_onoff_quipc_provider() line 700 
05-15 16:59:32.175 E/LocSvc_libulp( 1067): I/===> int ulp_quipc_stop_engine() line 235 
05-15 16:59:32.175 E/LocSvc_libulp( 1067): I/===> bool ulp_quipc_engine_running() line 60 
05-15 16:59:32.175 E/LocSvc_libulp( 1067): I/===> int ulp_brain_turn_onoff_gnss_provider() line 595 
05-15 16:59:32.175 E/LocSvc_libulp( 1067): I/===> int ulp_gnss_stop_engine() line 262 
05-15 16:59:32.175 E/LocSvc_libulp( 1067): I/===> bool ulp_quipc_engine_running() line 60 
05-15 16:59:32.175 E/LocSvc_libulp( 1067): I/===> int ulp_brain_turn_onoff_gnp_provider() line 496 
05-15 16:59:32.175 E/LocSvc_libulp( 1067): I/===> bool ulp_gnp_engine_running() line 59 
05-15 16:59:32.175 E/LocSvc_libulp( 1067): I/===> int ulp_gnp_stop_engine() line 195 
05-15 16:59:32.175 E/LocSvc_libulp( 1067): I/===> bool ulp_gnp_engine_running() line 59 
05-15 16:59:32.175 E/LocSvc_libulp( 1067): I/===> bool ulp_gnp_engine_running() line 59 
05-15 16:59:32.175 E/LocSvc_libulp( 1067): I/===> int ulp_brain_turn_onoff_zpp_provider() line 437 
05-15 16:59:32.175 E/LocSvc_libulp( 1067): I/===> int ulp_zpp_start_engine() line 98 
05-15 16:59:32.175 E/LocSvc_libulp( 1067): I/===> bool ulp_zpp_engine_running() line 62 
05-15 16:59:32.175 E/LocSvc_libulp( 1067): I/===> int ulp_msg_process_start_req() line 447 
05-15 16:59:32.175 E/LocSvc_libulp( 1067): I/int ulp_msg_process_start_req(), at ulp state = 1
05-15 16:59:32.175 E/LocSvc_api_v02( 1067): I/---> locClientSendReq line 2340 QMI_LOC_GET_BEST_AVAILABLE_POSITION_REQ_V02
05-15 16:59:32.175 E/LocSvc_ApiV02( 1067): I/<--- void globalRespCb(locClientHandleType, uint32_t, locClientRespIndUnionType, void*) line 106 QMI_LOC_GET_BEST_AVAILABLE_POSITION_REQ_V02
05-15 16:59:32.175 E/LocSvc_libulp( 1067): I/===> int ulp_brain_process_zpp_position_report(loc_sess_status, LocPosTechMask, const UlpLocation*) line 1463 
05-15 16:59:32.175 E/LocSvc_libulp( 1067): I/===> int ulp_msg_send_generic_position_report(loc_sess_status, LocPosTechMask, const UlpLocation*, const GpsLocationExtended*, const void*) line 1011 
05-15 16:59:32.175 D/Ulp_jni ( 1067): Location CB invoked
05-15 16:59:32.175 E/LocSvc_libulp( 1067): I/int ulp_brain_process_zpp_position_report(loc_sess_status, LocPosTechMask, const UlpLocation*), report ZPP position to providers,report_position = 1
05-15 16:59:32.175 E/LocSvc_libulp( 1067): I/===> int ulp_brain_select_providers() line 333 
05-15 16:59:32.175 E/LocSvc_libulp( 1067): I/===> int ulp_brain_turn_onoff_quipc_provider() line 700 
05-15 16:59:32.175 E/LocSvc_libulp( 1067): I/===> int ulp_quipc_stop_engine() line 235 
05-15 16:59:32.175 E/LocSvc_libulp( 1067): I/===> bool ulp_quipc_engine_running() line 60 
05-15 16:59:32.175 E/LocSvc_libulp( 1067): I/===> int ulp_brain_turn_onoff_gnss_provider() line 595 
05-15 16:59:32.175 E/LocSvc_libulp( 1067): I/===> int ulp_gnss_stop_engine() line 262 
05-15 16:59:32.175 E/LocSvc_libulp( 1067): I/===> bool ulp_quipc_engine_running() line 60 
05-15 16:59:32.175 E/LocSvc_libulp( 1067): I/===> int ulp_brain_turn_onoff_gnp_provider() line 496 
05-15 16:59:32.175 E/LocSvc_libulp( 1067): I/===> bool ulp_gnp_engine_running() line 59 
05-15 16:59:32.175 E/LocSvc_libulp( 1067): I/===> int ulp_gnp_stop_engine() line 195 
05-15 16:59:32.175 E/LocSvc_libulp( 1067): I/===> bool ulp_gnp_engine_running() line 59 
05-15 16:59:32.175 E/LocSvc_libulp( 1067): I/===> bool ulp_gnp_engine_running() line 59 
05-15 16:59:32.175 E/LocSvc_libulp( 1067): I/===> int ulp_brain_turn_onoff_zpp_provider() line 437 
05-15 16:59:32.175 E/LocSvc_libulp( 1067): I/===> int ulp_zpp_stop_engine() line 174 
05-15 16:59:32.175 E/LocSvc_libulp( 1067): I/===> bool ulp_zpp_engine_running() line 62 
05-15 16:59:32.175 D/LocationManagerService( 1067): incoming location: Location[fused 40******,116****** acc=4604 et=+14d17h52m21s739ms alt=58.0 vel=0.0 bear=81.0 {Bundle[{}]}]
05-15 16:59:32.175 D/LocationManagerService( 1067): incoming location: Location[fused 40******,116****** acc=4604 et=+14d17h52m21s739ms alt=58.0 vel=0.0 bear=81.0 {Bundle[{}]}]
05-15 16:59:32.175 D/PowerManagerService( 1067): acquireWakeLockInternal: lock=435595903, flags=0x1, packageName=android, ws=WorkSource{1000 android}, uid=1000, pid=1067
05-15 16:59:32.175 D/PowerManagerService( 1067): updateWakeLockSummaryLocked: mWakefulness=Awake, mWakeLockSummary=0x1
05-15 16:59:32.175 D/PowerManagerService( 1067): updateUserActivitySummaryLocked: mWakefulness=Awake, mUserActivitySummary=0x1, nextTimeout=518360379 (in 1620520 ms)
05-15 16:59:32.185 D/PowerManagerService( 1067): updateDisplayPowerStateLocked: mDisplayReady=true, policy=3, mWakefulness=1, mWakeLockSummary=0x1, mUserActivitySummary=0x1, mBootCompleted=true, mScreenBrightnessBoostInProgress=false, useProximitySensor=false, mRequestWaitForNegativeProximity=false, mBrightnessWaitModeEnabled=false
05-15 16:59:32.185 D/PowerManagerService( 1067): Acquiring suspend blocker "PowerManagerService.WakeLocks".
05-15 16:59:32.185 D/PowerManagerService( 1067): acquireWakeLockInternal: lock=322140748, flags=0x1, packageName=android, ws=WorkSource{10015 com.baidu.map.location}, uid=1000, pid=1067
05-15 16:59:32.185 D/PowerManagerService( 1067): updateWakeLockSummaryLocked: mWakefulness=Awake, mWakeLockSummary=0x1
05-15 16:59:32.185 D/PowerManagerService( 1067): updateUserActivitySummaryLocked: mWakefulness=Awake, mUserActivitySummary=0x1, nextTimeout=518360379 (in 1620514 ms)
05-15 16:59:32.185 D/PowerManagerService( 1067): updateDisplayPowerStateLocked: mDisplayReady=true, policy=3, mWakefulness=1, mWakeLockSummary=0x1, mUserActivitySummary=0x1, mBootCompleted=true, mScreenBrightnessBoostInProgress=false, useProximitySensor=false, mRequestWaitForNegativeProximity=false, mBrightnessWaitModeEnabled=false
05-15 16:59:32.185 D/PowerManagerService( 1067): acquireWakeLockInternal: lock=664991658, flags=0x1, packageName=android, ws=WorkSource{1000 android}, uid=1000, pid=1067
05-15 16:59:32.185 D/PowerManagerService( 1067): updateWakeLockSummaryLocked: mWakefulness=Awake, mWakeLockSummary=0x1
05-15 16:59:32.185 D/PowerManagerService( 1067): updateUserActivitySummaryLocked: mWakefulness=Awake, mUserActivitySummary=0x1, nextTimeout=518360379 (in 1620513 ms)
05-15 16:59:32.185 D/PowerManagerService( 1067): updateDisplayPowerStateLocked: mDisplayReady=true, policy=3, mWakefulness=1, mWakeLockSummary=0x1, mUserActivitySummary=0x1, mBootCompleted=true, mScreenBrightnessBoostInProgress=false, useProximitySensor=false, mRequestWaitForNegativeProximity=false, mBrightnessWaitModeEnabled=false
05-15 16:59:32.185 D/PowerManagerService( 1067): acquireWakeLockInternal: lock=1062563739, flags=0x1, packageName=android, ws=WorkSource{1000 com.qualcomm.location}, uid=1000, pid=1067
05-15 16:59:32.185 D/PowerManagerService( 1067): updateWakeLockSummaryLocked: mWakefulness=Awake, mWakeLockSummary=0x1
05-15 16:59:32.185 D/PowerManagerService( 1067): updateUserActivitySummaryLocked: mWakefulness=Awake, mUserActivitySummary=0x1, nextTimeout=518360379 (in 1620513 ms)
05-15 16:59:32.185 D/PowerManagerService( 1067): updateDisplayPowerStateLocked: mDisplayReady=true, policy=3, mWakefulness=1, mWakeLockSummary=0x1, mUserActivitySummary=0x1, mBootCompleted=true, mScreenBrightnessBoostInProgress=false, useProximitySensor=false, mRequestWaitForNegativeProximity=false, mBrightnessWaitModeEnabled=false
05-15 16:59:32.185 D/PowerManagerService( 1067): releaseWakeLockInternal: lock=322140748, flags=0x0, packageName=android", ws=WorkSource{10015 com.baidu.map.location}, uid=1000, pid=1067
05-15 16:59:32.185 D/PowerManagerService( 1067): updateWakeLockSummaryLocked: mWakefulness=Awake, mWakeLockSummary=0x1
05-15 16:59:32.185 D/PowerManagerService( 1067): updateUserActivitySummaryLocked: mWakefulness=Awake, mUserActivitySummary=0x1, nextTimeout=518360379 (in 1620512 ms)
05-15 16:59:32.185 D/PowerManagerService( 1067): updateDisplayPowerStateLocked: mDisplayReady=true, policy=3, mWakefulness=1, mWakeLockSummary=0x1, mUserActivitySummary=0x1, mBootCompleted=true, mScreenBrightnessBoostInProgress=false, useProximitySensor=false, mRequestWaitForNegativeProximity=false, mBrightnessWaitModeEnabled=false
05-15 16:59:32.185 D/PowerManagerService( 1067): releaseWakeLockInternal: lock=1062563739, flags=0x0, packageName=android", ws=WorkSource{1000 com.qualcomm.location}, uid=1000, pid=1067
05-15 16:59:32.185 D/PowerManagerService( 1067): updateWakeLockSummaryLocked: mWakefulness=Awake, mWakeLockSummary=0x1
05-15 16:59:32.185 D/PowerManagerService( 1067): updateUserActivitySummaryLocked: mWakefulness=Awake, mUserActivitySummary=0x1, nextTimeout=518360379 (in 1620511 ms)
05-15 16:59:32.185 D/PowerManagerService( 1067): updateDisplayPowerStateLocked: mDisplayReady=true, policy=3, mWakefulness=1, mWakeLockSummary=0x1, mUserActivitySummary=0x1, mBootCompleted=true, mScreenBrightnessBoostInProgress=false, useProximitySensor=false, mRequestWaitForNegativeProximity=false, mBrightnessWaitModeEnabled=false
05-15 16:59:32.185 D/PowerManagerService( 1067): releaseWakeLockInternal: lock=435595903, flags=0x0, packageName=android", ws=WorkSource{1000 android}, uid=1000, pid=1067
05-15 16:59:32.185 D/PowerManagerService( 1067): updateWakeLockSummaryLocked: mWakefulness=Awake, mWakeLockSummary=0x1
05-15 16:59:32.185 D/PowerManagerService( 1067): updateUserActivitySummaryLocked: mWakefulness=Awake, mUserActivitySummary=0x1, nextTimeout=518360379 (in 1620511 ms)
05-15 16:59:32.185 D/PowerManagerService( 1067): updateDisplayPowerStateLocked: mDisplayReady=true, policy=3, mWakefulness=1, mWakeLockSummary=0x1, mUserActivitySummary=0x1, mBootCompleted=true, mScreenBrightnessBoostInProgress=false, useProximitySensor=false, mRequestWaitForNegativeProximity=false, mBrightnessWaitModeEnabled=false
05-15 16:59:32.185 D/PowerManagerService( 1067): releaseWakeLockInternal: lock=664991658, flags=0x0, packageName=android", ws=WorkSource{1000 android}, uid=1000, pid=1067
05-15 16:59:32.185 D/PowerManagerService( 1067): updateWakeLockSummaryLocked: mWakefulness=Awake, mWakeLockSummary=0x0
05-15 16:59:32.185 D/PowerManagerService( 1067): updateUserActivitySummaryLocked: mWakefulness=Awake, mUserActivitySummary=0x1, nextTimeout=518360379 (in 1620510 ms)
05-15 16:59:32.185 D/PowerManagerService( 1067): updateDisplayPowerStateLocked: mDisplayReady=true, policy=3, mWakefulness=1, mWakeLockSummary=0x0, mUserActivitySummary=0x1, mBootCompleted=true, mScreenBrightnessBoostInProgress=false, useProximitySensor=false, mRequestWaitForNegativeProximity=false, mBrightnessWaitModeEnabled=false
05-15 16:59:32.185 D/PowerManagerService( 1067): Releasing suspend blocker "PowerManagerService.WakeLocks".
05-15 16:59:32.305 W/ActivityManager( 1067): getRunningAppProcesses: caller 10111 does not hold REAL_GET_TASKS; limiting output
05-15 16:59:32.315 W/ActivityManager( 1067): getRunningAppProcesses: caller 10111 does not hold REAL_GET_TASKS; limiting output
05-15 16:59:32.905 I/MSM-irqbalance(  439): Decided to move IRQ104 from CPU4 to CPU6
05-15 16:59:33.375 E/WifiStateMachine( 1067):  ConnectedState !CMD_RSSI_POLL 286 0 "TP-LINK_lzn" fc:d7:33:43:b5:46 rssi=-52 f=2462 sc=60 link=72 tx=0.0, 0.0, 0.0  rx=0.1 bcn=0 [on:0 tx:0 rx:0 period:3003] from screen [on:0 period:-1281074559] gl hn u24 rssi=-47 ag=0 hr ls-=0 [56,56,56,56,61] brc=0 lrc=0
05-15 16:59:33.375 E/WifiStateMachine( 1067):  L2ConnectedState !CMD_RSSI_POLL 286 0 "TP-LINK_lzn" fc:d7:33:43:b5:46 rssi=-52 f=2462 sc=60 link=72 tx=0.0, 0.0, 0.0  rx=0.1 bcn=0 [on:0 tx:0 rx:0 period:1] from screen [on:0 period:-1281074558] gl hn u24 rssi=-47 ag=0 hr ls-=0 [56,56,56,56,61] brc=0 lrc=0
05-15 16:59:33.375 D/WifiNative-wlan0( 1067): doString: [SIGNAL_POLL]
05-15 16:59:33.375 D/wpa_supplicant(25276): wlan0: Control interface command 'SIGNAL_POLL'
05-15 16:59:33.385 E/wpa_supplicant(25276): RSSI=-55;LINKSPEED=72;NOISE=9999;FREQUENCY=2462;
05-15 16:59:33.385 E/WifiHW  ( 1067): wifi_send_command enter;cmd:IFNAME=wlan0 SIGNAL_POLL;
05-15 16:59:33.385 D/WifiCHRStateManager( 1067): updateChannel:2462
05-15 16:59:33.385 E/WifiStateMachine( 1067): fetchRssiLinkSpeedAndFrequencyNative rssi=-55 linkspeed=72 SSID="TP-LINK_lzn"
05-15 16:59:33.385 E/WifiStateMachine( 1067): calculateWifiScore freq=2462 speed=72 score=60 highRSSI  -> txbadrate=0.00 txgoodrate=0.00 txretriesrate=0.00 rxrate=0.03 userTriggerdPenalty0
05-15 16:59:33.385 E/WifiStateMachine( 1067):  good link -> stuck count =0
05-15 16:59:33.385 E/WifiStateMachine( 1067):  badRSSI count0 lowRSSI count0 --> score 56
05-15 16:59:33.385 E/WifiStateMachine( 1067):  isHighRSSI       ---> score=61
05-15 16:59:33.405 I/System.out( 6602): [CDS]EAGAIN in Recvfrom
05-15 16:59:33.405 I/System.out( 6602): [CDS]read byte is 0
05-15 16:59:33.405 I/System.out( 6602): [CDS]rx timeout:10000
05-15 16:59:33.405 I/System.out( 6602): [CDS]rx timeout:30000
05-15 16:59:35.785 V/AudioManager( 1067): isMusicActive...
05-15 16:59:35.785 V/AudioManager( 1067): isWiredHeadsetOn...
05-15 16:59:36.015 D/StatusBar.MSimNetworkController( 1681): refreshdata connected={ wifi } level=0 mMSimcombinedSignalIconId=0x7f0203c5/com.android.systemui:drawable/stat_sys_wifi_signal_4_fully mMSimcombinedActivityIconId=0x7f0203b9 mAirplaneMode=false mMSimDataActivity=0 mMSimPhoneSignalIconId=0x7f02037b mMSimDataDirectionIconId=0x0 mMSimDataSignalIconId=0x7f02037b mMSimDataTypeIconId=0x0 mNoSimIconVisible true mWifiIconId=0x7f0203c5 mBluetoothTetherIconId=0x1080694
05-15 16:59:36.015 D/StatusBar.MSimNetworkController( 1681): Send a message to refresh views 1s later!
05-15 16:59:36.025 D/StatusBar.MSimNetworkController( 1681): refreshdata connected={ wifi } level=0 mMSimcombinedSignalIconId=0x7f0203c5/com.android.systemui:drawable/stat_sys_wifi_signal_4_fully mMSimcombinedActivityIconId=0x7f0203b9 mAirplaneMode=false mMSimDataActivity=0 mMSimPhoneSignalIconId=0x7f02037b mMSimDataDirectionIconId=0x0 mMSimDataSignalIconId=0x7f02037b mMSimDataTypeIconId=0x0 mNoSimIconVisible true mWifiIconId=0x7f0203c5 mBluetoothTetherIconId=0x1080694
05-15 16:59:36.025 D/StatusBar.MSimNetworkController( 1681): Send a message to refresh views 1s later!
05-15 16:59:36.225 D/ArpVerifier( 1067): performPollAndLog:
05-15 16:59:36.385 E/WifiStateMachine( 1067):  ConnectedState !CMD_RSSI_POLL 286 0 "TP-LINK_lzn" fc:d7:33:43:b5:46 rssi=-55 f=2462 sc=60 link=72 tx=0.0, 0.0, 0.0  rx=0.0 bcn=0 [on:0 tx:0 rx:0 period:3004] from screen [on:0 period:-1281071538] gl hn u24 rssi=-50 ag=0 hr ls-=0 [56,56,56,56,61] brc=0 lrc=0
05-15 16:59:36.385 E/WifiStateMachine( 1067):  L2ConnectedState !CMD_RSSI_POLL 286 0 "TP-LINK_lzn" fc:d7:33:43:b5:46 rssi=-55 f=2462 sc=60 link=72 tx=0.0, 0.0, 0.0  rx=0.0 bcn=0 [on:0 tx:0 rx:0 period:1] from screen [on:0 period:-1281071537] gl hn u24 rssi=-50 ag=0 hr ls-=0 [56,56,56,56,61] brc=0 lrc=0
05-15 16:59:36.395 D/WifiNative-wlan0( 1067): doString: [SIGNAL_POLL]
05-15 16:59:36.395 D/wpa_supplicant(25276): wlan0: Control interface command 'SIGNAL_POLL'
05-15 16:59:36.405 E/wpa_supplicant(25276): RSSI=-55;LINKSPEED=72;NOISE=9999;FREQUENCY=2462;
05-15 16:59:36.405 E/WifiHW  ( 1067): wifi_send_command enter;cmd:IFNAME=wlan0 SIGNAL_POLL;
05-15 16:59:36.405 D/WifiCHRStateManager( 1067): updateChannel:2462
05-15 16:59:36.405 E/WifiStateMachine( 1067): fetchRssiLinkSpeedAndFrequencyNative rssi=-55 linkspeed=72 SSID="TP-LINK_lzn"
05-15 16:59:36.405 E/WifiStateMachine( 1067): calculateWifiScore freq=2462 speed=72 score=60 highRSSI  -> txbadrate=0.00 txgoodrate=0.00 txretriesrate=0.00 rxrate=5.02 userTriggerdPenalty0
05-15 16:59:36.405 E/WifiStateMachine( 1067):  good link -> stuck count =0
05-15 16:59:36.405 E/WifiStateMachine( 1067):  badRSSI count0 lowRSSI count0 --> score 56
05-15 16:59:36.405 E/WifiStateMachine( 1067):  isHighRSSI       ---> score=61
05-15 16:59:37.015 D/StatusBar.MSimNetworkController( 1681): The latest refersh is 8992 ms ago!
05-15 16:59:37.025 D/StatusBar.MSimNetworkController( 1681): refreshviews update icon subscription===0 mMSimPhoneSignalIconId[subscription]===2130838395 mMSimPhoneSignalTypeIconId[subscription]===0 mMSimMobileActivityIconId[subscription]===0 mMSimDataTypeIconId[subscription]===0
05-15 16:59:37.025 D/HwCustMSimSignalClusterViewImpl( 1681): applyVSim, sub = -1
05-15 16:59:37.025 D/HwCustMSimSignalClusterViewImpl( 1681): applyVSim, sub = 0
05-15 16:59:37.025 D/HwCustMSimSignalClusterViewImpl( 1681): applyVSim, sub = 0
05-15 16:59:37.035 D/HwCustMSimSignalClusterViewImpl( 1681): applyVSim, sub = -1
05-15 16:59:37.035 D/HwCustMSimSignalClusterViewImpl( 1681): applyVSim, sub = -1
05-15 16:59:37.035 D/HwCustMSimSignalClusterViewImpl( 1681): applyVSim, sub = 0
05-15 16:59:37.035 D/HwCustMSimSignalClusterViewImpl( 1681): applyVSim, sub = 0
05-15 16:59:37.045 D/StatusBar.MSimNetworkController( 1681): refreshdata connected={ wifi } level=0 mMSimcombinedSignalIconId=0x7f0203c5/com.android.systemui:drawable/stat_sys_wifi_signal_4_fully mMSimcombinedActivityIconId=0x0 mAirplaneMode=false mMSimDataActivity=0 mMSimPhoneSignalIconId=0x7f02037b mMSimDataDirectionIconId=0x0 mMSimDataSignalIconId=0x7f02037b mMSimDataTypeIconId=0x0 mNoSimIconVisible true mWifiIconId=0x7f0203c5 mBluetoothTetherIconId=0x1080694
05-15 16:59:37.045 D/StatusBar.MSimNetworkController( 1681): refreshdata connected={ wifi } level=0 mMSimcombinedSignalIconId=0x7f0203c5/com.android.systemui:drawable/stat_sys_wifi_signal_4_fully mMSimcombinedActivityIconId=0x0 mAirplaneMode=false mMSimDataActivity=0 mMSimPhoneSignalIconId=0x7f02037b mMSimDataDirectionIconId=0x0 mMSimDataSignalIconId=0x7f02037b mMSimDataTypeIconId=0x0 mNoSimIconVisible true mWifiIconId=0x7f0203c5 mBluetoothTetherIconId=0x1080694
05-15 16:59:37.045 D/HwCustMSimSignalClusterViewImpl( 1681): applyVSim, sub = -1
05-15 16:59:37.045 D/StatusBar.MSimNetworkController( 1681): changing data overlay icon id to 2130838457
05-15 16:59:37.045 D/StatusBar.MSimNetworkController( 1681): The latest refersh is 8997 ms ago!
05-15 16:59:37.045 D/StatusBar.MSimNetworkController( 1681): refreshviews update icon subscription===0 mMSimPhoneSignalIconId[subscription]===2130838395 mMSimPhoneSignalTypeIconId[subscription]===0 mMSimMobileActivityIconId[subscription]===0 mMSimDataTypeIconId[subscription]===0
05-15 16:59:37.045 D/StatusBar.MSimNetworkController( 1681): changing data overlay icon id to 2130838457
05-15 16:59:37.045 D/StatusBar.MSimNetworkController( 1681): Send a message to refresh views 1s later!
05-15 16:59:37.045 D/StatusBar.MSimNetworkController( 1681): Send a message to refresh views 1s later!
05-15 16:59:37.055 D/VM_BMS  (  442): wake_lock acquired
