D/StatusBar.MSimNetworkController( 1681): refreshdata connected={ wifi } level=0 mMSimcombinedSignalIconId=0x7f0203c1/com.android.systemui:drawable/stat_sys_wifi_signal_2_fully mMSimcombinedActivityIconId=0x7f0203bb mAirplaneMode=false mMSimDataActivity=0 mMSimPhoneSignalIconId=0x7f02037b mMSimDataDirectionIconId=0x0 mMSimDataSignalIconId=0x7f02037b mMSimDataTypeIconId=0x0 mNoSimIconVisible true mWifiIconId=0x7f0203c1 mBluetoothTetherIconId=0x1080694
D/StatusBar.MSimNetworkController( 1681): refreshdata connected={ wifi } level=0 mMSimcombinedSignalIconId=0x7f0203c1/com.android.systemui:drawable/stat_sys_wifi_signal_2_fully mMSimcombinedActivityIconId=0x7f0203bb mAirplaneMode=false mMSimDataActivity=0 mMSimPhoneSignalIconId=0x7f02037b mMSimDataDirectionIconId=0x0 mMSimDataSignalIconId=0x7f02037b mMSimDataTypeIconId=0x0 mNoSimIconVisible true mWifiIconId=0x7f0203c1 mBluetoothTetherIconId=0x1080694
D/StatusBar.MSimNetworkController( 1681): Frequently refreshed,will be inglored! subscription: 0
D/StatusBar.MSimNetworkController( 1681): Frequently refreshed,will be inglored! subscription: 0
D/StatusBar.MSimNetworkController( 1681): The latest refersh is 3731 ms ago!
D/StatusBar.MSimNetworkController( 1681): refreshviews update icon subscription===0 mMSimPhoneSignalIconId[subscription]===2130838395 mMSimPhoneSignalTypeIconId[subscription]===0 mMSimMobileActivityIconId[subscription]===0 mMSimDataTypeIconId[subscription]===0
D/HwCustMSimSignalClusterViewImpl( 1681): applyVSim, sub = -1
D/HwCustMSimSignalClusterViewImpl( 1681): applyVSim, sub = 0
D/HwCustMSimSignalClusterViewImpl( 1681): applyVSim, sub = 0
D/HwCustMSimSignalClusterViewImpl( 1681): applyVSim, sub = -1
D/HwCustMSimSignalClusterViewImpl( 1681): applyVSim, sub = -1
D/HwCustMSimSignalClusterViewImpl( 1681): applyVSim, sub = 0
D/HwCustMSimSignalClusterViewImpl( 1681): applyVSim, sub = 0
D/HwCustMSimSignalClusterViewImpl( 1681): applyVSim, sub = -1
D/StatusBar.MSimNetworkController( 1681): changing data overlay icon id to 2130838459
D/StatusBar.MSimNetworkController( 1681): The latest refersh is 3729 ms ago!
D/StatusBar.MSimNetworkController( 1681): refreshviews update icon subscription===0 mMSimPhoneSignalIconId[subscription]===2130838395 mMSimPhoneSignalTypeIconId[subscription]===0 mMSimMobileActivityIconId[subscription]===0 mMSimDataTypeIconId[subscription]===0
D/StatusBar.MSimNetworkController( 1681): changing data overlay icon id to 2130838459
I/SurfaceFlinger(  336): FPS: 1
V/AudioManager( 1067): isMusicActive...
V/AudioManager( 1067): isWiredHeadsetOn...
D/StatusBar.MSimNetworkController( 1681): refreshdata connected={ wifi } level=0 mMSimcombinedSignalIconId=0x7f0203c1/com.android.systemui:drawable/stat_sys_wifi_signal_2_fully mMSimcombinedActivityIconId=0x7f0203ba mAirplaneMode=false mMSimDataActivity=0 mMSimPhoneSignalIconId=0x7f02037b mMSimDataDirectionIconId=0x0 mMSimDataSignalIconId=0x7f02037b mMSimDataTypeIconId=0x0 mNoSimIconVisible true mWifiIconId=0x7f0203c1 mBluetoothTetherIconId=0x1080694
D/StatusBar.MSimNetworkController( 1681): refreshdata connected={ wifi } level=0 mMSimcombinedSignalIconId=0x7f0203c1/com.android.systemui:drawable/stat_sys_wifi_signal_2_fully mMSimcombinedActivityIconId=0x7f0203ba mAirplaneMode=false mMSimDataActivity=0 mMSimPhoneSignalIconId=0x7f02037b mMSimDataDirectionIconId=0x0 mMSimDataSignalIconId=0x7f02037b mMSimDataTypeIconId=0x0 mNoSimIconVisible true mWifiIconId=0x7f0203c1 mBluetoothTetherIconId=0x1080694
D/StatusBar.MSimNetworkController( 1681): Send a message to refresh views 1s later!
D/StatusBar.MSimNetworkController( 1681): Send a message to refresh views 1s later!
D/SupplicantHeartBeat( 1067): handleMessage: E msg.what=999904
D/SupplicantHeartBeat( 1067): processMsg: HeartAckState
D/SupplicantHeartBeat( 1067): enter HeartAckState: msg = { when=-4ms what=999904 target=com.android.internal.util.StateMachine$SmHandler }
D/SupplicantHeartBeat( 1067): processMsg: EnterSupplicantStarted
D/SupplicantHeartBeat( 1067): processMsg: DefaultState
D/SupplicantHeartBeat( 1067): enter DefaultState: msg = { when=-4ms what=999904 target=com.android.internal.util.StateMachine$SmHandler }
D/SupplicantHeartBeat( 1067): handleMessage: X
D/StatusBar.MSimNetworkController( 1681): The latest refersh is 1913 ms ago!
D/StatusBar.MSimNetworkController( 1681): refreshviews update icon subscription===0 mMSimPhoneSignalIconId[subscription]===2130838395 mMSimPhoneSignalTypeIconId[subscription]===0 mMSimMobileActivityIconId[subscription]===0 mMSimDataTypeIconId[subscription]===0
D/StatusBar.MSimNetworkController( 1681): changing data overlay icon id to 2130838458
D/StatusBar.MSimNetworkController( 1681): The latest refersh is 1924 ms ago!
D/StatusBar.MSimNetworkController( 1681): refreshviews update icon subscription===0 mMSimPhoneSignalIconId[subscription]===2130838395 mMSimPhoneSignalTypeIconId[subscription]===0 mMSimMobileActivityIconId[subscription]===0 mMSimDataTypeIconId[subscription]===0
D/HwCustMSimSignalClusterViewImpl( 1681): applyVSim, sub = -1
D/HwCustMSimSignalClusterViewImpl( 1681): applyVSim, sub = 0
D/HwCustMSimSignalClusterViewImpl( 1681): applyVSim, sub = 0
D/HwCustMSimSignalClusterViewImpl( 1681): applyVSim, sub = -1
D/HwCustMSimSignalClusterViewImpl( 1681): applyVSim, sub = -1
D/HwCustMSimSignalClusterViewImpl( 1681): applyVSim, sub = 0
D/HwCustMSimSignalClusterViewImpl( 1681): applyVSim, sub = 0
D/HwCustMSimSignalClusterViewImpl( 1681): applyVSim, sub = -1
D/StatusBar.MSimNetworkController( 1681): changing data overlay icon id to 2130838458
I/SurfaceFlinger(  336): FPS: 1
D/ArpVerifier( 1067): performPollAndLog:
E/WifiStateMachine( 1067):  ConnectedState !CMD_RSSI_POLL 372 0 "braveji" c8:3a:35:17:52:50 rssi=-76 f=2437 sc=56 link=28 tx=4.1, 0.0, 0.0  rx=2.5 bcn=0 [on:0 tx:0 rx:0 period:3005] from screen [on:0 period:-993620427] gl hn u24 rssi=-71 ag=0 ls-=0 [56,56,56,56,56] brc=0 lrc=0
E/WifiStateMachine( 1067):  L2ConnectedState !CMD_RSSI_POLL 372 0 "braveji" c8:3a:35:17:52:50 rssi=-76 f=2437 sc=56 link=28 tx=4.1, 0.0, 0.0  rx=2.5 bcn=0 [on:0 tx:0 rx:0 period:1] from screen [on:0 period:-993620426] gl hn u24 rssi=-71 ag=0 ls-=0 [56,56,56,56,56] brc=0 lrc=0
D/WifiNative-wlan0( 1067): doString: [SIGNAL_POLL]
D/wpa_supplicant(15535): wlan0: Control interface command 'SIGNAL_POLL'
E/wpa_supplicant(15535): RSSI=-72;LINKSPEED=43;NOISE=9999;FREQUENCY=2437;
E/WifiHW  ( 1067): wifi_send_command enter;cmd:IFNAME=wlan0 SIGNAL_POLL;
D/WifiCHRStateManager( 1067): updateChannel:2437
E/WifiStateMachine( 1067): fetchRssiLinkSpeedAndFrequencyNative rssi=-72 linkspeed=43 SSID="braveji"
D/StatusBar.MSimNetworkController( 1681): refreshdata connected={ wifi } level=0 mMSimcombinedSignalIconId=0x7f0203c3/com.android.systemui:drawable/stat_sys_wifi_signal_3_fully mMSimcombinedActivityIconId=0x7f0203ba mAirplaneMode=false mMSimDataActivity=0 mMSimPhoneSignalIconId=0x7f02037b mMSimDataDirectionIconId=0x0 mMSimDataSignalIconId=0x7f02037b mMSimDataTypeIconId=0x0 mNoSimIconVisible true mWifiIconId=0x7f0203c3 mBluetoothTetherIconId=0x1080694
E/WifiStateMachine( 1067): calculateWifiScore freq=2437 speed=43 score=56 -> txbadrate=0.00 txgoodrate=4.57 txretriesrate=0.00 rxrate=4.76 userTriggerdPenalty0
E/WifiStateMachine( 1067):  good link -> stuck count =0
E/WifiStateMachine( 1067):  badRSSI count0 lowRSSI count0 --> score 56
D/StatusBar.MSimNetworkController( 1681): refreshdata connected={ wifi } level=0 mMSimcombinedSignalIconId=0x7f0203c3/com.android.systemui:drawable/stat_sys_wifi_signal_3_fully mMSimcombinedActivityIconId=0x7f0203ba mAirplaneMode=false mMSimDataActivity=0 mMSimPhoneSignalIconId=0x7f02037b mMSimDataDirectionIconId=0x0 mMSimDataSignalIconId=0x7f02037b mMSimDataTypeIconId=0x0 mNoSimIconVisible true mWifiIconId=0x7f0203c3 mBluetoothTetherIconId=0x1080694
D/StatusBar.MSimNetworkController( 1681): Send a message to refresh views 1s later!
D/StatusBar.MSimNetworkController( 1681): Send a message to refresh views 1s later!
D/StatusBar.MSimNetworkController( 1681): refreshdata connected={ wifi } level=0 mMSimcombinedSignalIconId=0x7f0203c3/com.android.systemui:drawable/stat_sys_wifi_signal_3_fully mMSimcombinedActivityIconId=0x7f0203b9 mAirplaneMode=false mMSimDataActivity=0 mMSimPhoneSignalIconId=0x7f02037b mMSimDataDirectionIconId=0x0 mMSimDataSignalIconId=0x7f02037b mMSimDataTypeIconId=0x0 mNoSimIconVisible true mWifiIconId=0x7f0203c3 mBluetoothTetherIconId=0x1080694
D/StatusBar.MSimNetworkController( 1681): refreshdata connected={ wifi } level=0 mMSimcombinedSignalIconId=0x7f0203c3/com.android.systemui:drawable/stat_sys_wifi_signal_3_fully mMSimcombinedActivityIconId=0x7f0203b9 mAirplaneMode=false mMSimDataActivity=0 mMSimPhoneSignalIconId=0x7f02037b mMSimDataDirectionIconId=0x0 mMSimDataSignalIconId=0x7f02037b mMSimDataTypeIconId=0x0 mNoSimIconVisible true mWifiIconId=0x7f0203c3 mBluetoothTetherIconId=0x1080694
D/StatusBar.MSimNetworkController( 1681): Frequently refreshed,will be inglored! subscription: 0
D/StatusBar.MSimNetworkController( 1681): Frequently refreshed,will be inglored! subscription: 0
D/StatusBar.MSimNetworkController( 1681): The latest refersh is 1086 ms ago!
D/StatusBar.MSimNetworkController( 1681): refreshviews update icon subscription===0 mMSimPhoneSignalIconId[subscription]===2130838395 mMSimPhoneSignalTypeIconId[subscription]===0 mMSimMobileActivityIconId[subscription]===0 mMSimDataTypeIconId[subscription]===0
D/HwCustMSimSignalClusterViewImpl( 1681): applyVSim, sub = -1
D/HwCustMSimSignalClusterViewImpl( 1681): applyVSim, sub = 0
D/HwCustMSimSignalClusterViewImpl( 1681): applyVSim, sub = 0
D/HwCustMSimSignalClusterViewImpl( 1681): applyVSim, sub = -1
D/HwCustMSimSignalClusterViewImpl( 1681): applyVSim, sub = -1
D/HwCustMSimSignalClusterViewImpl( 1681): applyVSim, sub = 0
D/HwCustMSimSignalClusterViewImpl( 1681): applyVSim, sub = 0
D/HwCustMSimSignalClusterViewImpl( 1681): applyVSim, sub = -1
D/StatusBar.MSimNetworkController( 1681): changing data overlay icon id to 2130838457
D/StatusBar.MSimNetworkController( 1681): The latest refersh is 1098 ms ago!
D/StatusBar.MSimNetworkController( 1681): refreshviews update icon subscription===0 mMSimPhoneSignalIconId[subscription]===2130838395 mMSimPhoneSignalTypeIconId[subscription]===0 mMSimMobileActivityIconId[subscription]===0 mMSimDataTypeIconId[subscription]===0
D/StatusBar.MSimNetworkController( 1681): changing data overlay icon id to 2130838457
I/SurfaceFlinger(  336): FPS: 1
D/StatusBar.MSimNetworkController( 1681): refreshdata connected={ wifi } level=0 mMSimcombinedSignalIconId=0x7f0203c3/com.android.systemui:drawable/stat_sys_wifi_signal_3_fully mMSimcombinedActivityIconId=0x7f0203ba mAirplaneMode=false mMSimDataActivity=0 mMSimPhoneSignalIconId=0x7f02037b mMSimDataDirectionIconId=0x0 mMSimDataSignalIconId=0x7f02037b mMSimDataTypeIconId=0x0 mNoSimIconVisible true mWifiIconId=0x7f0203c3 mBluetoothTetherIconId=0x1080694
D/StatusBar.MSimNetworkController( 1681): Send a message to refresh views 1s later!
D/StatusBar.MSimNetworkController( 1681): refreshdata connected={ wifi } level=0 mMSimcombinedSignalIconId=0x7f0203c3/com.android.systemui:drawable/stat_sys_wifi_signal_3_fully mMSimcombinedActivityIconId=0x7f0203ba mAirplaneMode=false mMSimDataActivity=0 mMSimPhoneSignalIconId=0x7f02037b mMSimDataDirectionIconId=0x0 mMSimDataSignalIconId=0x7f02037b mMSimDataTypeIconId=0x0 mNoSimIconVisible true mWifiIconId=0x7f0203c3 mBluetoothTetherIconId=0x1080694
D/StatusBar.MSimNetworkController( 1681): Send a message to refresh views 1s later!
D/StatusBar.MSimNetworkController( 1681): The latest refersh is 1922 ms ago!
D/StatusBar.MSimNetworkController( 1681): refreshviews update icon subscription===0 mMSimPhoneSignalIconId[subscription]===2130838395 mMSimPhoneSignalTypeIconId[subscription]===0 mMSimMobileActivityIconId[subscription]===0 mMSimDataTypeIconId[subscription]===0
D/HwCustMSimSignalClusterViewImpl( 1681): applyVSim, sub = -1
D/HwCustMSimSignalClusterViewImpl( 1681): applyVSim, sub = 0
D/HwCustMSimSignalClusterViewImpl( 1681): applyVSim, sub = 0
D/HwCustMSimSignalClusterViewImpl( 1681): applyVSim, sub = -1
D/HwCustMSimSignalClusterViewImpl( 1681): applyVSim, sub = -1
D/HwCustMSimSignalClusterViewImpl( 1681): applyVSim, sub = 0
D/StatusBar.MSimNetworkController( 1681): refreshdata connected={ wifi } level=0 mMSimcombinedSignalIconId=0x7f0203c3/com.android.systemui:drawable/stat_sys_wifi_signal_3_fully mMSimcombinedActivityIconId=0x7f0203b9 mAirplaneMode=false mMSimDataActivity=0 mMSimPhoneSignalIconId=0x7f02037b mMSimDataDirectionIconId=0x0 mMSimDataSignalIconId=0x7f02037b mMSimDataTypeIconId=0x0 mNoSimIconVisible true mWifiIconId=0x7f0203c3 mBluetoothTetherIconId=0x1080694
D/StatusBar.MSimNetworkController( 1681): refreshdata connected={ wifi } level=0 mMSimcombinedSignalIconId=0x7f0203c3/com.android.systemui:drawable/stat_sys_wifi_signal_3_fully mMSimcombinedActivityIconId=0x7f0203b9 mAirplaneMode=false mMSimDataActivity=0 mMSimPhoneSignalIconId=0x7f02037b mMSimDataDirectionIconId=0x0 mMSimDataSignalIconId=0x7f02037b mMSimDataTypeIconId=0x0 mNoSimIconVisible true mWifiIconId=0x7f0203c3 mBluetoothTetherIconId=0x1080694
D/HwCustMSimSignalClusterViewImpl( 1681): applyVSim, sub = 0
D/HwCustMSimSignalClusterViewImpl( 1681): applyVSim, sub = -1
D/StatusBar.MSimNetworkController( 1681): changing data overlay icon id to 2130838458
D/StatusBar.MSimNetworkController( 1681): The latest refersh is 1921 ms ago!
D/StatusBar.MSimNetworkController( 1681): refreshviews update icon subscription===0 mMSimPhoneSignalIconId[subscription]===2130838395 mMSimPhoneSignalTypeIconId[subscription]===0 mMSimMobileActivityIconId[subscription]===0 mMSimDataTypeIconId[subscription]===0
D/StatusBar.MSimNetworkController( 1681): changing data overlay icon id to 2130838458
D/StatusBar.MSimNetworkController( 1681): Send a message to refresh views 1s later!
D/StatusBar.MSimNetworkController( 1681): Send a message to refresh views 1s later!
I/SurfaceFlinger(  336): FPS: 1
E/WifiStateMachine( 1067):  ConnectedState !CMD_RSSI_POLL 372 0 "braveji" c8:3a:35:17:52:50 rssi=-72 f=2437 sc=56 link=43 tx=4.6, 0.0, 0.0  rx=4.8 bcn=0 [on:0 tx:0 rx:0 period:3004] from screen [on:0 period:-993617414] gl hn u24 rssi=-67 ag=0 ls-=0 [56,56,56,56,56] brc=0 lrc=0
E/WifiStateMachine( 1067):  L2ConnectedState !CMD_RSSI_POLL 372 0 "braveji" c8:3a:35:17:52:50 rssi=-72 f=2437 sc=56 link=43 tx=4.6, 0.0, 0.0  rx=4.8 bcn=0 [on:0 tx:0 rx:0 period:1] from screen [on:0 period:-993617413] gl hn u24 rssi=-67 ag=0 ls-=0 [56,56,56,56,56] brc=0 lrc=0
D/WifiNative-wlan0( 1067): doString: [SIGNAL_POLL]
D/wpa_supplicant(15535): wlan0: Control interface command 'SIGNAL_POLL'
E/wpa_supplicant(15535): RSSI=-72;LINKSPEED=43;NOISE=9999;FREQUENCY=2437;
E/WifiHW  ( 1067): wifi_send_command enter;cmd:IFNAME=wlan0 SIGNAL_POLL;
D/WifiCHRStateManager( 1067): updateChannel:2437
E/WifiStateMachine( 1067): fetchRssiLinkSpeedAndFrequencyNative rssi=-72 linkspeed=43 SSID="braveji"
E/WifiStateMachine( 1067): calculateWifiScore freq=2437 speed=43 score=56 -> txbadrate=0.00 txgoodrate=2.78 txretriesrate=0.00 rxrate=3.88 userTriggerdPenalty0
E/WifiStateMachine( 1067):  good link -> stuck count =0
E/WifiStateMachine( 1067):  badRSSI count0 lowRSSI count0 --> score 56
V/AudioManager( 1067): isMusicActive...
V/AudioManager( 1067): isWiredHeadsetOn...
D/StatusBar.MSimNetworkController( 1681): refreshdata connected={ wifi } level=0 mMSimcombinedSignalIconId=0x7f0203c3/com.android.systemui:drawable/stat_sys_wifi_signal_3_fully mMSimcombinedActivityIconId=0x0 mAirplaneMode=false mMSimDataActivity=0 mMSimPhoneSignalIconId=0x7f02037b mMSimDataDirectionIconId=0x0 mMSimDataSignalIconId=0x7f02037b mMSimDataTypeIconId=0x0 mNoSimIconVisible true mWifiIconId=0x7f0203c3 mBluetoothTetherIconId=0x1080694
D/StatusBar.MSimNetworkController( 1681): refreshdata connected={ wifi } level=0 mMSimcombinedSignalIconId=0x7f0203c3/com.android.systemui:drawable/stat_sys_wifi_signal_3_fully mMSimcombinedActivityIconId=0x0 mAirplaneMode=false mMSimDataActivity=0 mMSimPhoneSignalIconId=0x7f02037b mMSimDataDirectionIconId=0x0 mMSimDataSignalIconId=0x7f02037b mMSimDataTypeIconId=0x0 mNoSimIconVisible true mWifiIconId=0x7f0203c3 mBluetoothTetherIconId=0x1080694
D/StatusBar.MSimNetworkController( 1681): Frequently refreshed,will be inglored! subscription: 0
D/StatusBar.MSimNetworkController( 1681): Frequently refreshed,will be inglored! subscription: 0
D/StatusBar.MSimNetworkController( 1681): The latest refersh is 1012 ms ago!
D/StatusBar.MSimNetworkController( 1681): refreshviews update icon subscription===0 mMSimPhoneSignalIconId[subscription]===2130838395 mMSimPhoneSignalTypeIconId[subscription]===0 mMSimMobileActivityIconId[subscription]===0 mMSimDataTypeIconId[subscription]===0
D/HwCustMSimSignalClusterViewImpl( 1681): applyVSim, sub = -1
D/HwCustMSimSignalClusterViewImpl( 1681): applyVSim, sub = 0
D/HwCustMSimSignalClusterViewImpl( 1681): applyVSim, sub = 0
D/HwCustMSimSignalClusterViewImpl( 1681): applyVSim, sub = -1
D/HwCustMSimSignalClusterViewImpl( 1681): applyVSim, sub = -1
D/HwCustMSimSignalClusterViewImpl( 1681): applyVSim, sub = 0
D/HwCustMSimSignalClusterViewImpl( 1681): applyVSim, sub = 0
D/HwCustMSimSignalClusterViewImpl( 1681): applyVSim, sub = -1
D/StatusBar.MSimNetworkController( 1681): changing data overlay icon id to 0
D/StatusBar.MSimNetworkController( 1681): The latest refersh is 1010 ms ago!
D/StatusBar.MSimNetworkController( 1681): refreshviews update icon subscription===0 mMSimPhoneSignalIconId[subscription]===2130838395 mMSimPhoneSignalTypeIconId[subscription]===0 mMSimMobileActivityIconId[subscription]===0 mMSimDataTypeIconId[subscription]===0
D/StatusBar.MSimNetworkController( 1681): changing data overlay icon id to 0
I/SurfaceFlinger(  336): FPS: 1
D/ArpVerifier( 1067): performPollAndLog:
E/LocSvc_libulp( 1067): I/===> int ulp_msg_process_system_update(UlpSystemEvent) line 1455 
E/LocSvc_libulp( 1067): I/int ulp_msg_process_system_update(UlpSystemEvent): systemEvent:5 
E/LocSvc_libulp( 1067): I/===> int ulp_brain_process_system_update(UlpSystemEvent) line 2352 
E/LocSvc_libulp( 1067): I/===> int ulp_brain_select_providers() line 333 
E/LocSvc_libulp( 1067): I/===> int ulp_brain_turn_onoff_quipc_provider() line 700 
E/LocSvc_libulp( 1067): I/===> int ulp_quipc_stop_engine() line 235 
E/LocSvc_libulp( 1067): I/===> bool ulp_quipc_engine_running() line 60 
E/LocSvc_libulp( 1067): I/===> int ulp_brain_turn_onoff_gnss_provider() line 595 
E/LocSvc_libulp( 1067): I/===> int ulp_gnss_stop_engine() line 262 
E/LocSvc_libulp( 1067): I/===> bool ulp_quipc_engine_running() line 60 
E/LocSvc_libulp( 1067): I/===> int ulp_brain_turn_onoff_gnp_provider() line 496 
E/LocSvc_libulp( 1067): I/===> bool ulp_gnp_engine_running() line 59 
E/LocSvc_libulp( 1067): I/===> int ulp_gnp_stop_engine() line 195 
E/LocSvc_libulp( 1067): I/===> bool ulp_gnp_engine_running() line 59 
E/LocSvc_libulp( 1067): I/===> bool ulp_gnp_engine_running() line 59 
E/LocSvc_libulp( 1067): I/===> int ulp_brain_turn_onoff_zpp_provider() line 437 
E/LocSvc_libulp( 1067): I/===> int ulp_zpp_start_engine() line 98 
E/LocSvc_libulp( 1067): I/===> bool ulp_zpp_engine_running() line 62 
E/LocSvc_libulp( 1067): I/===> int ulp_msg_process_start_req() line 447 
E/LocSvc_libulp( 1067): I/int ulp_msg_process_start_req(), at ulp state = 1
E/LocSvc_api_v02( 1067): I/---> locClientSendReq line 2340 QMI_LOC_GET_BEST_AVAILABLE_POSITION_REQ_V02
E/LocSvc_ApiV02( 1067): I/<--- void globalRespCb(locClientHandleType, uint32_t, locClientRespIndUnionType, void*) line 106 QMI_LOC_GET_BEST_AVAILABLE_POSITION_REQ_V02
E/LocSvc_libulp( 1067): I/===> int ulp_brain_process_zpp_position_report(loc_sess_status, LocPosTechMask, const UlpLocation*) line 1463 
E/LocSvc_libulp( 1067): I/===> int ulp_msg_send_generic_position_report(loc_sess_status, LocPosTechMask, const UlpLocation*, const GpsLocationExtended*, const void*) line 1011 
D/Ulp_jni ( 1067): Location CB invoked
E/LocSvc_libulp( 1067): I/===> int ulp_msg_send_generic_position_report(loc_sess_status, LocPosTechMask, const UlpLocation*, const GpsLocationExtended*, const void*) line 1011 
E/LocSvc_libulp( 1067): I/int ulp_brain_process_zpp_position_report(loc_sess_status, LocPosTechMask, const UlpLocation*), report ZPP position to providers,report_position = 1
E/LocSvc_libulp( 1067): I/===> int ulp_brain_select_providers() line 333 
E/LocSvc_libulp( 1067): I/===> int ulp_brain_turn_onoff_quipc_provider() line 700 
E/LocSvc_libulp( 1067): I/===> int ulp_quipc_stop_engine() line 235 
E/LocSvc_libulp( 1067): I/===> bool ulp_quipc_engine_running() line 60 
E/LocSvc_libulp( 1067): I/===> int ulp_brain_turn_onoff_gnss_provider() line 595 
E/LocSvc_libulp( 1067): I/===> int ulp_gnss_stop_engine() line 262 
E/LocSvc_libulp( 1067): I/===> bool ulp_quipc_engine_running() line 60 
E/LocSvc_libulp( 1067): I/===> int ulp_brain_turn_onoff_gnp_provider() line 496 
E/LocSvc_libulp( 1067): I/===> bool ulp_gnp_engine_running() line 59 
E/LocSvc_libulp( 1067): I/===> int ulp_gnp_stop_engine() line 195 
E/LocSvc_libulp( 1067): I/===> bool ulp_gnp_engine_running() line 59 
E/LocSvc_libulp( 1067): I/===> bool ulp_gnp_engine_running() line 59 
E/LocSvc_libulp( 1067): I/===> int ulp_brain_turn_onoff_zpp_provider() line 437 
E/LocSvc_libulp( 1067): I/===> int ulp_zpp_stop_engine() line 174 
E/LocSvc_libulp( 1067): I/===> bool ulp_zpp_engine_running() line 62 
E/LocSvc_eng_nmea( 1067): I/<=== nmea_cb line 62 0x7f9036ca10
E/LocSvc_eng_nmea( 1067): I/<=== nmea_cb line 62 0x7f9036ca10
E/LocSvc_eng_nmea( 1067): I/<=== nmea_cb line 62 0x7f9036ca10
E/LocSvc_eng_nmea( 1067): I/<=== nmea_cb line 62 0x7f9036ca10
D/LocationManagerService( 1067): incoming location: Location[fused 40******,116****** acc=1961 et=+18d1h43m23s57ms alt=2.066537857055664 vel=7.0 bear=1.442691 {Bundle[{}]}]
D/LocationManagerService( 1067): incoming location: Location[fused 40******,116****** acc=1961 et=+18d1h43m23s57ms alt=2.066537857055664 vel=7.0 bear=1.442691 {Bundle[{}]}]
D/PowerManagerService( 1067): acquireWakeLockInternal: lock=435595903, flags=0x1, packageName=android, ws=WorkSource{1000 android}, uid=1000, pid=1067
D/PowerManagerService( 1067): updateWakeLockSummaryLocked: mWakefulness=Awake, mWakeLockSummary=0x1
D/PowerManagerService( 1067): updateUserActivitySummaryLocked: mWakefulness=Awake, mUserActivitySummary=0x1, nextTimeout=711538590 (in 1779352 ms)
D/PowerManagerService( 1067): updateDisplayPowerStateLocked: mDisplayReady=true, policy=3, mWakefulness=1, mWakeLockSummary=0x1, mUserActivitySummary=0x1, mBootCompleted=true, mScreenBrightnessBoostInProgress=false, useProximitySensor=false, mRequestWaitForNegativeProximity=false, mBrightnessWaitModeEnabled=false
D/PowerManagerService( 1067): Acquiring suspend blocker "PowerManagerService.WakeLocks".
D/PowerManagerService( 1067): acquireWakeLockInternal: lock=322140748, flags=0x1, packageName=android, ws=WorkSource{10015 com.baidu.map.location}, uid=1000, pid=1067
D/PowerManagerService( 1067): updateWakeLockSummaryLocked: mWakefulness=Awake, mWakeLockSummary=0x1
D/PowerManagerService( 1067): updateUserActivitySummaryLocked: mWakefulness=Awake, mUserActivitySummary=0x1, nextTimeout=711538590 (in 1779350 ms)
D/PowerManagerService( 1067): updateDisplayPowerStateLocked: mDisplayReady=true, policy=3, mWakefulness=1, mWakeLockSummary=0x1, mUserActivitySummary=0x1, mBootCompleted=true, mScreenBrightnessBoostInProgress=false, useProximitySensor=false, mRequestWaitForNegativeProximity=false, mBrightnessWaitModeEnabled=false
D/PowerManagerService( 1067): acquireWakeLockInternal: lock=664991658, flags=0x1, packageName=android, ws=WorkSource{1000 android}, uid=1000, pid=1067
D/PowerManagerService( 1067): updateWakeLockSummaryLocked: mWakefulness=Awake, mWakeLockSummary=0x1
D/PowerManagerService( 1067): updateUserActivitySummaryLocked: mWakefulness=Awake, mUserActivitySummary=0x1, nextTimeout=711538590 (in 1779349 ms)
D/PowerManagerService( 1067): updateDisplayPowerStateLocked: mDisplayReady=true, policy=3, mWakefulness=1, mWakeLockSummary=0x1, mUserActivitySummary=0x1, mBootCompleted=true, mScreenBrightnessBoostInProgress=false, useProximitySensor=false, mRequestWaitForNegativeProximity=false, mBrightnessWaitModeEnabled=false
D/PowerManagerService( 1067): acquireWakeLockInternal: lock=1062563739, flags=0x1, packageName=android, ws=WorkSource{1000 com.qualcomm.location}, uid=1000, pid=1067
D/PowerManagerService( 1067): updateWakeLockSummaryLocked: mWakefulness=Awake, mWakeLockSummary=0x1
D/PowerManagerService( 1067): updateUserActivitySummaryLocked: mWakefulness=Awake, mUserActivitySummary=0x1, nextTimeout=711538590 (in 1779347 ms)
D/PowerManagerService( 1067): updateDisplayPowerStateLocked: mDisplayReady=true, policy=3, mWakefulness=1, mWakeLockSummary=0x1, mUserActivitySummary=0x1, mBootCompleted=true, mScreenBrightnessBoostInProgress=false, useProximitySensor=false, mRequestWaitForNegativeProximity=false, mBrightnessWaitModeEnabled=false
D/PowerManagerService( 1067): acquireWakeLockInternal: lock=614828998, flags=0x1, packageName=android, ws=WorkSource{10105 com.sdu.didi.psnger}, uid=1000, pid=1067
D/PowerManagerService( 1067): updateWakeLockSummaryLocked: mWakefulness=Awake, mWakeLockSummary=0x1
D/PowerManagerService( 1067): updateUserActivitySummaryLocked: mWakefulness=Awake, mUserActivitySummary=0x1, nextTimeout=711538590 (in 1779346 ms)
D/PowerManagerService( 1067): updateDisplayPowerStateLocked: mDisplayReady=true, policy=3, mWakefulness=1, mWakeLockSummary=0x1, mUserActivitySummary=0x1, mBootCompleted=true, mScreenBrightnessBoostInProgress=false, useProximitySensor=false, mRequestWaitForNegativeProximity=false, mBrightnessWaitModeEnabled=false
D/PowerManagerService( 1067): acquireWakeLockInternal: lock=824411828, flags=0x1, packageName=android, ws=WorkSource{10105 com.sdu.didi.psnger}, uid=1000, pid=1067
D/PowerManagerService( 1067): updateWakeLockSummaryLocked: mWakefulness=Awake, mWakeLockSummary=0x1
D/PowerManagerService( 1067): updateUserActivitySummaryLocked: mWakefulness=Awake, mUserActivitySummary=0x1, nextTimeout=711538590 (in 1779343 ms)
D/PowerManagerService( 1067): updateDisplayPowerStateLocked: mDisplayReady=true, policy=3, mWakefulness=1, mWakeLockSummary=0x1, mUserActivitySummary=0x1, mBootCompleted=true, mScreenBrightnessBoostInProgress=false, useProximitySensor=false, mRequestWaitForNegativeProximity=false, mBrightnessWaitModeEnabled=false
D/PowerManagerService( 1067): releaseWakeLockInternal: lock=322140748, flags=0x0, packageName=android", ws=WorkSource{10015 com.baidu.map.location}, uid=1000, pid=1067
D/PowerManagerService( 1067): updateWakeLockSummaryLocked: mWakefulness=Awake, mWakeLockSummary=0x1
D/PowerManagerService( 1067): updateUserActivitySummaryLocked: mWakefulness=Awake, mUserActivitySummary=0x1, nextTimeout=711538590 (in 1779341 ms)
D/PowerManagerService( 1067): updateDisplayPowerStateLocked: mDisplayReady=true, policy=3, mWakefulness=1, mWakeLockSummary=0x1, mUserActivitySummary=0x1, mBootCompleted=true, mScreenBrightnessBoostInProgress=false, useProximitySensor=false, mRequestWaitForNegativeProximity=false, mBrightnessWaitModeEnabled=false
D/PowerManagerService( 1067): releaseWakeLockInternal: lock=1062563739, flags=0x0, packageName=android", ws=WorkSource{1000 com.qualcomm.location}, uid=1000, pid=1067
D/PowerManagerService( 1067): updateWakeLockSummaryLocked: mWakefulness=Awake, mWakeLockSummary=0x1
D/PowerManagerService( 1067): updateUserActivitySummaryLocked: mWakefulness=Awake, mUserActivitySummary=0x1, nextTimeout=711538590 (in 1779341 ms)
D/PowerManagerService( 1067): updateDisplayPowerStateLocked: mDisplayReady=true, policy=3, mWakefulness=1, mWakeLockSummary=0x1, mUserActivitySummary=0x1, mBootCompleted=true, mScreenBrightnessBoostInProgress=false, useProximitySensor=false, mRequestWaitForNegativeProximity=false, mBrightnessWaitModeEnabled=false
D/PowerManagerService( 1067): releaseWakeLockInternal: lock=614828998, flags=0x0, packageName=android", ws=WorkSource{10105 com.sdu.didi.psnger}, uid=1000, pid=1067
D/PowerManagerService( 1067): updateWakeLockSummaryLocked: mWakefulness=Awake, mWakeLockSummary=0x1
D/PowerManagerService( 1067): updateUserActivitySummaryLocked: mWakefulness=Awake, mUserActivitySummary=0x1, nextTimeout=711538590 (in 1779339 ms)
D/PowerManagerService( 1067): updateDisplayPowerStateLocked: mDisplayReady=true, policy=3, mWakefulness=1, mWakeLockSummary=0x1, mUserActivitySummary=0x1, mBootCompleted=true, mScreenBrightnessBoostInProgress=false, useProximitySensor=false, mRequestWaitForNegativeProximity=false, mBrightnessWaitModeEnabled=false
D/PowerManagerService( 1067): releaseWakeLockInternal: lock=435595903, flags=0x0, packageName=android", ws=WorkSource{1000 android}, uid=1000, pid=1067
D/PowerManagerService( 1067): updateWakeLockSummaryLocked: mWakefulness=Awake, mWakeLockSummary=0x1
D/PowerManagerService( 1067): updateUserActivitySummaryLocked: mWakefulness=Awake, mUserActivitySummary=0x1, nextTimeout=711538590 (in 1779338 ms)
D/PowerManagerService( 1067): updateDisplayPowerStateLocked: mDisplayReady=true, policy=3, mWakefulness=1, mWakeLockSummary=0x1, mUserActivitySummary=0x1, mBootCompleted=true, mScreenBrightnessBoostInProgress=false, useProximitySensor=false, mRequestWaitForNegativeProximity=false, mBrightnessWaitModeEnabled=false
D/PowerManagerService( 1067): releaseWakeLockInternal: lock=664991658, flags=0x0, packageName=android", ws=WorkSource{1000 android}, uid=1000, pid=1067
D/PowerManagerService( 1067): updateWakeLockSummaryLocked: mWakefulness=Awake, mWakeLockSummary=0x1
D/PowerManagerService( 1067): updateUserActivitySummaryLocked: mWakefulness=Awake, mUserActivitySummary=0x1, nextTimeout=711538590 (in 1779338 ms)
D/PowerManagerService( 1067): updateDisplayPowerStateLocked: mDisplayReady=true, policy=3, mWakefulness=1, mWakeLockSummary=0x1, mUserActivitySummary=0x1, mBootCompleted=true, mScreenBrightnessBoostInProgress=false, useProximitySensor=false, mRequestWaitForNegativeProximity=false, mBrightnessWaitModeEnabled=false
D/PowerManagerService( 1067): releaseWakeLockInternal: lock=824411828, flags=0x0, packageName=android", ws=WorkSource{10105 com.sdu.didi.psnger}, uid=1000, pid=1067
D/PowerManagerService( 1067): updateWakeLockSummaryLocked: mWakefulness=Awake, mWakeLockSummary=0x0
D/PowerManagerService( 1067): updateUserActivitySummaryLocked: mWakefulness=Awake, mUserActivitySummary=0x1, nextTimeout=711538590 (in 1779336 ms)
D/PowerManagerService( 1067): updateDisplayPowerStateLocked: mDisplayReady=true, policy=3, mWakefulness=1, mWakeLockSummary=0x0, mUserActivitySummary=0x1, mBootCompleted=true, mScreenBrightnessBoostInProgress=false, useProximitySensor=false, mRequestWaitForNegativeProximity=false, mBrightnessWaitModeEnabled=false
D/PowerManagerService( 1067): Releasing suspend blocker "PowerManagerService.WakeLocks".
E/WifiStateMachine( 1067):  ConnectedState !CMD_RSSI_POLL 372 0 "braveji" c8:3a:35:17:52:50 rssi=-72 f=2437 sc=56 link=43 tx=2.8, 0.0, 0.0  rx=3.9 bcn=0 [on:0 tx:0 rx:0 period:3004] from screen [on:0 period:-993614394] gl hn u24 rssi=-67 ag=0 ls-=0 [56,56,56,56,56] brc=0 lrc=0
E/WifiStateMachine( 1067):  L2ConnectedState !CMD_RSSI_POLL 372 0 "braveji" c8:3a:35:17:52:50 rssi=-72 f=2437 sc=56 link=43 tx=2.8, 0.0, 0.0  rx=3.9 bcn=0 [on:0 tx:0 rx:0 period:1] from screen [on:0 period:-993614393] gl hn u24 rssi=-67 ag=0 ls-=0 [56,56,56,56,56] brc=0 lrc=0
D/WifiNative-wlan0( 1067): doString: [SIGNAL_POLL]
D/wpa_supplicant(15535): wlan0: Control interface command 'SIGNAL_POLL'
E/wpa_supplicant(15535): RSSI=-72;LINKSPEED=43;NOISE=9999;FREQUENCY=2437;
E/WifiHW  ( 1067): wifi_send_command enter;cmd:IFNAME=wlan0 SIGNAL_POLL;
D/WifiCHRStateManager( 1067): updateChannel:2437
E/WifiStateMachine( 1067): fetchRssiLinkSpeedAndFrequencyNative rssi=-72 linkspeed=43 SSID="braveji"
E/WifiStateMachine( 1067): calculateWifiScore freq=2437 speed=43 score=56 -> txbadrate=0.00 txgoodrate=1.39 txretriesrate=0.00 rxrate=1.94 userTriggerdPenalty0
E/WifiStateMachine( 1067):  good link -> stuck count =0
E/WifiStateMachine( 1067):  badRSSI count0 lowRSSI count0 --> score 56
I/System.out( 3606): [CDS]EAGAIN in Recvfrom
I/System.out( 3606): [CDS]read byte is 0
I/System.out( 3606): [CDS]rx timeout:10000
I/System.out( 3606): [CDS]rx timeout:30000
D/StatusBar.MSimNetworkController( 1681): refreshdata connected={ wifi } level=0 mMSimcombinedSignalIconId=0x7f0203c3/com.android.systemui:drawable/stat_sys_wifi_signal_3_fully mMSimcombinedActivityIconId=0x7f0203ba mAirplaneMode=false mMSimDataActivity=0 mMSimPhoneSignalIconId=0x7f02037b mMSimDataDirectionIconId=0x0 mMSimDataSignalIconId=0x7f02037b mMSimDataTypeIconId=0x0 mNoSimIconVisible true mWifiIconId=0x7f0203c3 mBluetoothTetherIconId=0x1080694
D/StatusBar.MSimNetworkController( 1681): refreshdata connected={ wifi } level=0 mMSimcombinedSignalIconId=0x7f0203c3/com.android.systemui:drawable/stat_sys_wifi_signal_3_fully mMSimcombinedActivityIconId=0x7f0203ba mAirplaneMode=false mMSimDataActivity=0 mMSimPhoneSignalIconId=0x7f02037b mMSimDataDirectionIconId=0x0 mMSimDataSignalIconId=0x7f02037b mMSimDataTypeIconId=0x0 mNoSimIconVisible true mWifiIconId=0x7f0203c3 mBluetoothTetherIconId=0x1080694
D/StatusBar.MSimNetworkController( 1681): Send a message to refresh views 1s later!
D/StatusBar.MSimNetworkController( 1681): Send a message to refresh views 1s later!
D/StatusBar.MSimNetworkController( 1681): The latest refersh is 4007 ms ago!
D/StatusBar.MSimNetworkController( 1681): refreshviews update icon subscription===0 mMSimPhoneSignalIconId[subscription]===2130838395 mMSimPhoneSignalTypeIconId[subscription]===0 mMSimMobileActivityIconId[subscription]===0 mMSimDataTypeIconId[subscription]===0
D/HwCustMSimSignalClusterViewImpl( 1681): applyVSim, sub = -1
D/HwCustMSimSignalClusterViewImpl( 1681): applyVSim, sub = 0
D/HwCustMSimSignalClusterViewImpl( 1681): applyVSim, sub = 0
D/HwCustMSimSignalClusterViewImpl( 1681): applyVSim, sub = -1
D/HwCustMSimSignalClusterViewImpl( 1681): applyVSim, sub = -1
D/HwCustMSimSignalClusterViewImpl( 1681): applyVSim, sub = 0
D/StatusBar.MSimNetworkController( 1681): refreshdata connected={ wifi } level=0 mMSimcombinedSignalIconId=0x7f0203c3/com.android.systemui:drawable/stat_sys_wifi_signal_3_fully mMSimcombinedActivityIconId=0x7f0203b9 mAirplaneMode=false mMSimDataActivity=0 mMSimPhoneSignalIconId=0x7f02037b mMSimDataDirectionIconId=0x0 mMSimDataSignalIconId=0x7f02037b mMSimDataTypeIconId=0x0 mNoSimIconVisible true mWifiIconId=0x7f0203c3 mBluetoothTetherIconId=0x1080694
D/StatusBar.MSimNetworkController( 1681): refreshdata connected={ wifi } level=0 mMSimcombinedSignalIconId=0x7f0203c3/com.android.systemui:drawable/stat_sys_wifi_signal_3_fully mMSimcombinedActivityIconId=0x7f0203b9 mAirplaneMode=false mMSimDataActivity=0 mMSimPhoneSignalIconId=0x7f02037b mMSimDataDirectionIconId=0x0 mMSimDataSignalIconId=0x7f02037b mMSimDataTypeIconId=0x0 mNoSimIconVisible true mWifiIconId=0x7f0203c3 mBluetoothTetherIconId=0x1080694
D/HwCustMSimSignalClusterViewImpl( 1681): applyVSim, sub = 0
D/HwCustMSimSignalClusterViewImpl( 1681): applyVSim, sub = -1
D/StatusBar.MSimNetworkController( 1681): changing data overlay icon id to 2130838458
D/StatusBar.MSimNetworkController( 1681): Send a message to refresh views 1s later!
D/StatusBar.MSimNetworkController( 1681): The latest refersh is 4012 ms ago!
D/StatusBar.MSimNetworkController( 1681): refreshviews update icon subscription===0 mMSimPhoneSignalIconId[subscription]===2130838395 mMSimPhoneSignalTypeIconId[subscription]===0 mMSimMobileActivityIconId[subscription]===0 mMSimDataTypeIconId[subscription]===0
D/StatusBar.MSimNetworkController( 1681): changing data overlay icon id to 2130838458
D/StatusBar.MSimNetworkController( 1681): Send a message to refresh views 1s later!
I/SurfaceFlinger(  336): FPS: 1
V/AudioManager( 1067): isMusicActive...
V/AudioManager( 1067): isWiredHeadsetOn...
D/StatusBar.MSimNetworkController( 1681): refreshdata connected={ wifi } level=0 mMSimcombinedSignalIconId=0x7f0203c3/com.android.systemui:drawable/stat_sys_wifi_signal_3_fully mMSimcombinedActivityIconId=0x0 mAirplaneMode=false mMSimDataActivity=0 mMSimPhoneSignalIconId=0x7f02037b mMSimDataDirectionIconId=0x0 mMSimDataSignalIconId=0x7f02037b mMSimDataTypeIconId=0x0 mNoSimIconVisible true mWifiIconId=0x7f0203c3 mBluetoothTetherIconId=0x1080694
D/StatusBar.MSimNetworkController( 1681): refreshdata connected={ wifi } level=0 mMSimcombinedSignalIconId=0x7f0203c3/com.android.systemui:drawable/stat_sys_wifi_signal_3_fully mMSimcombinedActivityIconId=0x0 mAirplaneMode=false mMSimDataActivity=0 mMSimPhoneSignalIconId=0x7f02037b mMSimDataDirectionIconId=0x0 mMSimDataSignalIconId=0x7f02037b mMSimDataTypeIconId=0x0 mNoSimIconVisible true mWifiIconId=0x7f0203c3 mBluetoothTetherIconId=0x1080694
D/StatusBar.MSimNetworkController( 1681): Frequently refreshed,will be inglored! subscription: 0
D/StatusBar.MSimNetworkController( 1681): Frequently refreshed,will be inglored! subscription: 0
D/StatusBar.MSimNetworkController( 1681): The latest refersh is 1014 ms ago!
D/StatusBar.MSimNetworkController( 1681): refreshviews update icon subscription===0 mMSimPhoneSignalIconId[subscription]===2130838395 mMSimPhoneSignalTypeIconId[subscription]===0 mMSimMobileActivityIconId[subscription]===0 mMSimDataTypeIconId[subscription]===0
D/HwCustMSimSignalClusterViewImpl( 1681): applyVSim, sub = -1
D/HwCustMSimSignalClusterViewImpl( 1681): applyVSim, sub = 0
D/HwCustMSimSignalClusterViewImpl( 1681): applyVSim, sub = 0
D/HwCustMSimSignalClusterViewImpl( 1681): applyVSim, sub = -1
D/HwCustMSimSignalClusterViewImpl( 1681): applyVSim, sub = -1
D/HwCustMSimSignalClusterViewImpl( 1681): applyVSim, sub = 0
D/HwCustMSimSignalClusterViewImpl( 1681): applyVSim, sub = 0
D/HwCustMSimSignalClusterViewImpl( 1681): applyVSim, sub = -1
D/StatusBar.MSimNetworkController( 1681): changing data overlay icon id to 0
D/StatusBar.MSimNetworkController( 1681): The latest refersh is 1008 ms ago!
D/StatusBar.MSimNetworkController( 1681): refreshviews update icon subscription===0 mMSimPhoneSignalIconId[subscription]===2130838395 mMSimPhoneSignalTypeIconId[subscription]===0 mMSimMobileActivityIconId[subscription]===0 mMSimDataTypeIconId[subscription]===0
D/StatusBar.MSimNetworkController( 1681): changing data overlay icon id to 0
I/SurfaceFlinger(  336): FPS: 1
E/WifiStateMachine( 1067):  ConnectedState !CMD_RSSI_POLL 372 0 "braveji" c8:3a:35:17:52:50 rssi=-72 f=2437 sc=56 link=43 tx=1.4, 0.0, 0.0  rx=1.9 bcn=0 [on:0 tx:0 rx:0 period:3002] from screen [on:0 period:-993611376] gl hn u24 rssi=-67 ag=0 ls-=0 [56,56,56,56,56] brc=0 lrc=0
E/WifiStateMachine( 1067):  L2ConnectedState !CMD_RSSI_POLL 372 0 "braveji" c8:3a:35:17:52:50 rssi=-72 f=2437 sc=56 link=43 tx=1.4, 0.0, 0.0  rx=1.9 bcn=0 [on:0 tx:0 rx:0 period:1] from screen [on:0 period:-993611375] gl hn u24 rssi=-67 ag=0 ls-=0 [56,56,56,56,56] brc=0 lrc=0
D/WifiNative-wlan0( 1067): doString: [SIGNAL_POLL]
D/wpa_supplicant(15535): wlan0: Control interface command 'SIGNAL_POLL'
E/wpa_supplicant(15535): RSSI=-73;LINKSPEED=43;NOISE=9999;FREQUENCY=2437;
E/WifiHW  ( 1067): wifi_send_command enter;cmd:IFNAME=wlan0 SIGNAL_POLL;
D/WifiCHRStateManager( 1067): updateChannel:2437
E/WifiStateMachine( 1067): fetchRssiLinkSpeedAndFrequencyNative rssi=-73 linkspeed=43 SSID="braveji"
E/WifiStateMachine( 1067): calculateWifiScore freq=2437 speed=43 score=56 -> txbadrate=0.00 txgoodrate=1.70 txretriesrate=0.00 rxrate=1.97 userTriggerdPenalty0
E/WifiStateMachine( 1067):  good link -> stuck count =0
E/WifiStateMachine( 1067):  badRSSI count0 lowRSSI count0 --> score 56
D/StatusBar.MSimNetworkController( 1681): refreshdata connected={ wifi } level=0 mMSimcombinedSignalIconId=0x7f0203c3/com.android.systemui:drawable/stat_sys_wifi_signal_3_fully mMSimcombinedActivityIconId=0x7f0203bb mAirplaneMode=false mMSimDataActivity=0 mMSimPhoneSignalIconId=0x7f02037b mMSimDataDirectionIconId=0x0 mMSimDataSignalIconId=0x7f02037b mMSimDataTypeIconId=0x0 mNoSimIconVisible true mWifiIconId=0x7f0203c3 mBluetoothTetherIconId=0x1080694
D/StatusBar.MSimNetworkController( 1681): Send a message to refresh views 1s later!
D/StatusBar.MSimNetworkController( 1681): refreshdata connected={ wifi } level=0 mMSimcombinedSignalIconId=0x7f0203c3/com.android.systemui:drawable/stat_sys_wifi_signal_3_fully mMSimcombinedActivityIconId=0x7f0203bb mAirplaneMode=false mMSimDataActivity=0 mMSimPhoneSignalIconId=0x7f02037b mMSimDataDirectionIconId=0x0 mMSimDataSignalIconId=0x7f02037b mMSimDataTypeIconId=0x0 mNoSimIconVisible true mWifiIconId=0x7f0203c3 mBluetoothTetherIconId=0x1080694
D/ArpVerifier( 1067): performPollAndLog:
D/StatusBar.MSimNetworkController( 1681): Send a message to refresh views 1s later!
D/PowerManagerService( 1067): userActivityNoUpdateLocked: eventTime=709763653, event=2, flags=0x0, uid=1000
D/PowerManagerNotifier( 1067): onUserActivity: event=2, uid=1000
D/PowerManagerService( 1067): updateUserActivitySummaryLocked: mWakefulness=Awake, mUserActivitySummary=0x1, nextTimeout=711556653 (in 1792998 ms)
D/PowerManagerService( 1067): updateDisplayPowerStateLocked: mDisplayReady=true, policy=3, mWakefulness=1, mWakeLockSummary=0x0, mUserActivitySummary=0x1, mBootCompleted=true, mScreenBrightnessBoostInProgress=false, useProximitySensor=false, mRequestWaitForNegativeProximity=false, mBrightnessWaitModeEnabled=false
E/WifiStateMachine( 1067):  ConnectedState !CMD_START_SCAN -2 16114 ic=0 proc(ms):20002 dur:446 cnt=16114 rssi=-73 f=2437 sc=56 link=43 tx=1.7, 0.0, 0.0  rx=2.0 fiv=341718 [on:0 tx:0 rx:0 period:1421] from screen [on:0 period:-993609939]
E/WifiStateMachine( 1067):  L2ConnectedState !CMD_START_SCAN -2 16114 ic=0 proc(ms):20003 dur:446 cnt=16114 rssi=-73 f=2437 sc=56 link=43 tx=1.7, 0.0, 0.0  rx=2.0 fiv=341718 [on:0 tx:0 rx:0 period:1] from screen [on:0 period:-993609938]
E/WifiStateMachine( 1067): WifiStateMachine CMD_START_SCAN source -2 txSuccessRate=1.70 rxSuccessRate=1.97 targetRoamBSSID=any RSSI=-73
E/WifiStateMachine( 1067): startDelayedScan send -> 16115 milli 20000
E/WifiStateMachine( 1067): WifiStateMachine CMD_START_SCAN with age=340058 interval=341718 maxinterval=300000
E/WifiStateMachine( 1067): WifiStateMachine CMD_START_SCAN full=false
E/WifiStateMachine( 1067): WifiStateMachine starting scan for "braveji"-WPA_PSK with 2437
D/WifiNative-wlan0( 1067): doBoolean: SCAN TYPE=ONLY freq=2437
D/wpa_supplicant(15535): wlan0: Control interface command 'SCAN TYPE=ONLY freq=2437'
D/wpa_supplicant(15535): wlan0: Setting scan request: 0.000000 sec
D/wpa_supplicant(15535): wlan0: Starting AP scan for wildcard SSID
D/wpa_supplicant(15535): wlan0: Limit manual scan to specified channels
D/wpa_supplicant(15535): wlan0: Add radio work 'scan'@0x5596a7ec90
D/wpa_supplicant(15535): wlan0: First radio work item in the queue - schedule start immediately
D/wpa_supplicant(15535): wlan0: Starting radio work 'scan'@0x5596a7ec90 after 0.000041 second wait
D/wpa_supplicant(15535): wlan0: nl80211: scan request
D/wpa_supplicant(15535): Scan requested (ret=0) - scan timeout 30 seconds
D/wpa_supplicant(15535): nl80211: Drv Event 33 (NL80211_CMD_TRIGGER_SCAN) received for wlan0
D/wpa_supplicant(15535): wlan0: nl80211: Scan trigger
D/wpa_supplicant(15535): wlan0: Event SCAN_STARTED (49) received
D/wpa_supplicant(15535): wlan0: Own scan request started a scan in 0.000103 seconds
D/wpa_supplicant(15535): CTRL_IFACE monitor sent successfully to /data/misc/wifi/sockets/wpa_ctrl_1067-76\x00
E/WifiHW  ( 1067): wifi_wait_on_socket enter;buf:IFNAME=wlan0 <3>CTRL-EVENT-SCAN-STARTED n;nread:40;
I/WifiHAL ( 1067): Poll result = 1
I/WifiHAL ( 1067): Found some events!!!
D/WifiHAL ( 1067): no_seq_check received
D/WifiMonitor( 1067): Event [IFNAME=wlan0 CTRL-EVENT-SCAN-STARTED ]
I/WifiHAL ( 1067): event received NL80211_CMD_TRIGGER_SCAN
I/WifiHAL ( 1067): event received NL80211_CMD_TRIGGER_SCAN, vendor_id = 0x0
I/WifiHAL ( 1067): event ignored!!
D/WifiMonitor( 1067): Dispatching event to interface: wlan0
E/WifiMonitor( 1067): WifiMonitor:wlan0 cnt=223330 dispatchEvent: CTRL-EVENT-SCAN-STARTED 
E/WifiHW  ( 1067): wifi_send_command enter;cmd:IFNAME=wlan0 SCAN TYPE=ONLY freq=2437;reply:OK
E/WifiHW  ( 1067): ;reply_len:3;
E/WifiMonitor( 1067): handleEvent 14  CTRL-EVENT-SCAN-STARTED 
E/WifiMonitor( 1067): handleEvent unknown: 14  CTRL-EVENT-SCAN-STARTED 
D/WifiNative-wlan0( 1067): SCAN TYPE=ONLY freq=2437: returned true
E/WifiStateMachine( 1067): [1,463,590,238,001 ms] noteScanstart no scan source uid -2
I/WifiHAL ( 1067): Poll result = 1
I/WifiHAL ( 1067): Found some events!!!
D/wpa_supplicant(15535): nl80211: Drv Event 34 (NL80211_CMD_NEW_SCAN_RESULTS) received for wlan0
D/WifiHAL ( 1067): no_seq_check received
I/WifiHAL ( 1067): event received NL80211_CMD_NEW_SCAN_RESULTS
D/wpa_supplicant(15535): wlan0: nl80211: New scan results available
I/WifiHAL ( 1067): event received NL80211_CMD_NEW_SCAN_RESULTS, vendor_id = 0x0
I/WifiHAL ( 1067): event ignored!!
D/wpa_supplicant(15535): nl80211: Scan included frequencies: 2437
D/wpa_supplicant(15535): wlan0: Event SCAN_RESULTS (3) received
D/wpa_supplicant(15535): wlan0: Scan completed in 0.077796 seconds
D/wpa_supplicant(15535): nl80211: Associated on 2437 MHz
D/wpa_supplicant(15535): nl80211: Associated with c8:3a:35:17:52:50
D/wpa_supplicant(15535): nl80211: Received scan results (5 BSSes)
D/wpa_supplicant(15535): nl80211: Scan results indicate BSS status with c8:3a:35:17:52:50 as associated
D/wpa_supplicant(15535): wlan0: BSS: Start scan result update 9899
D/wpa_supplicant(15535): BSS: last_scan_res_used=5/32
D/wpa_supplicant(15535): wlan0: Scan-only results received
D/wpa_supplicant(15535): CTRL_IFACE monitor sent successfully to /data/misc/wifi/sockets/wpa_ctrl_1067-76\x00
D/wpa_supplicant(15535): wlan0: Radio work 'scan'@0x5596a7ec90 done in 0.079050 seconds
E/WifiHW  ( 1067): wifi_wait_on_socket enter;buf:IFNAME=wlan0 <3>CTRL-EVENT-SCAN-RESULTS n;nread:40;
D/WifiMonitor( 1067): Dispatching event to interface: wlan0
E/WifiMonitor( 1067): WifiMonitor:wlan0 cnt=223331 dispatchEvent: CTRL-EVENT-SCAN-RESULTS 
E/WifiMonitor( 1067): handleEvent 4  CTRL-EVENT-SCAN-RESULTS 
E/WifiStateMachine( 1067):  ConnectedState !SCAN_RESULTS_EVENT 0 0 found=7 known=1 got=7 bcn=0 con=0
E/WifiStateMachine( 1067):  L2ConnectedState !SCAN_RESULTS_EVENT 0 0 found=7 known=1 got=7 bcn=0 con=0
E/WifiStateMachine( 1067):  ConnectModeState !SCAN_RESULTS_EVENT 0 0 found=7 known=1 got=7 bcn=0 con=0
E/WifiStateMachine( 1067):  DriverStartedState !SCAN_RESULTS_EVENT 0 0 found=7 known=1 got=7 bcn=0 con=0
E/WifiStateMachine( 1067):  SupplicantStartedState !SCAN_RESULTS_EVENT 0 0 found=7 known=1 got=7 bcn=0 con=0
E/WifiStateMachine( 1067): [1,463,590,238,081 ms] noteScanEnd no scan source onTime=0
D/WifiNative-wlan0( 1067): doString: [BSS RANGE=0- MASK=0x21987]
D/wpa_supplicant(15535): wlan0: Control interface command 'BSS RANGE=0- MASK=0x21987'
E/wpa_supplicant(15535): bssid=bc:d1:77:95:db:1c;freq=2412;level=-58;flags=11;ssid=1403;
E/wpa_supplicant(15535): bssid=c8:3a:35:17:52:50;freq=2437;level=-73;flags=43;ssid=braveji;
E/wpa_supplicant(15535): bssid=08:10:78:2a:a7:9c;freq=2437;level=-86;flags=11;ssid=gehua01141311250350378;
E/wpa_supplicant(15535): bssid=38:83:45:b9:bb:d2;freq=2412;level=-82;flags=11;ssid=W;
E/wpa_supplicant(15535): bssid=24:69:68:29:7b:b2;freq=2412;level=-86;flags=11;ssid=monkey ;
E/wpa_supplicant(15535): bssid=64:9e:f3:87:08:84;freq=2442;level=-88;flags=11;ssid=ciscosb;
E/wpa_supplicant(15535): bssid=28:2c:b2:77:25:ba;freq=2412;level=-90;flags=11;ssid=TP-LINK_7725BA;
E/WifiHW  ( 1067): wifi_send_command enter;cmd:IFNAME=wlan0 BSS RANGE=0- MASK=0x21987;
D/HwWifiStateMachine( 1067): setScanResults:id=6576
D/HwWifiStateMachine( 1067): bssid=bc:d1:77:95:db:1c
D/HwWifiStateMachine( 1067): freq=2412
D/HwWifiStateMachine( 1067): level=-58
D/HwWifiStateMachine( 1067): tsf=0001561407630828
D/HwWifiStateMachine( 1067): flags=[WPA-PSK-CCMP][WPA2-PSK-CCMP][WPS][ESS]
D/HwWifiStateMachine( 1067): ssid=1403
D/HwWifiStateMachine( 1067): ====
D/HwWifiStateMachine( 1067): id=6577
D/HwWifiStateMachine( 1067): bssid=c8:3a:35:17:52:50
D/HwWifiStateMachine( 1067): freq=2437
D/HwWifiStateMachine( 1067): level=-73
D/HwWifiStateMachine( 1067): tsf=0001561407630846
D/HwWifiStateMachine( 1067): flags=[WPA-PSK-CCMP][WPA2-PSK-CCMP][ESS]
D/HwWifiStateMachine( 1067): ssid=braveji
D/HwWifiStateMachine( 1067): ====
D/HwWifiStateMachine( 1067): id=6931
D/HwWifiStateMachine( 1067): bssid=08:10:78:2a:a7:9c
D/HwWifiStateMachine( 1067): freq=2437
D/HwWifiStateMachine( 1067): level=-86
D/HwWifiStateMachine( 1067): tsf=0001561407630859
D/HwWifiStateMachine( 1067): flags=[WPA2-PSK-CCMP][ESS]
D/HwWifiStateMachine( 1067): ssid=gehua01141311250350378
D/HwWifiStateMachine( 1067): ====
D/HwWifiStateMachine( 1067): id=6984
D/HwWifiStateMachine( 1067): bssid=38:83:45:b9:bb:d2
D/HwWifiStateMachine( 1067): freq=2412
D/HwWifiStateMachine( 1067): level=-82
D/HwWifiStateMachine( 1067): tsf=0001561407630854
D/HwWifiStateMachine( 1067): flags=[WPA-PSK-CCMP][WPA2-PSK-CCMP][WPS][ESS]
D/HwWifiStateMachine( 1067): ssid=W
D/HwWifiStateMachine( 1067): ====
D/HwWifiStateMachine( 1067): id=6993
D/HwWifiStateMachine( 1067): bssid=24:69:68:29:7b:b2
D/HwWifiStateMachine( 1067): freq=2412
D/HwWifiStateMachine( 1067): level=-86
D/HwWifiStateMachine( 1067): tsf=0001561407630866
D/HwWifiStateMachine( 1067): flags=[WPA-PSK-CCMP][WPA2-PSK-CCMP][ESS]
D/HwWifiStateMachine( 1067): ssid=monkey 
D/HwWifiStateMachine( 1067): ====
D/HwWifiStateMachine( 1067): id=7002
D/HwWifiStateMachine( 1067): bssid=64:9e:f3:87:08:84
D/HwWifiStateMachine( 1067): freq=2442
D/HwWifiStateMachine( 1067): level=-88
D/HwWifiStateMachine( 1067): tsf=0001561387621187
D/HwWifiStateMachine( 1067): flags=[WPA-PSK-CCMP+TKIP][WPA2-PSK-CCMP+TKIP][ESS]
D/HwWifiStateMachine( 1067): ssid=ciscosb
D/HwWifiStateMachine( 1067): ====
D/HwWifiStateMachine( 1067): id=7005
D/HwWifiStateMachine( 1067): bssid=28:2c:b2:77:25:ba
D/HwWifiStateMachine( 1067): freq=2412
D/HwWifiStateMachine( 1067): level=-90
