D/PowerManagerService( 1067): updateUserActivitySummaryLocked: mWakefulness=Awake, mUserActivitySummary=0x1, nextTimeout=711523116 (in 1783879 ms)
D/PowerManagerService( 1067): updateDisplayPowerStateLocked: mDisplayReady=true, policy=3, mWakefulness=1, mWakeLockSummary=0x1, mUserActivitySummary=0x1, mBootCompleted=true, mScreenBrightnessBoostInProgress=false, useProximitySensor=false, mRequestWaitForNegativeProximity=false, mBrightnessWaitModeEnabled=false
D/PowerManagerService( 1067): acquireWakeLockInternal: lock=664991658, flags=0x1, packageName=android, ws=WorkSource{1000 android}, uid=1000, pid=1067
D/PowerManagerService( 1067): updateWakeLockSummaryLocked: mWakefulness=Awake, mWakeLockSummary=0x1
D/PowerManagerService( 1067): updateUserActivitySummaryLocked: mWakefulness=Awake, mUserActivitySummary=0x1, nextTimeout=711523116 (in 1783879 ms)
D/PowerManagerService( 1067): updateDisplayPowerStateLocked: mDisplayReady=true, policy=3, mWakefulness=1, mWakeLockSummary=0x1, mUserActivitySummary=0x1, mBootCompleted=true, mScreenBrightnessBoostInProgress=false, useProximitySensor=false, mRequestWaitForNegativeProximity=false, mBrightnessWaitModeEnabled=false
D/PowerManagerService( 1067): acquireWakeLockInternal: lock=1062563739, flags=0x1, packageName=android, ws=WorkSource{1000 com.qualcomm.location}, uid=1000, pid=1067
D/PowerManagerService( 1067): updateWakeLockSummaryLocked: mWakefulness=Awake, mWakeLockSummary=0x1
D/PowerManagerService( 1067): updateUserActivitySummaryLocked: mWakefulness=Awake, mUserActivitySummary=0x1, nextTimeout=711523116 (in 1783877 ms)
D/PowerManagerService( 1067): updateDisplayPowerStateLocked: mDisplayReady=true, policy=3, mWakefulness=1, mWakeLockSummary=0x1, mUserActivitySummary=0x1, mBootCompleted=true, mScreenBrightnessBoostInProgress=false, useProximitySensor=false, mRequestWaitForNegativeProximity=false, mBrightnessWaitModeEnabled=false
D/PowerManagerService( 1067): acquireWakeLockInternal: lock=614828998, flags=0x1, packageName=android, ws=WorkSource{10105 com.sdu.didi.psnger}, uid=1000, pid=1067
D/PowerManagerService( 1067): updateWakeLockSummaryLocked: mWakefulness=Awake, mWakeLockSummary=0x1
D/PowerManagerService( 1067): updateUserActivitySummaryLocked: mWakefulness=Awake, mUserActivitySummary=0x1, nextTimeout=711523116 (in 1783876 ms)
D/PowerManagerService( 1067): updateDisplayPowerStateLocked: mDisplayReady=true, policy=3, mWakefulness=1, mWakeLockSummary=0x1, mUserActivitySummary=0x1, mBootCompleted=true, mScreenBrightnessBoostInProgress=false, useProximitySensor=false, mRequestWaitForNegativeProximity=false, mBrightnessWaitModeEnabled=false
D/PowerManagerService( 1067): acquireWakeLockInternal: lock=824411828, flags=0x1, packageName=android, ws=WorkSource{10105 com.sdu.didi.psnger}, uid=1000, pid=1067
D/PowerManagerService( 1067): updateWakeLockSummaryLocked: mWakefulness=Awake, mWakeLockSummary=0x1
D/PowerManagerService( 1067): updateUserActivitySummaryLocked: mWakefulness=Awake, mUserActivitySummary=0x1, nextTimeout=711523116 (in 1783874 ms)
D/PowerManagerService( 1067): updateDisplayPowerStateLocked: mDisplayReady=true, policy=3, mWakefulness=1, mWakeLockSummary=0x1, mUserActivitySummary=0x1, mBootCompleted=true, mScreenBrightnessBoostInProgress=false, useProximitySensor=false, mRequestWaitForNegativeProximity=false, mBrightnessWaitModeEnabled=false
D/PowerManagerService( 1067): acquireWakeLockInternal: lock=954740158, flags=0x1, packageName=android, ws=WorkSource{10312 com.whereru.greengrass.goforit}, uid=1000, pid=1067
D/PowerManagerService( 1067): updateWakeLockSummaryLocked: mWakefulness=Awake, mWakeLockSummary=0x1
D/PowerManagerService( 1067): updateUserActivitySummaryLocked: mWakefulness=Awake, mUserActivitySummary=0x1, nextTimeout=711523116 (in 1783872 ms)
D/PowerManagerService( 1067): updateDisplayPowerStateLocked: mDisplayReady=true, policy=3, mWakefulness=1, mWakeLockSummary=0x1, mUserActivitySummary=0x1, mBootCompleted=true, mScreenBrightnessBoostInProgress=false, useProximitySensor=false, mRequestWaitForNegativeProximity=false, mBrightnessWaitModeEnabled=false
D/PowerManagerService( 1067): releaseWakeLockInternal: lock=322140748, flags=0x0, packageName=android", ws=WorkSource{10015 com.baidu.map.location}, uid=1000, pid=1067
D/PowerManagerService( 1067): updateWakeLockSummaryLocked: mWakefulness=Awake, mWakeLockSummary=0x1
D/PowerManagerService( 1067): updateUserActivitySummaryLocked: mWakefulness=Awake, mUserActivitySummary=0x1, nextTimeout=711523116 (in 1783870 ms)
D/PowerManagerService( 1067): updateDisplayPowerStateLocked: mDisplayReady=true, policy=3, mWakefulness=1, mWakeLockSummary=0x1, mUserActivitySummary=0x1, mBootCompleted=true, mScreenBrightnessBoostInProgress=false, useProximitySensor=false, mRequestWaitForNegativeProximity=false, mBrightnessWaitModeEnabled=false
D/PowerManagerService( 1067): releaseWakeLockInternal: lock=1062563739, flags=0x0, packageName=android", ws=WorkSource{1000 com.qualcomm.location}, uid=1000, pid=1067
D/PowerManagerService( 1067): updateWakeLockSummaryLocked: mWakefulness=Awake, mWakeLockSummary=0x1
D/PowerManagerService( 1067): updateUserActivitySummaryLocked: mWakefulness=Awake, mUserActivitySummary=0x1, nextTimeout=711523116 (in 1783869 ms)
D/PowerManagerService( 1067): updateDisplayPowerStateLocked: mDisplayReady=true, policy=3, mWakefulness=1, mWakeLockSummary=0x1, mUserActivitySummary=0x1, mBootCompleted=true, mScreenBrightnessBoostInProgress=false, useProximitySensor=false, mRequestWaitForNegativeProximity=false, mBrightnessWaitModeEnabled=false
D/PowerManagerService( 1067): releaseWakeLockInternal: lock=614828998, flags=0x0, packageName=android", ws=WorkSource{10105 com.sdu.didi.psnger}, uid=1000, pid=1067
D/PowerManagerService( 1067): updateWakeLockSummaryLocked: mWakefulness=Awake, mWakeLockSummary=0x1
D/PowerManagerService( 1067): updateUserActivitySummaryLocked: mWakefulness=Awake, mUserActivitySummary=0x1, nextTimeout=711523116 (in 1783867 ms)
D/PowerManagerService( 1067): updateDisplayPowerStateLocked: mDisplayReady=true, policy=3, mWakefulness=1, mWakeLockSummary=0x1, mUserActivitySummary=0x1, mBootCompleted=true, mScreenBrightnessBoostInProgress=false, useProximitySensor=false, mRequestWaitForNegativeProximity=false, mBrightnessWaitModeEnabled=false
D/PowerManagerService( 1067): releaseWakeLockInternal: lock=954740158, flags=0x0, packageName=android", ws=WorkSource{10312 com.whereru.greengrass.goforit}, uid=1000, pid=1067
D/PowerManagerService( 1067): updateWakeLockSummaryLocked: mWakefulness=Awake, mWakeLockSummary=0x1
D/PowerManagerService( 1067): updateUserActivitySummaryLocked: mWakefulness=Awake, mUserActivitySummary=0x1, nextTimeout=711523116 (in 1783867 ms)
D/PowerManagerService( 1067): updateDisplayPowerStateLocked: mDisplayReady=true, policy=3, mWakefulness=1, mWakeLockSummary=0x1, mUserActivitySummary=0x1, mBootCompleted=true, mScreenBrightnessBoostInProgress=false, useProximitySensor=false, mRequestWaitForNegativeProximity=false, mBrightnessWaitModeEnabled=false
D/PowerManagerService( 1067): releaseWakeLockInternal: lock=435595903, flags=0x0, packageName=android", ws=WorkSource{1000 android}, uid=1000, pid=1067
D/PowerManagerService( 1067): updateWakeLockSummaryLocked: mWakefulness=Awake, mWakeLockSummary=0x1
D/PowerManagerService( 1067): updateUserActivitySummaryLocked: mWakefulness=Awake, mUserActivitySummary=0x1, nextTimeout=711523116 (in 1783866 ms)
D/PowerManagerService( 1067): updateDisplayPowerStateLocked: mDisplayReady=true, policy=3, mWakefulness=1, mWakeLockSummary=0x1, mUserActivitySummary=0x1, mBootCompleted=true, mScreenBrightnessBoostInProgress=false, useProximitySensor=false, mRequestWaitForNegativeProximity=false, mBrightnessWaitModeEnabled=false
D/PowerManagerService( 1067): releaseWakeLockInternal: lock=664991658, flags=0x0, packageName=android", ws=WorkSource{1000 android}, uid=1000, pid=1067
D/PowerManagerService( 1067): updateWakeLockSummaryLocked: mWakefulness=Awake, mWakeLockSummary=0x1
D/PowerManagerService( 1067): updateUserActivitySummaryLocked: mWakefulness=Awake, mUserActivitySummary=0x1, nextTimeout=711523116 (in 1783866 ms)
D/PowerManagerService( 1067): updateDisplayPowerStateLocked: mDisplayReady=true, policy=3, mWakefulness=1, mWakeLockSummary=0x1, mUserActivitySummary=0x1, mBootCompleted=true, mScreenBrightnessBoostInProgress=false, useProximitySensor=false, mRequestWaitForNegativeProximity=false, mBrightnessWaitModeEnabled=false
D/PowerManagerService( 1067): releaseWakeLockInternal: lock=824411828, flags=0x0, packageName=android", ws=WorkSource{10105 com.sdu.didi.psnger}, uid=1000, pid=1067
D/PowerManagerService( 1067): updateWakeLockSummaryLocked: mWakefulness=Awake, mWakeLockSummary=0x0
D/PowerManagerService( 1067): updateUserActivitySummaryLocked: mWakefulness=Awake, mUserActivitySummary=0x1, nextTimeout=711523116 (in 1783865 ms)
D/PowerManagerService( 1067): updateDisplayPowerStateLocked: mDisplayReady=true, policy=3, mWakefulness=1, mWakeLockSummary=0x0, mUserActivitySummary=0x1, mBootCompleted=true, mScreenBrightnessBoostInProgress=false, useProximitySensor=false, mRequestWaitForNegativeProximity=false, mBrightnessWaitModeEnabled=false
D/PowerManagerService( 1067): Releasing suspend blocker "PowerManagerService.WakeLocks".
I/System.out(21622): [socket][4:38351] exception
I/System.out(21622): [CDS]close[38351]
I/System.out(21622): close [socket][/0.0.0.0:38351]
E/OKHTTP_TAG_RUBY(21622): 上报坐标后,服务器返回的信息:java.net.SocketTimeoutException: failed to connect to /192.168.1.102 (port 9099) after 10000ms
D/PowerManagerService( 1067): acquireWakeLockInternal: lock=1047709229, flags=0x1, packageName=com.android.phone, ws=null, uid=1001, pid=2082
D/PowerManagerService( 1067): updateWakeLockSummaryLocked: mWakefulness=Awake, mWakeLockSummary=0x1
D/PowerManagerService( 1067): updateUserActivitySummaryLocked: mWakefulness=Awake, mUserActivitySummary=0x1, nextTimeout=711523116 (in 1783389 ms)
D/PowerManagerService( 1067): updateDisplayPowerStateLocked: mDisplayReady=true, policy=3, mWakefulness=1, mWakeLockSummary=0x1, mUserActivitySummary=0x1, mBootCompleted=true, mScreenBrightnessBoostInProgress=false, useProximitySensor=false, mRequestWaitForNegativeProximity=false, mBrightnessWaitModeEnabled=false
D/PowerManagerService( 1067): Acquiring suspend blocker "PowerManagerService.WakeLocks".
D/PowerManagerService( 1067): releaseWakeLockInternal: lock=1047709229, flags=0x0, packageName=com.android.phone", ws=null, uid=1001, pid=2082
D/PowerManagerService( 1067): updateWakeLockSummaryLocked: mWakefulness=Awake, mWakeLockSummary=0x0
D/PowerManagerService( 1067): updateUserActivitySummaryLocked: mWakefulness=Awake, mUserActivitySummary=0x1, nextTimeout=711523116 (in 1783383 ms)
D/PowerManagerService( 1067): updateDisplayPowerStateLocked: mDisplayReady=true, policy=3, mWakefulness=1, mWakeLockSummary=0x0, mUserActivitySummary=0x1, mBootCompleted=true, mScreenBrightnessBoostInProgress=false, useProximitySensor=false, mRequestWaitForNegativeProximity=false, mBrightnessWaitModeEnabled=false
D/PowerManagerService( 1067): Releasing suspend blocker "PowerManagerService.WakeLocks".
D/PowerManagerService( 1067): acquireWakeLockInternal: lock=523024981, flags=0x1, packageName=com.android.phone, ws=null, uid=1001, pid=2082
D/PowerManagerService( 1067): updateWakeLockSummaryLocked: mWakefulness=Awake, mWakeLockSummary=0x1
D/PowerManagerService( 1067): updateUserActivitySummaryLocked: mWakefulness=Awake, mUserActivitySummary=0x1, nextTimeout=711523116 (in 1783381 ms)
D/PowerManagerService( 1067): updateDisplayPowerStateLocked: mDisplayReady=true, policy=3, mWakefulness=1, mWakeLockSummary=0x1, mUserActivitySummary=0x1, mBootCompleted=true, mScreenBrightnessBoostInProgress=false, useProximitySensor=false, mRequestWaitForNegativeProximity=false, mBrightnessWaitModeEnabled=false
D/PowerManagerService( 1067): Acquiring suspend blocker "PowerManagerService.WakeLocks".
D/PowerManagerService( 1067): releaseWakeLockInternal: lock=523024981, flags=0x0, packageName=com.android.phone", ws=null, uid=1001, pid=2082
D/PowerManagerService( 1067): updateWakeLockSummaryLocked: mWakefulness=Awake, mWakeLockSummary=0x0
D/PowerManagerService( 1067): updateUserActivitySummaryLocked: mWakefulness=Awake, mUserActivitySummary=0x1, nextTimeout=711523116 (in 1783377 ms)
D/PowerManagerService( 1067): updateDisplayPowerStateLocked: mDisplayReady=true, policy=3, mWakefulness=1, mWakeLockSummary=0x0, mUserActivitySummary=0x1, mBootCompleted=true, mScreenBrightnessBoostInProgress=false, useProximitySensor=false, mRequestWaitForNegativeProximity=false, mBrightnessWaitModeEnabled=false
W/System.err( 2082): java.lang.NullPointerException: Attempt to invoke interface method 'java.lang.Object[] java.util.Collection.toArray()' on a null object reference
W/System.err( 2082): 	at java.util.ArrayList.addAll(ArrayList.java:188)
W/System.err( 2082): 	at com.android.phone.PhoneInterfaceManager.getAllCellInfoUsingSubId(PhoneInterfaceManager.java:1716)
W/System.err( 2082): 	at com.android.internal.telephony.ITelephony$Stub.onTransact(ITelephony.java:726)
W/System.err( 2082): 	at android.os.Binder.execTransact(Binder.java:452)
W/PhoneInterfaceManager( 2082): shouldBlockLocation running ...
I/HwSystemManager( 1780): HoldService:callUid: 10312 notificationType: false
I/HwSystemManager( 1780): HoldService:pkgName[0]: com.whereru.greengrass.goforit identity: 4299262265378
D/StubController( 2082): holdAndGetPermissionType permissionType:8 uid:10312 pid:22114
D/StubController( 2082): addRequestCount, mRequestCount =1 mPhoneIDRequestCount: 0 mLocationRequestCount: 1 permissionType is: 8
D/StubController( 2082): holdForGetPermissionSelection  mRequestCount:1
D/HwActivityManagerService( 1067): handleANRFilterFIFO,uid = 10312cmd = 0
I/HwSystemManager( 1780): HoldService:checkBeforeShowDialog: uid:10312 pid:22114, permissionType:8
I/HwSystemManager( 1780): OverseaCfgHelper:permissionStatus is 0
D/PowerManagerService( 1067): Releasing suspend blocker "PowerManagerService.WakeLocks".
I/HwSystemManager( 1780): ShareLib:pkgNameList:1
I/HwSystemManager( 1780): ShareLib:getApplication pkgName:com.whereru.greengrass.goforit
I/HwSystemManager( 1780): ShareLib:getAppInfo the final pkgName:com.whereru.greengrass.goforit
I/HwSystemManager( 1780): ShareLib:getAppInfo time consume:1
I/HwSystemManager( 1780): ShareLib:getAppInfoByUidAndPid time consume:4
I/HwSystemManager( 1780): HoldService:preHoldShow start!
I/HwSystemManager( 1780): HoldService:The prePermissionType is: 1
D/StubController( 2082): beforeShowDialogCheckResult:1
D/StubController( 2082): minusRequestCount, mRequestCount =0 mPhoneIDRequestCount: 0 mLocationRequestCount: 0 permissionType is: 8
D/HwActivityManagerService( 1067): handleANRFilterFIFO,uid = 10312cmd = 1
I/PhoneInterfaceManager( 2082): shouldBlockLocation  ret:false
I/BAIDU_MAP_TAG_RUBY(21622): @BDLocationListener#onReceiveLocation has been called,21622
E/BAIDU_MAP_TAG_RUBY(21622): 161
E/BAIDU_MAP_TAG_RUBY(21622): latitude : 40.068248
E/BAIDU_MAP_TAG_RUBY(21622): lontitude : 116.313353
E/BAIDU_MAP_TAG_RUBY(21622): radius : 59.24524
E/BAIDU_MAP_TAG_RUBY(21622): addr : 中国北京市海淀区西二旗北路
E/BAIDU_MAP_TAG_RUBY(21622): operationers : 0
E/BAIDU_MAP_TAG_RUBY(21622): describe : 网络定位成功
E/BAIDU_MAP_TAG_RUBY(21622): locationdescribe : 在住总万科·金域国际附近
E/BAIDU_PUSH_TAG_RUBY(21622): upload business ID:-1.21622
I/System  (21622): core_booster, getBoosterConfig = false
I/System.out(21622): [CDS]rx timeout:10000
I/System.out(21622): [socket][4] connection /192.168.1.102:9099;LocalPort=53325(10000)
I/System.out(21622): [CDS]connect[/192.168.1.102:9099] tm:10
I/SocketClient(  367): Vold: send info to framework success !!
E/LocSvc_ApiV02( 1067): I/<--- void globalEventCb(locClientHandleType, uint32_t, locClientEventIndUnionType, void*) line 81 QMI_LOC_EVENT_GNSS_SV_INFO_IND_V02
E/LocSvc_libulp( 1067): I/int ulp_brain_process_gnss_sv_report(const GpsSvStatus*), gnss sv report cnt = 479358, gnss pos report cnt = 93411,strong sv cnt = 0
E/LocSvc_afw( 1067): I/<=== sv_status_cb - line 1147 26
V/GpsLocationProvider( 1067): SV count: 26 ephemerisMask: 31085072 almanacMask: 31085072
V/GpsLocationProvider( 1067): sv: 13 snr: 1.45 elev: 47.0 azimuth: 175.0 E A
V/GpsLocationProvider( 1067): sv: 15 snr: 2.1200001 elev: 18.0 azimuth: 205.0 E AU
V/GpsLocationProvider( 1067): sv: 2 snr: 0.0 elev: 62.0 azimuth: 108.0 E A
V/GpsLocationProvider( 1067): sv: 5 snr: 0.0 elev: 73.0 azimuth: 344.0 E A
V/GpsLocationProvider( 1067): sv: 6 snr: 0.0 elev: 14.0 azimuth: 116.0 E A
V/GpsLocationProvider( 1067): sv: 7 snr: 0.0 elev: 12.0 azimuth: 61.0 E A
V/GpsLocationProvider( 1067): sv: 20 snr: 0.0 elev: 34.0 azimuth: 270.0 E A
V/GpsLocationProvider( 1067): sv: 25 snr: 0.0 elev: 0.0 azimuth: 0.0 E A
V/GpsLocationProvider( 1067): sv: 29 snr: 0.0 elev: 45.0 azimuth: 292.0 E A
V/GpsLocationProvider( 1067): sv: 30 snr: 0.0 elev: 13.0 azimuth: 90.0 E A
V/GpsLocationProvider( 1067): sv: 66 snr: 0.0 elev: 33.0 azimuth: 36.0 E A
V/GpsLocationProvider( 1067): sv: 82 snr: 0.0 elev: 78.0 azimuth: 277.0    
V/GpsLocationProvider( 1067): sv: 75 snr: 0.0 elev: 4.0 azimuth: 26.0    
V/GpsLocationProvider( 1067): sv: 83 snr: 0.0 elev: 24.0 azimuth: 327.0    
V/GpsLocationProvider( 1067): sv: 81 snr: 0.0 elev: 40.0 azimuth: 160.0    
V/GpsLocationProvider( 1067): sv: 67 snr: 0.0 elev: 71.0 azimuth: 310.0    
V/GpsLocationProvider( 1067): sv: 68 snr: 0.0 elev: 27.0 azimuth: 243.0    
V/GpsLocationProvider( 1067): sv: 201 snr: 0.0 elev: 35.0 azimuth: 146.0    
V/GpsLocationProvider( 1067): sv: 202 snr: 0.0 elev: 30.0 azimuth: 229.0    
V/GpsLocationProvider( 1067): sv: 203 snr: 0.0 elev: 41.0 azimuth: 188.0    
V/GpsLocationProvider( 1067): sv: 204 snr: 0.0 elev: 24.0 azimuth: 123.0    
V/GpsLocationProvider( 1067): sv: 205 snr: 0.0 elev: 15.0 azimuth: 247.0 E A
V/GpsLocationProvider( 1067): sv: 206 snr: 0.0 elev: 74.0 azimuth: 258.0    
V/GpsLocationProvider( 1067): sv: 208 snr: 0.0 elev: 47.0 azimuth: 164.0    
V/GpsLocationProvider( 1067): sv: 209 snr: 0.0 elev: 50.0 azimuth: 240.0    
V/GpsLocationProvider( 1067): sv: 215 snr: 0.0 elev: 70.0 azimuth: 209.0    
D/GpsCHRStatusManager( 1067): chrType: 9 data: [Ljava.lang.Object;@238b2622
E/LocSvc_ApiV02( 1067): I/<--- void globalEventCb(locClientHandleType, uint32_t, locClientEventIndUnionType, void*) line 81 QMI_LOC_EVENT_POSITION_REPORT_IND_V02
E/LocSvc_libulp( 1067): I/===> int ulp_brain_process_gnss_position_report(loc_sess_status, LocPosTechMask, const UlpLocation*, const GpsLocationExtended*, const void*) line 1113 
E/LocSvc_libulp( 1067): I/int ulp_brain_process_gnss_position_report(loc_sess_status, LocPosTechMask, const UlpLocation*, const GpsLocationExtended*, const void*), transition provider returned = 0
E/LocSvc_libulp( 1067): I/int ulp_brain_process_gnss_position_report(loc_sess_status, LocPosTechMask, const UlpLocation*, const GpsLocationExtended*, const void*), report GNSS position/status to hybrid fix requests = 0
E/LocSvc_libulp( 1067): I/===> int ulp_msg_send_generic_position_report(loc_sess_status, LocPosTechMask, const UlpLocation*, const GpsLocationExtended*, const void*) line 1011 
E/LocSvc_ulp_log( 1067): I/===> int ulp_xtwifi_send_position(const char*, loc_sess_status, LocPosTechMask, const UlpLocation*, const GpsLocationExtended*) line 63 
D/GpsCHRStatusManager( 1067): handleMessage chrDateType:9
D/GpsCHRStatusManager( 1067): handlerUpdataSvStatus:
E/LocSvc_eng_nmea( 1067): I/<=== nmea_cb line 62 0x7f9036ca40
E/LocSvc_eng_nmea( 1067): I/<=== nmea_cb line 62 0x7f9036ca40
E/LocSvc_eng_nmea( 1067): I/<=== nmea_cb line 62 0x7f9036ca40
E/LocSvc_eng_nmea( 1067): I/<=== nmea_cb line 62 0x7f9036ca40
E/LocSvc_eng_nmea( 1067): I/<=== nmea_cb line 62 0x7f9036ca40
E/LocSvc_eng_nmea( 1067): I/<=== nmea_cb line 62 0x7f9036ca10
E/LocSvc_eng_nmea( 1067): I/<=== nmea_cb line 62 0x7f9036ca10
E/LocSvc_eng_nmea( 1067): I/<=== nmea_cb line 62 0x7f9036ca10
E/LocSvc_eng_nmea( 1067): I/<=== nmea_cb line 62 0x7f9036ca10
D/LocationManagerService( 1067): getLastLocation: Request[ACCURACY_FINE gps requested=0 fastest=0 num=1]
I/HwSystemManager( 1780): HoldService:callUid: 10015 notificationType: false
I/HwSystemManager( 1780): HoldService:pkgName[0]: com.baidu.map.location identity: 4294967297067
D/StatusBar.MSimNetworkController( 1681): refreshdata connected={ wifi } level=0 mMSimcombinedSignalIconId=0x7f0203c3/com.android.systemui:drawable/stat_sys_wifi_signal_3_fully mMSimcombinedActivityIconId=0x7f0203ba mAirplaneMode=false mMSimDataActivity=0 mMSimPhoneSignalIconId=0x7f02037b mMSimDataDirectionIconId=0x0 mMSimDataSignalIconId=0x7f02037b mMSimDataTypeIconId=0x0 mNoSimIconVisible true mWifiIconId=0x7f0203c3 mBluetoothTetherIconId=0x1080694
D/StatusBar.MSimNetworkController( 1681): refreshdata connected={ wifi } level=0 mMSimcombinedSignalIconId=0x7f0203c3/com.android.systemui:drawable/stat_sys_wifi_signal_3_fully mMSimcombinedActivityIconId=0x7f0203ba mAirplaneMode=false mMSimDataActivity=0 mMSimPhoneSignalIconId=0x7f02037b mMSimDataDirectionIconId=0x0 mMSimDataSignalIconId=0x7f02037b mMSimDataTypeIconId=0x0 mNoSimIconVisible true mWifiIconId=0x7f0203c3 mBluetoothTetherIconId=0x1080694
D/StatusBar.MSimNetworkController( 1681): Frequently refreshed,will be inglored! subscription: 0
D/StatusBar.MSimNetworkController( 1681): Frequently refreshed,will be inglored! subscription: 0
D/StatusBar.MSimNetworkController( 1681): The latest refersh is 1014 ms ago!
D/StatusBar.MSimNetworkController( 1681): refreshviews update icon subscription===0 mMSimPhoneSignalIconId[subscription]===2130838395 mMSimPhoneSignalTypeIconId[subscription]===0 mMSimMobileActivityIconId[subscription]===0 mMSimDataTypeIconId[subscription]===0
D/HwCustMSimSignalClusterViewImpl( 1681): applyVSim, sub = -1
D/HwCustMSimSignalClusterViewImpl( 1681): applyVSim, sub = 0
D/HwCustMSimSignalClusterViewImpl( 1681): applyVSim, sub = 0
D/HwCustMSimSignalClusterViewImpl( 1681): applyVSim, sub = -1
D/HwCustMSimSignalClusterViewImpl( 1681): applyVSim, sub = -1
D/HwCustMSimSignalClusterViewImpl( 1681): applyVSim, sub = 0
D/HwCustMSimSignalClusterViewImpl( 1681): applyVSim, sub = 0
D/HwCustMSimSignalClusterViewImpl( 1681): applyVSim, sub = -1
D/StatusBar.MSimNetworkController( 1681): The latest refersh is 1014 ms ago!
D/StatusBar.MSimNetworkController( 1681): refreshviews update icon subscription===0 mMSimPhoneSignalIconId[subscription]===2130838395 mMSimPhoneSignalTypeIconId[subscription]===0 mMSimMobileActivityIconId[subscription]===0 mMSimDataTypeIconId[subscription]===0
I/SurfaceFlinger(  336): FPS: 1
E/LocSvc_ApiV02( 1067): I/<--- void globalEventCb(locClientHandleType, uint32_t, locClientEventIndUnionType, void*) line 81 QMI_LOC_EVENT_GNSS_SV_INFO_IND_V02
E/LocSvc_libulp( 1067): I/int ulp_brain_process_gnss_sv_report(const GpsSvStatus*), gnss sv report cnt = 479359, gnss pos report cnt = 93411,strong sv cnt = 0
E/LocSvc_afw( 1067): I/<=== sv_status_cb - line 1147 26
V/GpsLocationProvider( 1067): SV count: 26 ephemerisMask: 31085072 almanacMask: 31085072
V/GpsLocationProvider( 1067): sv: 13 snr: 1.42 elev: 47.0 azimuth: 175.0 E A
V/GpsLocationProvider( 1067): sv: 15 snr: 2.1399999 elev: 18.0 azimuth: 205.0 E AU
V/GpsLocationProvider( 1067): sv: 2 snr: 0.0 elev: 62.0 azimuth: 108.0 E A
V/GpsLocationProvider( 1067): sv: 5 snr: 0.0 elev: 73.0 azimuth: 344.0 E A
V/GpsLocationProvider( 1067): sv: 6 snr: 0.0 elev: 14.0 azimuth: 116.0 E A
V/GpsLocationProvider( 1067): sv: 7 snr: 0.0 elev: 12.0 azimuth: 61.0 E A
V/GpsLocationProvider( 1067): sv: 20 snr: 0.0 elev: 34.0 azimuth: 270.0 E A
V/GpsLocationProvider( 1067): sv: 25 snr: 0.0 elev: 0.0 azimuth: 0.0 E A
V/GpsLocationProvider( 1067): sv: 29 snr: 0.0 elev: 45.0 azimuth: 292.0 E A
V/GpsLocationProvider( 1067): sv: 30 snr: 0.0 elev: 13.0 azimuth: 90.0 E A
V/GpsLocationProvider( 1067): sv: 66 snr: 0.0 elev: 33.0 azimuth: 36.0 E A
V/GpsLocationProvider( 1067): sv: 82 snr: 0.0 elev: 78.0 azimuth: 277.0    
V/GpsLocationProvider( 1067): sv: 75 snr: 0.0 elev: 4.0 azimuth: 26.0    
V/GpsLocationProvider( 1067): sv: 83 snr: 0.0 elev: 24.0 azimuth: 327.0    
V/GpsLocationProvider( 1067): sv: 81 snr: 0.0 elev: 40.0 azimuth: 160.0    
V/GpsLocationProvider( 1067): sv: 67 snr: 0.0 elev: 71.0 azimuth: 310.0    
V/GpsLocationProvider( 1067): sv: 68 snr: 0.0 elev: 27.0 azimuth: 243.0    
V/GpsLocationProvider( 1067): sv: 201 snr: 0.0 elev: 35.0 azimuth: 146.0    
V/GpsLocationProvider( 1067): sv: 202 snr: 0.0 elev: 30.0 azimuth: 229.0    
V/GpsLocationProvider( 1067): sv: 203 snr: 0.0 elev: 41.0 azimuth: 188.0    
V/GpsLocationProvider( 1067): sv: 204 snr: 0.0 elev: 24.0 azimuth: 123.0    
V/GpsLocationProvider( 1067): sv: 205 snr: 0.0 elev: 15.0 azimuth: 247.0 E A
V/GpsLocationProvider( 1067): sv: 206 snr: 0.0 elev: 74.0 azimuth: 258.0    
V/GpsLocationProvider( 1067): sv: 208 snr: 0.0 elev: 47.0 azimuth: 164.0    
V/GpsLocationProvider( 1067): sv: 209 snr: 0.0 elev: 50.0 azimuth: 240.0    
V/GpsLocationProvider( 1067): sv: 215 snr: 0.0 elev: 70.0 azimuth: 209.0    
D/GpsCHRStatusManager( 1067): chrType: 9 data: [Ljava.lang.Object;@2829c8b3
E/LocSvc_ApiV02( 1067): I/<--- void globalEventCb(locClientHandleType, uint32_t, locClientEventIndUnionType, void*) line 81 QMI_LOC_EVENT_POSITION_REPORT_IND_V02
E/LocSvc_libulp( 1067): I/===> int ulp_brain_process_gnss_position_report(loc_sess_status, LocPosTechMask, const UlpLocation*, const GpsLocationExtended*, const void*) line 1113 
E/LocSvc_libulp( 1067): I/int ulp_brain_process_gnss_position_report(loc_sess_status, LocPosTechMask, const UlpLocation*, const GpsLocationExtended*, const void*), transition provider returned = 0
E/LocSvc_libulp( 1067): I/int ulp_brain_process_gnss_position_report(loc_sess_status, LocPosTechMask, const UlpLocation*, const GpsLocationExtended*, const void*), report GNSS position/status to hybrid fix requests = 0
E/LocSvc_libulp( 1067): I/===> int ulp_msg_send_generic_position_report(loc_sess_status, LocPosTechMask, const UlpLocation*, const GpsLocationExtended*, const void*) line 1011 
E/LocSvc_ulp_log( 1067): I/===> int ulp_xtwifi_send_position(const char*, loc_sess_status, LocPosTechMask, const UlpLocation*, const GpsLocationExtended*) line 63 
D/GpsCHRStatusManager( 1067): handleMessage chrDateType:9
D/GpsCHRStatusManager( 1067): handlerUpdataSvStatus:
E/LocSvc_eng_nmea( 1067): I/<=== nmea_cb line 62 0x7f9036ca40
E/LocSvc_eng_nmea( 1067): I/<=== nmea_cb line 62 0x7f9036ca40
E/LocSvc_eng_nmea( 1067): I/<=== nmea_cb line 62 0x7f9036ca40
E/LocSvc_eng_nmea( 1067): I/<=== nmea_cb line 62 0x7f9036ca40
E/LocSvc_eng_nmea( 1067): I/<=== nmea_cb line 62 0x7f9036ca40
E/LocSvc_eng_nmea( 1067): I/<=== nmea_cb line 62 0x7f9036ca10
E/LocSvc_eng_nmea( 1067): I/<=== nmea_cb line 62 0x7f9036ca10
E/LocSvc_eng_nmea( 1067): I/<=== nmea_cb line 62 0x7f9036ca10
E/LocSvc_eng_nmea( 1067): I/<=== nmea_cb line 62 0x7f9036ca10
D/DisplayPowerController( 1067): Animating brightness: target=34, rate=40
D/DisplayPowerController( 1067): Unfinished business...
D/DisplayPowerState( 1067): Requesting new screen state: state=ON, backlight=41
D/DisplayPowerState( 1067): Screen not ready
D/DisplayPowerState( 1067): Updating screen state: state=ON, backlight=41
D/LightsService( 1067): set color temp success
D/DisplayPowerState( 1067): Requesting new screen state: state=ON, backlight=40
D/DisplayPowerState( 1067): Screen not ready
D/DisplayPowerState( 1067): Updating screen state: state=ON, backlight=40
D/DisplayPowerState( 1067): Requesting new screen state: state=ON, backlight=39
D/DisplayPowerState( 1067): Screen not ready
D/LightsService( 1067): set color temp success
D/DisplayPowerState( 1067): Updating screen state: state=ON, backlight=39
D/DisplayPowerState( 1067): Requesting new screen state: state=ON, backlight=38
D/DisplayPowerState( 1067): Screen not ready
D/LightsService( 1067): set color temp success
D/DisplayPowerState( 1067): Requesting new screen state: state=ON, backlight=37
D/DisplayPowerState( 1067): Screen not ready
D/DisplayPowerState( 1067): Updating screen state: state=ON, backlight=37
D/DisplayPowerState( 1067): Requesting new screen state: state=ON, backlight=36
D/DisplayPowerState( 1067): Screen not ready
D/LightsService( 1067): set color temp success
D/DisplayPowerState( 1067): Requesting new screen state: state=ON, backlight=35
D/DisplayPowerState( 1067): Screen not ready
D/DisplayPowerState( 1067): Updating screen state: state=ON, backlight=35
D/DisplayPowerState( 1067): Requesting new screen state: state=ON, backlight=34
D/DisplayPowerState( 1067): Screen not ready
D/DisplayPowerController( 1067): Animating brightness: target=34, rate=40
D/LightsService( 1067): set color temp success
D/DisplayPowerState( 1067): Updating screen state: state=ON, backlight=34
D/StatusBar.MSimNetworkController( 1681): refreshdata connected={ wifi } level=0 mMSimcombinedSignalIconId=0x7f0203c3/com.android.systemui:drawable/stat_sys_wifi_signal_3_fully mMSimcombinedActivityIconId=0x7f0203bb mAirplaneMode=false mMSimDataActivity=0 mMSimPhoneSignalIconId=0x7f02037b mMSimDataDirectionIconId=0x0 mMSimDataSignalIconId=0x7f02037b mMSimDataTypeIconId=0x0 mNoSimIconVisible true mWifiIconId=0x7f0203c3 mBluetoothTetherIconId=0x1080694
D/StatusBar.MSimNetworkController( 1681): refreshdata connected={ wifi } level=0 mMSimcombinedSignalIconId=0x7f0203c3/com.android.systemui:drawable/stat_sys_wifi_signal_3_fully mMSimcombinedActivityIconId=0x7f0203bb mAirplaneMode=false mMSimDataActivity=0 mMSimPhoneSignalIconId=0x7f02037b mMSimDataDirectionIconId=0x0 mMSimDataSignalIconId=0x7f02037b mMSimDataTypeIconId=0x0 mNoSimIconVisible true mWifiIconId=0x7f0203c3 mBluetoothTetherIconId=0x1080694
D/StatusBar.MSimNetworkController( 1681): Send a message to refresh views 1s later!
D/StatusBar.MSimNetworkController( 1681): Send a message to refresh views 1s later!
D/LightsService( 1067): set color temp success
D/DisplayPowerState( 1067): Screen ready
D/DisplayPowerController( 1067): Animating brightness: target=34, rate=40
D/DisplayPowerController( 1067): Finished business...
E/WifiStateMachine( 1067):  ConnectedState !CMD_RSSI_POLL 372 0 "braveji" c8:3a:35:17:52:50 rssi=-70 f=2437 sc=60 link=43 tx=3.6, 0.0, 0.0  rx=1.3 bcn=0 [on:0 tx:0 rx:0 period:3004] from screen [on:0 period:-993632493] gl hn u24 rssi=-65 ag=0 hr ls-=0 [56,56,56,56,61] brc=0 lrc=0
E/WifiStateMachine( 1067):  L2ConnectedState !CMD_RSSI_POLL 372 0 "braveji" c8:3a:35:17:52:50 rssi=-70 f=2437 sc=60 link=43 tx=3.6, 0.0, 0.0  rx=1.3 bcn=0 [on:0 tx:0 rx:0 period:0] from screen [on:0 period:-993632493] gl hn u24 rssi=-65 ag=0 hr ls-=0 [56,56,56,56,61] brc=0 lrc=0
D/WifiNative-wlan0( 1067): doString: [SIGNAL_POLL]
D/wpa_supplicant(15535): wlan0: Control interface command 'SIGNAL_POLL'
E/wpa_supplicant(15535): RSSI=-68;LINKSPEED=57;NOISE=9999;FREQUENCY=2437;
E/WifiHW  ( 1067): wifi_send_command enter;cmd:IFNAME=wlan0 SIGNAL_POLL;
D/WifiCHRStateManager( 1067): updateChannel:2437
E/WifiStateMachine( 1067): fetchRssiLinkSpeedAndFrequencyNative rssi=-68 linkspeed=57 SSID="braveji"
E/WifiStateMachine( 1067): calculateWifiScore freq=2437 speed=57 score=60 highRSSI  -> txbadrate=0.00 txgoodrate=4.31 txretriesrate=0.00 rxrate=1.66 userTriggerdPenalty0
E/WifiStateMachine( 1067):  good link -> stuck count =0
E/WifiStateMachine( 1067):  badRSSI count0 lowRSSI count0 --> score 56
E/WifiStateMachine( 1067):  isHighRSSI       ---> score=61
V/AudioManager( 1067): isMusicActive...
V/AudioManager( 1067): isWiredHeadsetOn...
E/LocSvc_ApiV02( 1067): I/<--- void globalEventCb(locClientHandleType, uint32_t, locClientEventIndUnionType, void*) line 81 QMI_LOC_EVENT_GNSS_SV_INFO_IND_V02
E/LocSvc_libulp( 1067): I/int ulp_brain_process_gnss_sv_report(const GpsSvStatus*), gnss sv report cnt = 479360, gnss pos report cnt = 93411,strong sv cnt = 0
E/LocSvc_afw( 1067): I/<=== sv_status_cb - line 1147 26
V/GpsLocationProvider( 1067): SV count: 26 ephemerisMask: 31085072 almanacMask: 31085072
V/GpsLocationProvider( 1067): sv: 13 snr: 1.42 elev: 47.0 azimuth: 175.0 E A
V/GpsLocationProvider( 1067): sv: 15 snr: 1.8100001 elev: 18.0 azimuth: 205.0 E AU
V/GpsLocationProvider( 1067): sv: 2 snr: 0.0 elev: 62.0 azimuth: 108.0 E A
V/GpsLocationProvider( 1067): sv: 5 snr: 0.0 elev: 73.0 azimuth: 344.0 E A
V/GpsLocationProvider( 1067): sv: 6 snr: 0.0 elev: 14.0 azimuth: 116.0 E A
V/GpsLocationProvider( 1067): sv: 7 snr: 0.0 elev: 12.0 azimuth: 61.0 E A
V/GpsLocationProvider( 1067): sv: 20 snr: 0.0 elev: 34.0 azimuth: 270.0 E A
V/GpsLocationProvider( 1067): sv: 25 snr: 0.0 elev: 0.0 azimuth: 0.0 E A
V/GpsLocationProvider( 1067): sv: 29 snr: 0.0 elev: 45.0 azimuth: 292.0 E A
V/GpsLocationProvider( 1067): sv: 30 snr: 0.0 elev: 13.0 azimuth: 90.0 E A
V/GpsLocationProvider( 1067): sv: 66 snr: 0.0 elev: 33.0 azimuth: 36.0 E A
V/GpsLocationProvider( 1067): sv: 82 snr: 0.0 elev: 78.0 azimuth: 277.0    
V/GpsLocationProvider( 1067): sv: 75 snr: 0.0 elev: 4.0 azimuth: 26.0    
V/GpsLocationProvider( 1067): sv: 83 snr: 0.0 elev: 24.0 azimuth: 327.0    
V/GpsLocationProvider( 1067): sv: 81 snr: 0.0 elev: 40.0 azimuth: 160.0    
V/GpsLocationProvider( 1067): sv: 67 snr: 0.0 elev: 71.0 azimuth: 310.0    
V/GpsLocationProvider( 1067): sv: 68 snr: 0.0 elev: 27.0 azimuth: 243.0    
V/GpsLocationProvider( 1067): sv: 201 snr: 0.0 elev: 35.0 azimuth: 146.0    
V/GpsLocationProvider( 1067): sv: 202 snr: 0.0 elev: 30.0 azimuth: 229.0    
V/GpsLocationProvider( 1067): sv: 203 snr: 0.0 elev: 41.0 azimuth: 188.0    
V/GpsLocationProvider( 1067): sv: 204 snr: 0.0 elev: 24.0 azimuth: 123.0    
V/GpsLocationProvider( 1067): sv: 205 snr: 0.0 elev: 15.0 azimuth: 247.0 E A
V/GpsLocationProvider( 1067): sv: 206 snr: 0.0 elev: 74.0 azimuth: 258.0    
V/GpsLocationProvider( 1067): sv: 208 snr: 0.0 elev: 47.0 azimuth: 164.0    
V/GpsLocationProvider( 1067): sv: 209 snr: 0.0 elev: 50.0 azimuth: 240.0    
V/GpsLocationProvider( 1067): sv: 215 snr: 0.0 elev: 70.0 azimuth: 209.0    
D/GpsCHRStatusManager( 1067): chrType: 9 data: [Ljava.lang.Object;@2632e70
E/LocSvc_ApiV02( 1067): I/<--- void globalEventCb(locClientHandleType, uint32_t, locClientEventIndUnionType, void*) line 81 QMI_LOC_EVENT_POSITION_REPORT_IND_V02
E/LocSvc_libulp( 1067): I/===> int ulp_brain_process_gnss_position_report(loc_sess_status, LocPosTechMask, const UlpLocation*, const GpsLocationExtended*, const void*) line 1113 
E/LocSvc_libulp( 1067): I/int ulp_brain_process_gnss_position_report(loc_sess_status, LocPosTechMask, const UlpLocation*, const GpsLocationExtended*, const void*), transition provider returned = 0
E/LocSvc_libulp( 1067): I/int ulp_brain_process_gnss_position_report(loc_sess_status, LocPosTechMask, const UlpLocation*, const GpsLocationExtended*, const void*), report GNSS position/status to hybrid fix requests = 0
E/LocSvc_libulp( 1067): I/===> int ulp_msg_send_generic_position_report(loc_sess_status, LocPosTechMask, const UlpLocation*, const GpsLocationExtended*, const void*) line 1011 
E/LocSvc_ulp_log( 1067): I/===> int ulp_xtwifi_send_position(const char*, loc_sess_status, LocPosTechMask, const UlpLocation*, const GpsLocationExtended*) line 63 
D/GpsCHRStatusManager( 1067): handleMessage chrDateType:9
D/GpsCHRStatusManager( 1067): handlerUpdataSvStatus:
E/LocSvc_eng_nmea( 1067): I/<=== nmea_cb line 62 0x7f9036ca40
E/LocSvc_eng_nmea( 1067): I/<=== nmea_cb line 62 0x7f9036ca40
E/LocSvc_eng_nmea( 1067): I/<=== nmea_cb line 62 0x7f9036ca40
E/LocSvc_eng_nmea( 1067): I/<=== nmea_cb line 62 0x7f9036ca40
E/LocSvc_eng_nmea( 1067): I/<=== nmea_cb line 62 0x7f9036ca40
E/LocSvc_eng_nmea( 1067): I/<=== nmea_cb line 62 0x7f9036ca10
E/LocSvc_eng_nmea( 1067): I/<=== nmea_cb line 62 0x7f9036ca10
E/LocSvc_eng_nmea( 1067): I/<=== nmea_cb line 62 0x7f9036ca10
E/LocSvc_eng_nmea( 1067): I/<=== nmea_cb line 62 0x7f9036ca10
D/ApkThreadFactory(21309): XThreadFactory create: ApkThreadFactory-1. @java.util.concurrent.ThreadPoolExecutor$Worker@2f2a4575[State = -1, empty queue] @in thread 18859 call from -->com.huawei.cspcommon.ex.ThreadEx$XThreadFactory:newThread(ThreadEx.java:159)
D/Mms:PduLoaderManager(21309): XThreadFactory create: Mms:PduLoaderManager-1. @java.util.concurrent.ThreadPoolExecutor$Worker@512ae2d[State = -1, empty queue] @in thread 18859 call from -->com.huawei.cspcommon.ex.ThreadEx$XThreadFactory:newThread(ThreadEx.java:159)
D/ThumbnailManager(21309): XThreadFactory create: ThumbnailManager-1. @java.util.concurrent.ThreadPoolExecutor$Worker@11b59b0[State = -1, empty queue] @in thread 18859 call from -->com.huawei.cspcommon.ex.ThreadEx$XThreadFactory:newThread(ThreadEx.java:159)
D/ArpVerifier( 1067): performPollAndLog:
D/StatusBar.MSimNetworkController( 1681): The latest refersh is 1995 ms ago!
D/StatusBar.MSimNetworkController( 1681): refreshviews update icon subscription===0 mMSimPhoneSignalIconId[subscription]===2130838395 mMSimPhoneSignalTypeIconId[subscription]===0 mMSimMobileActivityIconId[subscription]===0 mMSimDataTypeIconId[subscription]===0
D/HwCustMSimSignalClusterViewImpl( 1681): applyVSim, sub = -1
D/HwCustMSimSignalClusterViewImpl( 1681): applyVSim, sub = 0
D/HwCustMSimSignalClusterViewImpl( 1681): applyVSim, sub = 0
D/HwCustMSimSignalClusterViewImpl( 1681): applyVSim, sub = -1
D/HwCustMSimSignalClusterViewImpl( 1681): applyVSim, sub = -1
D/HwCustMSimSignalClusterViewImpl( 1681): applyVSim, sub = 0
D/HwCustMSimSignalClusterViewImpl( 1681): applyVSim, sub = 0
D/HwCustMSimSignalClusterViewImpl( 1681): applyVSim, sub = -1
D/StatusBar.MSimNetworkController( 1681): changing data overlay icon id to 2130838459
D/StatusBar.MSimNetworkController( 1681): The latest refersh is 1994 ms ago!
D/StatusBar.MSimNetworkController( 1681): refreshviews update icon subscription===0 mMSimPhoneSignalIconId[subscription]===2130838395 mMSimPhoneSignalTypeIconId[subscription]===0 mMSimMobileActivityIconId[subscription]===0 mMSimDataTypeIconId[subscription]===0
D/StatusBar.MSimNetworkController( 1681): changing data overlay icon id to 2130838459
I/SurfaceFlinger(  336): FPS: 7
E/LocSvc_ApiV02( 1067): I/<--- void globalEventCb(locClientHandleType, uint32_t, locClientEventIndUnionType, void*) line 81 QMI_LOC_EVENT_GNSS_SV_INFO_IND_V02
E/LocSvc_libulp( 1067): I/int ulp_brain_process_gnss_sv_report(const GpsSvStatus*), gnss sv report cnt = 479361, gnss pos report cnt = 93411,strong sv cnt = 0
E/LocSvc_afw( 1067): I/<=== sv_status_cb - line 1147 26
V/GpsLocationProvider( 1067): SV count: 26 ephemerisMask: 31085072 almanacMask: 31085072
V/GpsLocationProvider( 1067): sv: 13 snr: 1.42 elev: 47.0 azimuth: 175.0 E A
V/GpsLocationProvider( 1067): sv: 15 snr: 2.16 elev: 18.0 azimuth: 205.0 E AU
V/GpsLocationProvider( 1067): sv: 2 snr: 0.0 elev: 62.0 azimuth: 108.0 E A
V/GpsLocationProvider( 1067): sv: 5 snr: 0.0 elev: 73.0 azimuth: 344.0 E A
V/GpsLocationProvider( 1067): sv: 6 snr: 0.0 elev: 14.0 azimuth: 116.0 E A
V/GpsLocationProvider( 1067): sv: 7 snr: 0.0 elev: 12.0 azimuth: 61.0 E A
V/GpsLocationProvider( 1067): sv: 20 snr: 0.0 elev: 34.0 azimuth: 270.0 E A
V/GpsLocationProvider( 1067): sv: 25 snr: 0.0 elev: 0.0 azimuth: 0.0 E A
V/GpsLocationProvider( 1067): sv: 29 snr: 0.0 elev: 45.0 azimuth: 292.0 E A
V/GpsLocationProvider( 1067): sv: 30 snr: 0.0 elev: 13.0 azimuth: 90.0 E A
V/GpsLocationProvider( 1067): sv: 66 snr: 0.0 elev: 33.0 azimuth: 36.0 E A
V/GpsLocationProvider( 1067): sv: 82 snr: 0.0 elev: 78.0 azimuth: 277.0    
V/GpsLocationProvider( 1067): sv: 75 snr: 0.0 elev: 4.0 azimuth: 26.0    
V/GpsLocationProvider( 1067): sv: 83 snr: 0.0 elev: 24.0 azimuth: 327.0    
V/GpsLocationProvider( 1067): sv: 81 snr: 0.0 elev: 40.0 azimuth: 160.0    
V/GpsLocationProvider( 1067): sv: 67 snr: 0.0 elev: 71.0 azimuth: 310.0    
V/GpsLocationProvider( 1067): sv: 68 snr: 0.0 elev: 27.0 azimuth: 243.0    
V/GpsLocationProvider( 1067): sv: 201 snr: 0.0 elev: 35.0 azimuth: 146.0    
V/GpsLocationProvider( 1067): sv: 202 snr: 0.0 elev: 30.0 azimuth: 229.0    
V/GpsLocationProvider( 1067): sv: 203 snr: 0.0 elev: 41.0 azimuth: 188.0    
V/GpsLocationProvider( 1067): sv: 204 snr: 0.0 elev: 24.0 azimuth: 123.0    
V/GpsLocationProvider( 1067): sv: 205 snr: 0.0 elev: 15.0 azimuth: 247.0 E A
V/GpsLocationProvider( 1067): sv: 206 snr: 0.0 elev: 74.0 azimuth: 258.0    
V/GpsLocationProvider( 1067): sv: 208 snr: 0.0 elev: 47.0 azimuth: 164.0    
V/GpsLocationProvider( 1067): sv: 209 snr: 0.0 elev: 50.0 azimuth: 240.0    
V/GpsLocationProvider( 1067): sv: 215 snr: 0.0 elev: 70.0 azimuth: 209.0    
D/GpsCHRStatusManager( 1067): chrType: 9 data: [Ljava.lang.Object;@170115e9
E/LocSvc_ApiV02( 1067): I/<--- void globalEventCb(locClientHandleType, uint32_t, locClientEventIndUnionType, void*) line 81 QMI_LOC_EVENT_POSITION_REPORT_IND_V02
E/LocSvc_libulp( 1067): I/===> int ulp_brain_process_gnss_position_report(loc_sess_status, LocPosTechMask, const UlpLocation*, const GpsLocationExtended*, const void*) line 1113 
E/LocSvc_libulp( 1067): I/int ulp_brain_process_gnss_position_report(loc_sess_status, LocPosTechMask, const UlpLocation*, const GpsLocationExtended*, const void*), transition provider returned = 0
E/LocSvc_libulp( 1067): I/int ulp_brain_process_gnss_position_report(loc_sess_status, LocPosTechMask, const UlpLocation*, const GpsLocationExtended*, const void*), report GNSS position/status to hybrid fix requests = 0
E/LocSvc_libulp( 1067): I/===> int ulp_msg_send_generic_position_report(loc_sess_status, LocPosTechMask, const UlpLocation*, const GpsLocationExtended*, const void*) line 1011 
E/LocSvc_ulp_log( 1067): I/===> int ulp_xtwifi_send_position(const char*, loc_sess_status, LocPosTechMask, const UlpLocation*, const GpsLocationExtended*) line 63 
D/GpsCHRStatusManager( 1067): handleMessage chrDateType:9
D/GpsCHRStatusManager( 1067): handlerUpdataSvStatus:
E/LocSvc_eng_nmea( 1067): I/<=== nmea_cb line 62 0x7f9036ca40
E/LocSvc_eng_nmea( 1067): I/<=== nmea_cb line 62 0x7f9036ca40
E/LocSvc_eng_nmea( 1067): I/<=== nmea_cb line 62 0x7f9036ca40
E/LocSvc_eng_nmea( 1067): I/<=== nmea_cb line 62 0x7f9036ca40
E/LocSvc_eng_nmea( 1067): I/<=== nmea_cb line 62 0x7f9036ca40
E/LocSvc_eng_nmea( 1067): I/<=== nmea_cb line 62 0x7f9036ca10
E/LocSvc_eng_nmea( 1067): I/<=== nmea_cb line 62 0x7f9036ca10
E/LocSvc_eng_nmea( 1067): I/<=== nmea_cb line 62 0x7f9036ca10
E/LocSvc_eng_nmea( 1067): I/<=== nmea_cb line 62 0x7f9036ca10
D/PowerManagerService( 1067): userActivityNoUpdateLocked: eventTime=709743096, event=2, flags=0x0, uid=1000
D/PowerManagerNotifier( 1067): onUserActivity: event=2, uid=1000
D/PowerManagerService( 1067): updateUserActivitySummaryLocked: mWakefulness=Awake, mUserActivitySummary=0x1, nextTimeout=711536096 (in 1792997 ms)
D/PowerManagerService( 1067): updateDisplayPowerStateLocked: mDisplayReady=true, policy=3, mWakefulness=1, mWakeLockSummary=0x0, mUserActivitySummary=0x1, mBootCompleted=true, mScreenBrightnessBoostInProgress=false, useProximitySensor=false, mRequestWaitForNegativeProximity=false, mBrightnessWaitModeEnabled=false
D/StatusBar.MSimNetworkController( 1681): refreshdata connected={ wifi } level=0 mMSimcombinedSignalIconId=0x7f0203c3/com.android.systemui:drawable/stat_sys_wifi_signal_3_fully mMSimcombinedActivityIconId=0x7f0203ba mAirplaneMode=false mMSimDataActivity=0 mMSimPhoneSignalIconId=0x7f02037b mMSimDataDirectionIconId=0x0 mMSimDataSignalIconId=0x7f02037b mMSimDataTypeIconId=0x0 mNoSimIconVisible true mWifiIconId=0x7f0203c3 mBluetoothTetherIconId=0x1080694
D/StatusBar.MSimNetworkController( 1681): refreshdata connected={ wifi } level=0 mMSimcombinedSignalIconId=0x7f0203c3/com.android.systemui:drawable/stat_sys_wifi_signal_3_fully mMSimcombinedActivityIconId=0x7f0203ba mAirplaneMode=false mMSimDataActivity=0 mMSimPhoneSignalIconId=0x7f02037b mMSimDataDirectionIconId=0x0 mMSimDataSignalIconId=0x7f02037b mMSimDataTypeIconId=0x0 mNoSimIconVisible true mWifiIconId=0x7f0203c3 mBluetoothTetherIconId=0x1080694
D/StatusBar.MSimNetworkController( 1681): Send a message to refresh views 1s later!
D/StatusBar.MSimNetworkController( 1681): Send a message to refresh views 1s later!
E/WifiStateMachine( 1067):  ConnectedState !CMD_START_SCAN -2 16113 ic=0 proc(ms):20003 dur:425 cnt=16113 rssi=-68 f=2437 sc=60 link=57 tx=4.3, 0.0, 0.0  rx=1.7 fiv=341718 [on:0 tx:0 rx:0 period:2534] from screen [on:0 period:-993629942]
E/WifiStateMachine( 1067):  L2ConnectedState !CMD_START_SCAN -2 16113 ic=0 proc(ms):20004 dur:425 cnt=16113 rssi=-68 f=2437 sc=60 link=57 tx=4.3, 0.0, 0.0  rx=1.7 fiv=341718 [on:0 tx:0 rx:0 period:1] from screen [on:0 period:-993629941]
E/WifiStateMachine( 1067): WifiStateMachine CMD_START_SCAN source -2 txSuccessRate=4.31 rxSuccessRate=1.66 targetRoamBSSID=any RSSI=-68
E/WifiStateMachine( 1067): startDelayedScan send -> 16114 milli 20000
E/WifiStateMachine( 1067): WifiStateMachine CMD_START_SCAN with age=320056 interval=341718 maxinterval=300000
E/WifiStateMachine( 1067): WifiStateMachine CMD_START_SCAN full=false
E/WifiStateMachine( 1067): WifiStateMachine starting scan for "braveji"-WPA_PSK with 2437
D/WifiNative-wlan0( 1067): doBoolean: SCAN TYPE=ONLY freq=2437
D/wpa_supplicant(15535): wlan0: Control interface command 'SCAN TYPE=ONLY freq=2437'
D/wpa_supplicant(15535): wlan0: Setting scan request: 0.000000 sec
D/wpa_supplicant(15535): wlan0: Starting AP scan for wildcard SSID
D/wpa_supplicant(15535): wlan0: Limit manual scan to specified channels
D/wpa_supplicant(15535): wlan0: Add radio work 'scan'@0x5596a7ec90
D/wpa_supplicant(15535): wlan0: First radio work item in the queue - schedule start immediately
D/wpa_supplicant(15535): wlan0: Starting radio work 'scan'@0x5596a7ec90 after 0.000041 second wait
D/wpa_supplicant(15535): wlan0: nl80211: scan request
D/wpa_supplicant(15535): Scan requested (ret=0) - scan timeout 30 seconds
D/wpa_supplicant(15535): nl80211: Drv Event 33 (NL80211_CMD_TRIGGER_SCAN) received for wlan0
D/wpa_supplicant(15535): wlan0: nl80211: Scan trigger
D/wpa_supplicant(15535): wlan0: Event SCAN_STARTED (49) received
D/wpa_supplicant(15535): wlan0: Own scan request started a scan in 0.000089 seconds
I/WifiHAL ( 1067): Poll result = 1
I/WifiHAL ( 1067): Found some events!!!
D/WifiHAL ( 1067): no_seq_check received
D/wpa_supplicant(15535): CTRL_IFACE monitor sent successfully to /data/misc/wifi/sockets/wpa_ctrl_1067-76\x00
I/WifiHAL ( 1067): event received NL80211_CMD_TRIGGER_SCAN
I/WifiHAL ( 1067): event received NL80211_CMD_TRIGGER_SCAN, vendor_id = 0x0
I/WifiHAL ( 1067): event ignored!!
E/WifiHW  ( 1067): wifi_wait_on_socket enter;buf:IFNAME=wlan0 <3>CTRL-EVENT-SCAN-STARTED n;nread:40;
E/WifiHW  ( 1067): wifi_send_command enter;cmd:IFNAME=wlan0 SCAN TYPE=ONLY freq=2437;reply:OK
E/WifiHW  ( 1067): ;reply_len:3;
D/WifiMonitor( 1067): Event [IFNAME=wlan0 CTRL-EVENT-SCAN-STARTED ]
D/WifiMonitor( 1067): Dispatching event to interface: wlan0
E/WifiMonitor( 1067): WifiMonitor:wlan0 cnt=223324 dispatchEvent: CTRL-EVENT-SCAN-STARTED 
E/WifiMonitor( 1067): handleEvent 14  CTRL-EVENT-SCAN-STARTED 
E/WifiMonitor( 1067): handleEvent unknown: 14  CTRL-EVENT-SCAN-STARTED 
D/WifiNative-wlan0( 1067): SCAN TYPE=ONLY freq=2437: returned true
E/WifiStateMachine( 1067): [1,463,590,217,998 ms] noteScanstart no scan source uid -2
D/wpa_supplicant(15535): nl80211: Drv Event 34 (NL80211_CMD_NEW_SCAN_RESULTS) received for wlan0
D/wpa_supplicant(15535): wlan0: nl80211: New scan results available
D/wpa_supplicant(15535): nl80211: Scan included frequencies: 2437
D/wpa_supplicant(15535): wlan0: Event SCAN_RESULTS (3) received
D/wpa_supplicant(15535): wlan0: Scan completed in 0.071140 seconds
I/WifiHAL ( 1067): Poll result = 1
I/WifiHAL ( 1067): Found some events!!!
D/WifiHAL ( 1067): no_seq_check received
I/WifiHAL ( 1067): event received NL80211_CMD_NEW_SCAN_RESULTS
I/WifiHAL ( 1067): event received NL80211_CMD_NEW_SCAN_RESULTS, vendor_id = 0x0
I/WifiHAL ( 1067): event ignored!!
D/wpa_supplicant(15535): nl80211: Associated on 2437 MHz
D/wpa_supplicant(15535): nl80211: Associated with c8:3a:35:17:52:50
D/wpa_supplicant(15535): nl80211: Received scan results (7 BSSes)
D/wpa_supplicant(15535): nl80211: Scan results indicate BSS status with c8:3a:35:17:52:50 as associated
D/wpa_supplicant(15535): wlan0: BSS: Start scan result update 9897
D/wpa_supplicant(15535): BSS: last_scan_res_used=7/32
D/wpa_supplicant(15535): wlan0: Scan-only results received
D/wpa_supplicant(15535): CTRL_IFACE monitor sent successfully to /data/misc/wifi/sockets/wpa_ctrl_1067-76\x00
D/wpa_supplicant(15535): wlan0: Radio work 'scan'@0x5596a7ec90 done in 0.072315 seconds
E/WifiHW  ( 1067): wifi_wait_on_socket enter;buf:IFNAME=wlan0 <3>CTRL-EVENT-SCAN-RESULTS n;nread:40;
D/WifiMonitor( 1067): Dispatching event to interface: wlan0
E/WifiMonitor( 1067): WifiMonitor:wlan0 cnt=223325 dispatchEvent: CTRL-EVENT-SCAN-RESULTS 
E/WifiMonitor( 1067): handleEvent 4  CTRL-EVENT-SCAN-RESULTS 
E/WifiStateMachine( 1067):  ConnectedState !SCAN_RESULTS_EVENT 0 0 found=8 known=1 got=8 bcn=0 con=0
E/WifiStateMachine( 1067):  L2ConnectedState !SCAN_RESULTS_EVENT 0 0 found=8 known=1 got=8 bcn=0 con=0
E/WifiStateMachine( 1067):  ConnectModeState !SCAN_RESULTS_EVENT 0 0 found=8 known=1 got=8 bcn=0 con=0
E/WifiStateMachine( 1067):  DriverStartedState !SCAN_RESULTS_EVENT 0 0 found=8 known=1 got=8 bcn=0 con=0
E/WifiStateMachine( 1067):  SupplicantStartedState !SCAN_RESULTS_EVENT 0 0 found=8 known=1 got=8 bcn=0 con=0
E/WifiStateMachine( 1067): [1,463,590,218,072 ms] noteScanEnd no scan source onTime=0
D/WifiNative-wlan0( 1067): doString: [BSS RANGE=0- MASK=0x21987]
D/wpa_supplicant(15535): wlan0: Control interface command 'BSS RANGE=0- MASK=0x21987'
E/wpa_supplicant(15535): bssid=bc:d1:77:95:db:1c;freq=2412;level=-63;flags=11;ssid=1403;
E/wpa_supplicant(15535): bssid=c8:3a:35:17:52:50;freq=2437;level=-68;flags=43;ssid=braveji;
E/wpa_supplicant(15535): bssid=08:10:78:2a:a7:9c;freq=2437;level=-85;flags=11;ssid=gehua01141311250350378;
E/wpa_supplicant(15535): bssid=38:83:45:b9:bb:d2;freq=2412;level=-78;flags=11;ssid=W;
E/wpa_supplicant(15535): bssid=24:69:68:29:7b:b2;freq=2412;level=-84;flags=11;ssid=monkey ;
E/wpa_supplicant(15535): bssid=64:9e:f3:87:08:84;freq=2442;level=-88;flags=11;ssid=ciscosb;
