E/wpa_supplicant(15535): bssid=2c:cf:58:14:db:58;freq=2447;level=-92;flags=11;ssid=CU_2A5q;
E/wpa_supplicant(15535): bssid=28:2c:b2:77:25:ba;freq=2412;level=-90;flags=11;ssid=TP-LINK_7725BA;
E/WifiHW  ( 1067): wifi_send_command enter;cmd:IFNAME=wlan0 BSS RANGE=0- MASK=0x21987;
D/HwWifiStateMachine( 1067): setScanResults:id=6576
D/HwWifiStateMachine( 1067): bssid=bc:d1:77:95:db:1c
D/HwWifiStateMachine( 1067): freq=2412
D/HwWifiStateMachine( 1067): level=-63
D/HwWifiStateMachine( 1067): tsf=0001561387621138
D/HwWifiStateMachine( 1067): flags=[WPA-PSK-CCMP][WPA2-PSK-CCMP][WPS][ESS]
D/HwWifiStateMachine( 1067): ssid=1403
D/HwWifiStateMachine( 1067): ====
D/HwWifiStateMachine( 1067): id=6577
D/HwWifiStateMachine( 1067): bssid=c8:3a:35:17:52:50
D/HwWifiStateMachine( 1067): freq=2437
D/HwWifiStateMachine( 1067): level=-68
D/HwWifiStateMachine( 1067): tsf=0001561387621156
D/HwWifiStateMachine( 1067): flags=[WPA-PSK-CCMP][WPA2-PSK-CCMP][ESS]
D/HwWifiStateMachine( 1067): ssid=braveji
D/HwWifiStateMachine( 1067): ====
D/HwWifiStateMachine( 1067): id=6931
D/HwWifiStateMachine( 1067): bssid=08:10:78:2a:a7:9c
D/HwWifiStateMachine( 1067): freq=2437
D/HwWifiStateMachine( 1067): level=-85
D/HwWifiStateMachine( 1067): tsf=0001561387621169
D/HwWifiStateMachine( 1067): flags=[WPA2-PSK-CCMP][ESS]
D/HwWifiStateMachine( 1067): ssid=gehua01141311250350378
D/HwWifiStateMachine( 1067): ====
D/HwWifiStateMachine( 1067): id=6984
D/HwWifiStateMachine( 1067): bssid=38:83:45:b9:bb:d2
D/HwWifiStateMachine( 1067): freq=2412
D/HwWifiStateMachine( 1067): level=-78
D/HwWifiStateMachine( 1067): tsf=0001561387621163
D/HwWifiStateMachine( 1067): flags=[WPA-PSK-CCMP][WPA2-PSK-CCMP][WPS][ESS]
D/HwWifiStateMachine( 1067): ssid=W
D/HwWifiStateMachine( 1067): ====
D/HwWifiStateMachine( 1067): id=6993
D/HwWifiStateMachine( 1067): bssid=24:69:68:29:7b:b2
D/HwWifiStateMachine( 1067): freq=2412
D/HwWifiStateMachine( 1067): level=-84
D/HwWifiStateMachine( 1067): tsf=0001561387621175
D/HwWifiStateMachine( 1067): flags=[WPA-PSK-CCMP][WPA2-PSK-CCMP][ESS]
D/HwWifiStateMachine( 1067): ssid=monkey 
D/HwWifiStateMachine( 1067): ====
D/HwWifiStateMachine( 1067): id=7002
D/HwWifiStateMachine( 1067): bssid=64:9e:f3:87:08:84
D/HwWifiStateMachine( 1067): freq=2442
D/HwWifiStateMachine( 1067): level=-88
D/HwWifiStateMachine( 1067): tsf=0001561387621187
D/HwWifiStateMachine( 1067): flags=[WPA-PSK-CCMP+TKIP][WPA2-PSK-CCMP+TKIP][ESS]
D/HwWifiStateMachine( 1067): ssid=ciscosb
D/HwWifiStateMachine( 1067): ====
D/HwWifiStateMachine( 1067): id=7003
D/HwWifiStateMachine( 1067): bssid=2c:cf:58:14:db:58
D/HwWifiStateMachine( 1067): freq=2447
D/HwWifiStateMachine( 1067): level=-92
D/HwWifiStateMachine( 1067): tsf=0001561371241120
D/HwWifiStateMachine( 1067): flags=[WPA2-PSK-CCMP][ESS]
D/HwWifiStateMachine( 1067): ssid=CU_2A5q
D/HwWifiStateMachine( 1067): ====
D/HwWifiStateMachine( 1067): id=7005
D/HwWifiStateMachine( 1067): bssid=28:2c:b2:77:25:ba
D/HwWifiStateMachine( 1067): freq=2412
D/HwWifiStateMachine( 1067): level=-90
D/HwWifiStateMachine( 1067): tsf=0001561387621181
D/HwWifiStateMachine( 1067): flags=[WPA-PSK-CCMP][WPA2-PSK-CCMP][WPS][ESS]
D/HwWifiStateMachine( 1067): ssid=TP-LINK_7725BA
D/HwWifiStateMachine( 1067): ####
E/WifiStateMachine( 1067): wifi setScanResults statecom.android.server.wifi.WifiStateMachine$ConnectedState@aa460c0 sup_state=COMPLETED debouncing=false mConnectionRequests=0 selection=<none>
E/WifiAutoJoinController ( 1067): 1403 bc:d1:77:95:db:1c rssi=-63 cap [WPA-PSK-CCMP][WPA2-PSK-CCMP][WPS][ESS] is not scored
E/WifiAutoJoinController ( 1067): braveji c8:3a:35:17:52:50 rssi=-68 cap [WPA-PSK-CCMP][WPA2-PSK-CCMP][ESS] is not scored
E/WifiAutoJoinController ( 1067): gehua01141311250350378 08:10:78:2a:a7:9c rssi=-85 cap [WPA2-PSK-CCMP][ESS] is not scored
E/WifiAutoJoinController ( 1067): W 38:83:45:b9:bb:d2 rssi=-78 cap [WPA-PSK-CCMP][WPA2-PSK-CCMP][WPS][ESS] is not scored
E/WifiAutoJoinController ( 1067): monkey  24:69:68:29:7b:b2 rssi=-84 cap [WPA-PSK-CCMP][WPA2-PSK-CCMP][ESS] is not scored
E/WifiAutoJoinController ( 1067): ciscosb 64:9e:f3:87:08:84 rssi=-88 cap [WPA-PSK-CCMP+TKIP][WPA2-PSK-CCMP+TKIP][ESS] is not scored
E/WifiAutoJoinController ( 1067): CU_2A5q 2c:cf:58:14:db:58 rssi=-92 cap [WPA2-PSK-CCMP][ESS] is not scored
E/WifiAutoJoinController ( 1067): TP-LINK_7725BA 28:2c:b2:77:25:ba rssi=-90 cap [WPA-PSK-CCMP][WPA2-PSK-CCMP][WPS][ESS] is not scored
E/WifiAutoJoinController ( 1067): ageScanResultsOut delay 40000 size 9 now 1463590218078
E/WifiAutoJoinController ( 1067): newSupplicantResults size=9 known=1 false
E/LocSvc_ApiV02( 1067): I/<--- void globalEventCb(locClientHandleType, uint32_t, locClientEventIndUnionType, void*) line 81 QMI_LOC_EVENT_GNSS_SV_INFO_IND_V02
E/LocSvc_libulp( 1067): I/int ulp_brain_process_gnss_sv_report(const GpsSvStatus*), gnss sv report cnt = 479362, gnss pos report cnt = 93411,strong sv cnt = 0
E/LocSvc_ApiV02( 1067): I/<--- void globalEventCb(locClientHandleType, uint32_t, locClientEventIndUnionType, void*) line 81 QMI_LOC_EVENT_POSITION_REPORT_IND_V02
E/LocSvc_libulp( 1067): I/===> int ulp_brain_process_gnss_position_report(loc_sess_status, LocPosTechMask, const UlpLocation*, const GpsLocationExtended*, const void*) line 1113 
E/LocSvc_libulp( 1067): I/int ulp_brain_process_gnss_position_report(loc_sess_status, LocPosTechMask, const UlpLocation*, const GpsLocationExtended*, const void*), transition provider returned = 0
E/LocSvc_libulp( 1067): I/int ulp_brain_process_gnss_position_report(loc_sess_status, LocPosTechMask, const UlpLocation*, const GpsLocationExtended*, const void*), report GNSS position/status to hybrid fix requests = 0
E/LocSvc_libulp( 1067): I/===> int ulp_msg_send_generic_position_report(loc_sess_status, LocPosTechMask, const UlpLocation*, const GpsLocationExtended*, const void*) line 1011 
E/LocSvc_ulp_log( 1067): I/===> int ulp_xtwifi_send_position(const char*, loc_sess_status, LocPosTechMask, const UlpLocation*, const GpsLocationExtended*) line 63 
E/LocSvc_afw( 1067): I/<=== sv_status_cb - line 1147 26
V/GpsLocationProvider( 1067): SV count: 26 ephemerisMask: 31085072 almanacMask: 31085072
V/GpsLocationProvider( 1067): sv: 13 snr: 1.42 elev: 47.0 azimuth: 175.0 E A
V/GpsLocationProvider( 1067): sv: 15 snr: 1.93 elev: 18.0 azimuth: 205.0 E AU
V/GpsLocationProvider( 1067): sv: 2 snr: 0.0 elev: 62.0 azimuth: 108.0 E A
V/GpsLocationProvider( 1067): sv: 5 snr: 0.0 elev: 73.0 azimuth: 344.0 E A
V/GpsLocationProvider( 1067): sv: 6 snr: 0.0 elev: 14.0 azimuth: 116.0 E A
V/GpsLocationProvider( 1067): sv: 7 snr: 0.0 elev: 12.0 azimuth: 61.0 E A
V/GpsLocationProvider( 1067): sv: 20 snr: 0.0 elev: 34.0 azimuth: 270.0 E A
V/GpsLocationProvider( 1067): sv: 25 snr: 0.0 elev: 0.0 azimuth: 0.0 E A
V/GpsLocationProvider( 1067): sv: 29 snr: 0.0 elev: 45.0 azimuth: 292.0 E A
V/GpsLocationProvider( 1067): sv: 30 snr: 0.0 elev: 13.0 azimuth: 90.0 E A
V/GpsLocationProvider( 1067): sv: 66 snr: 0.0 elev: 33.0 azimuth: 36.0 E A
V/GpsLocationProvider( 1067): sv: 82 snr: 0.0 elev: 78.0 azimuth: 277.0    
V/GpsLocationProvider( 1067): sv: 75 snr: 0.0 elev: 4.0 azimuth: 26.0    
V/GpsLocationProvider( 1067): sv: 83 snr: 0.0 elev: 24.0 azimuth: 327.0    
V/GpsLocationProvider( 1067): sv: 81 snr: 0.0 elev: 40.0 azimuth: 160.0    
V/GpsLocationProvider( 1067): sv: 67 snr: 0.0 elev: 71.0 azimuth: 310.0    
V/GpsLocationProvider( 1067): sv: 68 snr: 0.0 elev: 27.0 azimuth: 243.0    
V/GpsLocationProvider( 1067): sv: 201 snr: 0.0 elev: 35.0 azimuth: 146.0    
V/GpsLocationProvider( 1067): sv: 202 snr: 0.0 elev: 30.0 azimuth: 229.0    
V/GpsLocationProvider( 1067): sv: 203 snr: 0.0 elev: 41.0 azimuth: 188.0    
V/GpsLocationProvider( 1067): sv: 204 snr: 0.0 elev: 24.0 azimuth: 123.0    
V/GpsLocationProvider( 1067): sv: 205 snr: 0.0 elev: 15.0 azimuth: 247.0 E A
V/GpsLocationProvider( 1067): sv: 206 snr: 0.0 elev: 74.0 azimuth: 258.0    
V/GpsLocationProvider( 1067): sv: 208 snr: 0.0 elev: 47.0 azimuth: 164.0    
V/GpsLocationProvider( 1067): sv: 209 snr: 0.0 elev: 50.0 azimuth: 240.0    
V/GpsLocationProvider( 1067): sv: 215 snr: 0.0 elev: 70.0 azimuth: 209.0    
D/GpsCHRStatusManager( 1067): chrType: 9 data: [Ljava.lang.Object;@3b59826e
D/GpsCHRStatusManager( 1067): handleMessage chrDateType:9
D/GpsCHRStatusManager( 1067): handlerUpdataSvStatus:
E/LocSvc_eng_nmea( 1067): I/<=== nmea_cb line 62 0x7f9036ca40
E/LocSvc_eng_nmea( 1067): I/<=== nmea_cb line 62 0x7f9036ca40
E/LocSvc_eng_nmea( 1067): I/<=== nmea_cb line 62 0x7f9036ca40
E/LocSvc_eng_nmea( 1067): I/<=== nmea_cb line 62 0x7f9036ca40
E/LocSvc_eng_nmea( 1067): I/<=== nmea_cb line 62 0x7f9036ca40
E/LocSvc_eng_nmea( 1067): I/<=== nmea_cb line 62 0x7f9036ca10
E/LocSvc_eng_nmea( 1067): I/<=== nmea_cb line 62 0x7f9036ca10
E/LocSvc_eng_nmea( 1067): I/<=== nmea_cb line 62 0x7f9036ca10
E/LocSvc_eng_nmea( 1067): I/<=== nmea_cb line 62 0x7f9036ca10
D/ThermalStateManager( 2059): Thermal type: 0 cur_temperature:36
D/StatusBar.MSimNetworkController( 1681): The latest refersh is 2010 ms ago!
D/StatusBar.MSimNetworkController( 1681): refreshviews update icon subscription===0 mMSimPhoneSignalIconId[subscription]===2130838395 mMSimPhoneSignalTypeIconId[subscription]===0 mMSimMobileActivityIconId[subscription]===0 mMSimDataTypeIconId[subscription]===0
D/HwCustMSimSignalClusterViewImpl( 1681): applyVSim, sub = -1
D/HwCustMSimSignalClusterViewImpl( 1681): applyVSim, sub = 0
D/HwCustMSimSignalClusterViewImpl( 1681): applyVSim, sub = 0
D/HwCustMSimSignalClusterViewImpl( 1681): applyVSim, sub = -1
D/HwCustMSimSignalClusterViewImpl( 1681): applyVSim, sub = -1
D/HwCustMSimSignalClusterViewImpl( 1681): applyVSim, sub = 0
D/HwCustMSimSignalClusterViewImpl( 1681): applyVSim, sub = 0
D/StatusBar.MSimNetworkController( 1681): refreshdata connected={ wifi } level=0 mMSimcombinedSignalIconId=0x7f0203c3/com.android.systemui:drawable/stat_sys_wifi_signal_3_fully mMSimcombinedActivityIconId=0x0 mAirplaneMode=false mMSimDataActivity=0 mMSimPhoneSignalIconId=0x7f02037b mMSimDataDirectionIconId=0x0 mMSimDataSignalIconId=0x7f02037b mMSimDataTypeIconId=0x0 mNoSimIconVisible true mWifiIconId=0x7f0203c3 mBluetoothTetherIconId=0x1080694
D/StatusBar.MSimNetworkController( 1681): refreshdata connected={ wifi } level=0 mMSimcombinedSignalIconId=0x7f0203c3/com.android.systemui:drawable/stat_sys_wifi_signal_3_fully mMSimcombinedActivityIconId=0x0 mAirplaneMode=false mMSimDataActivity=0 mMSimPhoneSignalIconId=0x7f02037b mMSimDataDirectionIconId=0x0 mMSimDataSignalIconId=0x7f02037b mMSimDataTypeIconId=0x0 mNoSimIconVisible true mWifiIconId=0x7f0203c3 mBluetoothTetherIconId=0x1080694
D/HwCustMSimSignalClusterViewImpl( 1681): applyVSim, sub = -1
D/StatusBar.MSimNetworkController( 1681): changing data overlay icon id to 2130838458
D/StatusBar.MSimNetworkController( 1681): The latest refersh is 2011 ms ago!
D/StatusBar.MSimNetworkController( 1681): refreshviews update icon subscription===0 mMSimPhoneSignalIconId[subscription]===2130838395 mMSimPhoneSignalTypeIconId[subscription]===0 mMSimMobileActivityIconId[subscription]===0 mMSimDataTypeIconId[subscription]===0
D/StatusBar.MSimNetworkController( 1681): changing data overlay icon id to 2130838458
D/StatusBar.MSimNetworkController( 1681): Send a message to refresh views 1s later!
D/StatusBar.MSimNetworkController( 1681): Send a message to refresh views 1s later!
I/SurfaceFlinger(  336): FPS: 1
E/WifiStateMachine( 1067):  ConnectedState !CMD_RSSI_POLL 372 0 "braveji" c8:3a:35:17:52:50 rssi=-68 f=2437 sc=60 link=57 tx=2.3, 0.0, 0.0  rx=0.9 bcn=0 [on:0 tx:0 rx:0 period:462] from screen [on:0 period:-993629475] gl hn u24 rssi=-63 ag=0 hr ls-=0 [56,56,56,56,61] brc=0 lrc=0
E/WifiStateMachine( 1067):  L2ConnectedState !CMD_RSSI_POLL 372 0 "braveji" c8:3a:35:17:52:50 rssi=-68 f=2437 sc=60 link=57 tx=2.3, 0.0, 0.0  rx=0.9 bcn=0 [on:0 tx:0 rx:0 period:1] from screen [on:0 period:-993629474] gl hn u24 rssi=-63 ag=0 hr ls-=0 [56,56,56,56,61] brc=0 lrc=0
D/WifiNative-wlan0( 1067): doString: [SIGNAL_POLL]
D/wpa_supplicant(15535): wlan0: Control interface command 'SIGNAL_POLL'
E/wpa_supplicant(15535): RSSI=-68;LINKSPEED=57;NOISE=9999;FREQUENCY=2437;
E/WifiHW  ( 1067): wifi_send_command enter;cmd:IFNAME=wlan0 SIGNAL_POLL;
D/WifiCHRStateManager( 1067): updateChannel:2437
E/WifiStateMachine( 1067): fetchRssiLinkSpeedAndFrequencyNative rssi=-68 linkspeed=57 SSID="braveji"
E/WifiStateMachine( 1067): calculateWifiScore freq=2437 speed=57 score=60 highRSSI  -> txbadrate=0.00 txgoodrate=1.16 txretriesrate=0.00 rxrate=0.46 userTriggerdPenalty0
E/WifiStateMachine( 1067):  good link -> stuck count =0
E/WifiStateMachine( 1067):  badRSSI count0 lowRSSI count0 --> score 56
E/WifiStateMachine( 1067):  isHighRSSI       ---> score=61
I/ActivityManager( 1067): filter receiver for action = com.android.systemui.recent.action.PRELOAD
D/PowerManagerService( 1067): userActivityNoUpdateLocked: eventTime=709744562, event=2, flags=0x0, uid=1000
D/PowerManagerNotifier( 1067): onUserActivity: event=2, uid=1000
D/PowerManagerService( 1067): updateUserActivitySummaryLocked: mWakefulness=Awake, mUserActivitySummary=0x1, nextTimeout=711537562 (in 1792998 ms)
D/PowerManagerService( 1067): updateDisplayPowerStateLocked: mDisplayReady=true, policy=3, mWakefulness=1, mWakeLockSummary=0x0, mUserActivitySummary=0x1, mBootCompleted=true, mScreenBrightnessBoostInProgress=false, useProximitySensor=false, mRequestWaitForNegativeProximity=false, mBrightnessWaitModeEnabled=false
D/ActivityManager( 1067): Skipping, home stack task: TaskRecord{f2796de #1 A=com.huawei.android.launcher U=0 sz=1}
D/RecentTasksLoader( 1681): getRecentTasks list size = 1,mNumTasksInFirstScreenful = 4
D/ActivityManager( 1067): Skipping, home stack task: TaskRecord{f2796de #1 A=com.huawei.android.launcher U=0 sz=1}
D/RecentTasksLoader( 1681): show RecentTasks list size = 1
V/AudioManager( 1681): querySoundEffectsEnabled...
D/PowerManagerService( 1067): userActivityNoUpdateLocked: eventTime=709744680, event=0, flags=0x0, uid=1000
D/PowerManagerNotifier( 1067): onUserActivity: event=0, uid=1000
D/PowerManagerService( 1067): updateUserActivitySummaryLocked: mWakefulness=Awake, mUserActivitySummary=0x1, nextTimeout=711537680 (in 1793000 ms)
D/PowerManagerService( 1067): updateDisplayPowerStateLocked: mDisplayReady=true, policy=3, mWakefulness=1, mWakeLockSummary=0x0, mUserActivitySummary=0x1, mBootCompleted=true, mScreenBrightnessBoostInProgress=false, useProximitySensor=false, mRequestWaitForNegativeProximity=false, mBrightnessWaitModeEnabled=false
D/ActivityManager( 1067): Skipping, home stack task: TaskRecord{f2796de #1 A=com.huawei.android.launcher U=0 sz=1}
V/AlarmManager( 1067): Alarm triggering (type 0 or 2): [Alarm{19ee3d0f type 0 when 1463590218984 com.storm.smart}]
V/AlarmManager( 1067): sending alarm Alarm{19ee3d0f type 0 when 1463590218984 com.storm.smart},repeatInterval = 0,action=AlarmTaskSchedule.com.storm.smart
D/PowerManagerService( 1067): acquireWakeLockInternal: lock=34812552, flags=0x1, packageName=android, ws=WorkSource{10151}, uid=1000, pid=1067
D/PowerManagerService( 1067): updateWakeLockSummaryLocked: mWakefulness=Awake, mWakeLockSummary=0x1
D/PowerManagerService( 1067): updateUserActivitySummaryLocked: mWakefulness=Awake, mUserActivitySummary=0x1, nextTimeout=711537680 (in 1792964 ms)
D/PowerManagerService( 1067): updateDisplayPowerStateLocked: mDisplayReady=true, policy=3, mWakefulness=1, mWakeLockSummary=0x1, mUserActivitySummary=0x1, mBootCompleted=true, mScreenBrightnessBoostInProgress=false, useProximitySensor=false, mRequestWaitForNegativeProximity=false, mBrightnessWaitModeEnabled=false
D/PowerManagerService( 1067): Acquiring suspend blocker "PowerManagerService.WakeLocks".
D/PowerManagerService( 1067): releaseWakeLockInternal: lock=34812552, flags=0x0, packageName=android", ws=WorkSource{10151}, uid=1000, pid=1067
D/PowerManagerService( 1067): updateWakeLockSummaryLocked: mWakefulness=Awake, mWakeLockSummary=0x0
D/PowerManagerService( 1067): updateUserActivitySummaryLocked: mWakefulness=Awake, mUserActivitySummary=0x1, nextTimeout=711537680 (in 1792959 ms)
D/PowerManagerService( 1067): updateDisplayPowerStateLocked: mDisplayReady=true, policy=3, mWakefulness=1, mWakeLockSummary=0x0, mUserActivitySummary=0x1, mBootCompleted=true, mScreenBrightnessBoostInProgress=false, useProximitySensor=false, mRequestWaitForNegativeProximity=false, mBrightnessWaitModeEnabled=false
D/PowerManagerService( 1067): Releasing suspend blocker "PowerManagerService.WakeLocks".
I/ActivityManager( 1067): START u0 {act=com.android.systemui.recent.action.TOGGLE_RECENTS flg=0x10800000 cmp=com.android.systemui/.recent.RecentsActivity (has extras)} from uid 10023 on display 0
W/ActivityManager( 1067): resultRecord is null: true
D/KeyguardViewMediator( 2036): setOccluded false
D/KeyguardUpdateMonitor( 2036): sendKeyguardVisibilityChanged(true)
D/KeyguardUpdateMonitor( 2036): handleKeyguardVisibilityChanged(1)
D/KeyguardViewMediator( 2036): handleMessage dt = 0
V/HwWindowManagerService( 1067): moveTaskToTop mTaskChanged:true
V/ActivityManager( 1067): Looking for task id=928 in recents
D/ActivityManager( 1067): 	Didn't find task id=928 in recents
V/ActivityManager( 1067): Setting Intent of TaskRecord{29a4c19c #928 A=com.android.systemui U=0 sz=0} to Intent { act=com.android.systemui.recent.action.TOGGLE_RECENTS flg=0x10800000 cmp=com.android.systemui/.recent.RecentsActivity (has extras) }
V/ActivityManager( 1067): Starting new activity ActivityRecord{8cc27a5 u0 com.android.systemui/.recent.RecentsActivity t928} in new task TaskRecord{29a4c19c #928 A=com.android.systemui U=0 sz=0}
V/HwWindowManagerService( 1067): moveTaskToTop mTaskChanged:true
V/ActivityManager( 1067): Setting Intent of TaskRecord{29a4c19c #928 A=com.android.systemui U=0 sz=1} to Intent { act=com.android.systemui.recent.action.TOGGLE_RECENTS flg=0x10800000 cmp=com.android.systemui/.recent.RecentsActivity (has extras) }
V/WindowManager( 1067): addAppToken: AppWindowToken{1fdb9b2b token=Token{19f577a ActivityRecord{8cc27a5 u0 com.android.systemui/.recent.RecentsActivity t928}}} to stack=0 task=928 at 0
D/PowerManagerService( 1067): acquireWakeLockInternal: lock=627931317, flags=0x1, packageName=android, ws=null, uid=1000, pid=1067
D/PowerManagerService( 1067): updateWakeLockSummaryLocked: mWakefulness=Awake, mWakeLockSummary=0x1
D/PowerManagerService( 1067): updateUserActivitySummaryLocked: mWakefulness=Awake, mUserActivitySummary=0x1, nextTimeout=711537680 (in 1792921 ms)
D/PowerManagerService( 1067): updateDisplayPowerStateLocked: mDisplayReady=true, policy=3, mWakefulness=1, mWakeLockSummary=0x1, mUserActivitySummary=0x1, mBootCompleted=true, mScreenBrightnessBoostInProgress=false, useProximitySensor=false, mRequestWaitForNegativeProximity=false, mBrightnessWaitModeEnabled=false
D/PowerManagerService( 1067): Acquiring suspend blocker "PowerManagerService.WakeLocks".
V/SMCSAMSHelper( 1067): SMCSAMSHelper.addSTPEvent: cost 0 ms end.
V/SMCSAMSHelper( 1067): SMCSAMSHelper.smartTrimProcessPackageResume: cost time 0 ms end.
D/KeyguardViewMediator( 2036): setOccluded false
D/KeyguardUpdateMonitor( 2036): sendKeyguardVisibilityChanged(true)
D/KeyguardUpdateMonitor( 2036): handleKeyguardVisibilityChanged(1)
D/KeyguardViewMediator( 2036): handleMessage dt = 0
V/HwWindowManagerService( 1067): setFocusedApp update app ops, mTaskChanged set to:false
D/ActivityManager( 1067): resumeTopActivityLocked: Restarting ActivityRecord{8cc27a5 u0 com.android.systemui/.recent.RecentsActivity t928}
D/ActivityManager( 1067): realStartActivity: setting app visibility true
D/PowerManagerService( 1067): acquireWakeLockInternal: lock=1047709229, flags=0x1, packageName=com.android.phone, ws=null, uid=1001, pid=2082
D/PowerManagerService( 1067): updateWakeLockSummaryLocked: mWakefulness=Awake, mWakeLockSummary=0x1
D/PowerManagerService( 1067): updateUserActivitySummaryLocked: mWakefulness=Awake, mUserActivitySummary=0x1, nextTimeout=711537680 (in 1792914 ms)
D/PowerManagerService( 1067): updateDisplayPowerStateLocked: mDisplayReady=true, policy=3, mWakefulness=1, mWakeLockSummary=0x1, mUserActivitySummary=0x1, mBootCompleted=true, mScreenBrightnessBoostInProgress=false, useProximitySensor=false, mRequestWaitForNegativeProximity=false, mBrightnessWaitModeEnabled=false
D/ActivityManager( 1067): addRecent: trimming tasks for TaskRecord{29a4c19c #928 A=com.android.systemui U=0 sz=1}
D/ActivityManager( 1067): addRecent: none affiliated task added at 0: TaskRecord{29a4c19c #928 A=com.android.systemui U=0 sz=1}
D/ActivityManager( 1067): addRecent: adding TaskRecord{29a4c19c #928 A=com.android.systemui U=0 sz=1}
D/PowerManagerService( 1067): releaseWakeLockInternal: lock=1047709229, flags=0x0, packageName=com.android.phone", ws=null, uid=1001, pid=2082
D/PowerManagerService( 1067): updateWakeLockSummaryLocked: mWakefulness=Awake, mWakeLockSummary=0x1
D/PowerManagerService( 1067): updateUserActivitySummaryLocked: mWakefulness=Awake, mUserActivitySummary=0x1, nextTimeout=711537680 (in 1792907 ms)
D/PowerManagerService( 1067): updateDisplayPowerStateLocked: mDisplayReady=true, policy=3, mWakefulness=1, mWakeLockSummary=0x1, mUserActivitySummary=0x1, mBootCompleted=true, mScreenBrightnessBoostInProgress=false, useProximitySensor=false, mRequestWaitForNegativeProximity=false, mBrightnessWaitModeEnabled=false
D/PowerManagerService( 1067): acquireWakeLockInternal: lock=523024981, flags=0x1, packageName=com.android.phone, ws=null, uid=1001, pid=2082
D/PowerManagerService( 1067): updateWakeLockSummaryLocked: mWakefulness=Awake, mWakeLockSummary=0x1
D/PowerManagerService( 1067): updateUserActivitySummaryLocked: mWakefulness=Awake, mUserActivitySummary=0x1, nextTimeout=711537680 (in 1792904 ms)
D/PowerManagerService( 1067): updateDisplayPowerStateLocked: mDisplayReady=true, policy=3, mWakefulness=1, mWakeLockSummary=0x1, mUserActivitySummary=0x1, mBootCompleted=true, mScreenBrightnessBoostInProgress=false, useProximitySensor=false, mRequestWaitForNegativeProximity=false, mBrightnessWaitModeEnabled=false
D/HwCust  ( 1681): Create obj success use class android.app.HwCustApplicationPackageManagerImpl
W/System.err( 2082): java.lang.NullPointerException: Attempt to invoke interface method 'java.lang.Object[] java.util.Collection.toArray()' on a null object reference
W/System.err( 2082): 	at java.util.ArrayList.addAll(ArrayList.java:188)
W/System.err( 2082): 	at com.android.phone.PhoneInterfaceManager.getAllCellInfoUsingSubId(PhoneInterfaceManager.java:1716)
W/System.err( 2082): 	at com.android.internal.telephony.ITelephony$Stub.onTransact(ITelephony.java:726)
W/System.err( 2082): 	at android.os.Binder.execTransact(Binder.java:452)
V/ActivityThread( 1681): ActivityRecord{a22817a token=android.os.BinderProxy@32807d2b {com.android.systemui/com.android.systemui.recent.RecentsActivity}}: app=com.android.systemui.SystemUIApplication@263a33c6, appName=com.android.systemui, pkg=com.android.systemui, comp={com.android.systemui/com.android.systemui.recent.RecentsActivity}, dir=/system/priv-app/SystemUI/SystemUI.apk
D/PowerManagerService( 1067): releaseWakeLockInternal: lock=523024981, flags=0x0, packageName=com.android.phone", ws=null, uid=1001, pid=2082
D/PowerManagerService( 1067): updateWakeLockSummaryLocked: mWakefulness=Awake, mWakeLockSummary=0x1
D/PowerManagerService( 1067): updateUserActivitySummaryLocked: mWakefulness=Awake, mUserActivitySummary=0x1, nextTimeout=711537680 (in 1792898 ms)
D/PowerManagerService( 1067): updateDisplayPowerStateLocked: mDisplayReady=true, policy=3, mWakefulness=1, mWakeLockSummary=0x1, mUserActivitySummary=0x1, mBootCompleted=true, mScreenBrightnessBoostInProgress=false, useProximitySensor=false, mRequestWaitForNegativeProximity=false, mBrightnessWaitModeEnabled=false
V/ActivityThread( 1681): ActivityThread,callActivityOnCreate
W/PhoneInterfaceManager( 2082): shouldBlockLocation running ...
D/CubicBezierInterpolator( 1681): CubicBezierInterpolator  mControlPoint1x = 0.325, mControlPoint1y = 0.63, mControlPoint2x = 0.05, mControlPoint2y = 1.0
I/HwSystemManager( 1780): HoldService:callUid: 10312 notificationType: false
I/HwSystemManager( 1780): HoldService:pkgName[0]: com.whereru.greengrass.goforit identity: 4299262265378
D/StubController( 2082): holdAndGetPermissionType permissionType:8 uid:10312 pid:22114
D/StubController( 2082): addRequestCount, mRequestCount =1 mPhoneIDRequestCount: 0 mLocationRequestCount: 1 permissionType is: 8
D/StubController( 2082): holdForGetPermissionSelection  mRequestCount:1
D/HwActivityManagerService( 1067): handleANRFilterFIFO,uid = 10312cmd = 0
I/HwSystemManager( 1780): HoldService:checkBeforeShowDialog: uid:10312 pid:22114, permissionType:8
I/HwSystemManager( 1780): OverseaCfgHelper:permissionStatus is 0
I/HwSystemManager( 1780): ShareLib:pkgNameList:1
I/HwSystemManager( 1780): ShareLib:getApplication pkgName:com.whereru.greengrass.goforit
I/HwSystemManager( 1780): ShareLib:getAppInfo the final pkgName:com.whereru.greengrass.goforit
I/HwSystemManager( 1780): ShareLib:getAppInfo time consume:10
I/HwSystemManager( 1780): ShareLib:getAppInfoByUidAndPid time consume:20
I/HwSystemManager( 1780): HoldService:preHoldShow start!
I/HwSystemManager( 1780): HoldService:The prePermissionType is: 1
D/StubController( 2082): beforeShowDialogCheckResult:1
D/StubController( 2082): minusRequestCount, mRequestCount =0 mPhoneIDRequestCount: 0 mLocationRequestCount: 0 permissionType is: 8
D/HwActivityManagerService( 1067): handleANRFilterFIFO,uid = 10312cmd = 1
I/PhoneInterfaceManager( 2082): shouldBlockLocation  ret:false
I/RecentTasksLoader( 1681): get first Screent Full from mRecentsPanel:0, will change to default:4
I/HwLauncher( 2150): Launcher dismissDialog
I/HwLauncher( 2150): Launcher dismissDialog
I/HwLauncher( 2150): Launcher dismissDialog
I/BAIDU_MAP_TAG_RUBY(21622): @BDLocationListener#onReceiveLocation has been called,21622
E/BAIDU_MAP_TAG_RUBY(21622): 161
E/BAIDU_MAP_TAG_RUBY(21622): latitude : 40.068248
E/BAIDU_MAP_TAG_RUBY(21622): lontitude : 116.313353
E/BAIDU_MAP_TAG_RUBY(21622): radius : 59.24524
E/BAIDU_MAP_TAG_RUBY(21622): addr : 中国北京市海淀区西二旗北路
E/BAIDU_MAP_TAG_RUBY(21622): operationers : 0
E/BAIDU_MAP_TAG_RUBY(21622): describe : 网络定位成功
E/BAIDU_MAP_TAG_RUBY(21622): locationdescribe : 在住总万科·金域国际附近
E/BAIDU_PUSH_TAG_RUBY(21622): upload business ID:-1.21622
I/System  (21622): core_booster, getBoosterConfig = false
I/System.out(21622): [CDS]rx timeout:10000
I/System.out(21622): [socket][5] connection /192.168.1.102:9099;LocalPort=46374(10000)
I/System.out(21622): [CDS]connect[/192.168.1.102:9099] tm:10
I/SocketClient(  367): Vold: send info to framework success !!
D/RecentTasksLoader( 1681): enter notifyRecentActivityStarted
I/HwLauncher( 2150): Launcher dismissDialog
I/ViewRootImpl( 1681): CPU Rendering VSync enable = false
I/HwLauncher( 2150): Launcher dismissDialog
I/HwLauncher( 2150): Launcher dismissDialog
D/DisplayManager( 1681):  registerDisplayListener index = -1
D/KeyguardViewMediator( 2036): setOccluded false
D/KeyguardUpdateMonitor( 2036): sendKeyguardVisibilityChanged(true)
D/KeyguardUpdateMonitor( 2036): handleKeyguardVisibilityChanged(1)
D/KeyguardViewMediator( 2036): handleMessage dt = 0
D/DeviceInfo( 1681): ramSize =3145728
V/WindowManager( 1067): Adding window Window{37ada834 u0 com.android.systemui/com.android.systemui.recent.RecentsActivity} at 3 of 10 (after Window{1afaee4b u0 com.huawei.android.launcher/com.huawei.android.launcher.Launcher})
I/View    ( 1681): ssignParent(ViewParent parent) parent is: android.view.ViewRootImpl@d29e064
E/LocSvc_ApiV02( 1067): I/<--- void globalEventCb(locClientHandleType, uint32_t, locClientEventIndUnionType, void*) line 81 QMI_LOC_EVENT_GNSS_SV_INFO_IND_V02
E/LocSvc_libulp( 1067): I/int ulp_brain_process_gnss_sv_report(const GpsSvStatus*), gnss sv report cnt = 479363, gnss pos report cnt = 93411,strong sv cnt = 0
E/LocSvc_ApiV02( 1067): I/<--- void globalEventCb(locClientHandleType, uint32_t, locClientEventIndUnionType, void*) line 81 QMI_LOC_EVENT_POSITION_REPORT_IND_V02
E/LocSvc_libulp( 1067): I/===> int ulp_brain_process_gnss_position_report(loc_sess_status, LocPosTechMask, const UlpLocation*, const GpsLocationExtended*, const void*) line 1113 
E/LocSvc_libulp( 1067): I/int ulp_brain_process_gnss_position_report(loc_sess_status, LocPosTechMask, const UlpLocation*, const GpsLocationExtended*, const void*), transition provider returned = 0
E/LocSvc_afw( 1067): I/<=== sv_status_cb - line 1147 26
E/LocSvc_libulp( 1067): I/int ulp_brain_process_gnss_position_report(loc_sess_status, LocPosTechMask, const UlpLocation*, const GpsLocationExtended*, const void*), report GNSS position/status to hybrid fix requests = 0
E/LocSvc_libulp( 1067): I/===> int ulp_msg_send_generic_position_report(loc_sess_status, LocPosTechMask, const UlpLocation*, const GpsLocationExtended*, const void*) line 1011 
V/GpsLocationProvider( 1067): SV count: 26 ephemerisMask: 31085072 almanacMask: 31085072
V/GpsLocationProvider( 1067): sv: 13 snr: 1.42 elev: 47.0 azimuth: 175.0 E A
E/LocSvc_ulp_log( 1067): I/===> int ulp_xtwifi_send_position(const char*, loc_sess_status, LocPosTechMask, const UlpLocation*, const GpsLocationExtended*) line 63 
V/GpsLocationProvider( 1067): sv: 15 snr: 1.8799999 elev: 18.0 azimuth: 205.0 E AU
V/GpsLocationProvider( 1067): sv: 2 snr: 0.0 elev: 62.0 azimuth: 108.0 E A
V/GpsLocationProvider( 1067): sv: 5 snr: 0.0 elev: 73.0 azimuth: 344.0 E A
V/GpsLocationProvider( 1067): sv: 6 snr: 0.0 elev: 14.0 azimuth: 116.0 E A
V/GpsLocationProvider( 1067): sv: 7 snr: 0.0 elev: 12.0 azimuth: 61.0 E A
V/GpsLocationProvider( 1067): sv: 20 snr: 0.0 elev: 34.0 azimuth: 270.0 E A
V/GpsLocationProvider( 1067): sv: 25 snr: 0.0 elev: 0.0 azimuth: 0.0 E A
V/GpsLocationProvider( 1067): sv: 29 snr: 0.0 elev: 45.0 azimuth: 292.0 E A
V/GpsLocationProvider( 1067): sv: 30 snr: 0.0 elev: 13.0 azimuth: 90.0 E A
V/GpsLocationProvider( 1067): sv: 66 snr: 0.0 elev: 33.0 azimuth: 36.0 E A
V/GpsLocationProvider( 1067): sv: 82 snr: 0.0 elev: 78.0 azimuth: 277.0    
V/GpsLocationProvider( 1067): sv: 75 snr: 0.0 elev: 4.0 azimuth: 26.0    
V/GpsLocationProvider( 1067): sv: 83 snr: 0.0 elev: 24.0 azimuth: 327.0    
V/GpsLocationProvider( 1067): sv: 81 snr: 0.0 elev: 40.0 azimuth: 160.0    
V/GpsLocationProvider( 1067): sv: 67 snr: 0.0 elev: 71.0 azimuth: 310.0    
V/GpsLocationProvider( 1067): sv: 68 snr: 0.0 elev: 27.0 azimuth: 243.0    
V/GpsLocationProvider( 1067): sv: 201 snr: 0.0 elev: 35.0 azimuth: 146.0    
V/GpsLocationProvider( 1067): sv: 202 snr: 0.0 elev: 30.0 azimuth: 229.0    
V/GpsLocationProvider( 1067): sv: 203 snr: 0.0 elev: 41.0 azimuth: 188.0    
V/GpsLocationProvider( 1067): sv: 204 snr: 0.0 elev: 24.0 azimuth: 123.0    
V/GpsLocationProvider( 1067): sv: 205 snr: 0.0 elev: 15.0 azimuth: 247.0 E A
V/GpsLocationProvider( 1067): sv: 206 snr: 0.0 elev: 74.0 azimuth: 258.0    
V/GpsLocationProvider( 1067): sv: 208 snr: 0.0 elev: 47.0 azimuth: 164.0    
V/GpsLocationProvider( 1067): sv: 209 snr: 0.0 elev: 50.0 azimuth: 240.0    
V/GpsLocationProvider( 1067): sv: 215 snr: 0.0 elev: 70.0 azimuth: 209.0    
D/GpsCHRStatusManager( 1067): chrType: 9 data: [Ljava.lang.Object;@2a68a65d
E/LocSvc_eng_nmea( 1067): I/<=== nmea_cb line 62 0x7f9036ca40
D/GpsCHRStatusManager( 1067): handleMessage chrDateType:9
D/GpsCHRStatusManager( 1067): handlerUpdataSvStatus:
E/LocSvc_eng_nmea( 1067): I/<=== nmea_cb line 62 0x7f9036ca40
E/LocSvc_eng_nmea( 1067): I/<=== nmea_cb line 62 0x7f9036ca40
E/LocSvc_eng_nmea( 1067): I/<=== nmea_cb line 62 0x7f9036ca40
E/LocSvc_eng_nmea( 1067): I/<=== nmea_cb line 62 0x7f9036ca40
E/LocSvc_eng_nmea( 1067): I/<=== nmea_cb line 62 0x7f9036ca10
E/LocSvc_eng_nmea( 1067): I/<=== nmea_cb line 62 0x7f9036ca10
E/LocSvc_eng_nmea( 1067): I/<=== nmea_cb line 62 0x7f9036ca10
E/LocSvc_eng_nmea( 1067): I/<=== nmea_cb line 62 0x7f9036ca10
D/KeyguardViewMediator( 2036): setOccluded false
D/KeyguardUpdateMonitor( 2036): sendKeyguardVisibilityChanged(true)
D/KeyguardUpdateMonitor( 2036): handleKeyguardVisibilityChanged(1)
D/KeyguardViewMediator( 2036): handleMessage dt = 0
D/KeyguardViewMediator( 2036): setOccluded false
D/KeyguardUpdateMonitor( 2036): sendKeyguardVisibilityChanged(true)
D/KeyguardUpdateMonitor( 2036): handleKeyguardVisibilityChanged(1)
D/KeyguardViewMediator( 2036): handleMessage dt = 0
D/KeyguardViewMediator( 2036): setOccluded false
D/KeyguardUpdateMonitor( 2036): sendKeyguardVisibilityChanged(true)
D/KeyguardUpdateMonitor( 2036): handleKeyguardVisibilityChanged(1)
D/KeyguardViewMediator( 2036): handleMessage dt = 0
D/CubicBezierInterpolator( 1067): CubicBezierInterpolator  mControlPoint1x = 0.5, mControlPoint1y = 0.2, mControlPoint2x = 0.6, mControlPoint2y = 1.0
D/CubicBezierInterpolator( 1067): CubicBezierInterpolator  mControlPoint1x = 0.5, mControlPoint1y = 0.2, mControlPoint2x = 0.6, mControlPoint2y = 1.0
D/KeyguardViewMediator( 2036): setOccluded false
D/KeyguardUpdateMonitor( 2036): sendKeyguardVisibilityChanged(true)
D/KeyguardUpdateMonitor( 2036): handleKeyguardVisibilityChanged(1)
D/KeyguardViewMediator( 2036): handleMessage dt = 0
D/KeyguardViewMediator( 2036): setOccluded false
D/KeyguardUpdateMonitor( 2036): sendKeyguardVisibilityChanged(true)
D/KeyguardUpdateMonitor( 2036): handleKeyguardVisibilityChanged(1)
D/KeyguardViewMediator( 2036): handleMessage dt = 0
D/KeyguardViewMediator( 2036): setOccluded false
D/KeyguardUpdateMonitor( 2036): sendKeyguardVisibilityChanged(true)
D/KeyguardUpdateMonitor( 2036): handleKeyguardVisibilityChanged(1)
D/KeyguardViewMediator( 2036): handleMessage dt = 0
I/ActivityManager( 1067): Displayed com.android.systemui/.recent.RecentsActivity: +234ms
D/KeyguardViewMediator( 2036): setOccluded false
D/KeyguardUpdateMonitor( 2036): sendKeyguardVisibilityChanged(true)
D/KeyguardUpdateMonitor( 2036): handleKeyguardVisibilityChanged(1)
D/KeyguardViewMediator( 2036): handleMessage dt = 0
D/KeyguardViewMediator( 2036): setOccluded false
D/KeyguardUpdateMonitor( 2036): sendKeyguardVisibilityChanged(true)
D/KeyguardUpdateMonitor( 2036): handleKeyguardVisibilityChanged(1)
D/KeyguardViewMediator( 2036): handleMessage dt = 0
D/KeyguardViewMediator( 2036): setOccluded false
D/KeyguardUpdateMonitor( 2036): sendKeyguardVisibilityChanged(true)
D/KeyguardUpdateMonitor( 2036): handleKeyguardVisibilityChanged(1)
D/KeyguardViewMediator( 2036): handleMessage dt = 0
W/ActivityManager( 1067): getRunningAppProcesses: caller 10151 does not hold REAL_GET_TASKS; limiting output
I/Timeline( 1681): Timeline: Activity_idle id: android.os.BinderProxy@32807d2b time:709745127
I/ActivityManager( 1067): Start proc 22268:com.storm.smart:PluginP06/u0a151 for content provider com.storm.smart/com.morgoo.droidplugin.stub.ContentProviderStub$StubP06
V/ActivityManagerServiceMU( 1067): Waiting to start provider ContentProviderRecord{2e0e4b59 u0 com.storm.smart/com.morgoo.droidplugin.stub.ContentProviderStub$StubP06} launchingApp=ProcessRecord{16e1631e 22268:com.storm.smart:PluginP06/u0a151}
D/PowerManagerService( 1067): releaseWakeLockInternal: lock=627931317, flags=0x0, packageName=android", ws=null, uid=1000, pid=1067
D/PowerManagerService( 1067): updateWakeLockSummaryLocked: mWakefulness=Awake, mWakeLockSummary=0x0
D/PowerManagerService( 1067): updateUserActivitySummaryLocked: mWakefulness=Awake, mUserActivitySummary=0x1, nextTimeout=711537680 (in 1792549 ms)
D/PowerManagerService( 1067): updateDisplayPowerStateLocked: mDisplayReady=true, policy=3, mWakefulness=1, mWakeLockSummary=0x0, mUserActivitySummary=0x1, mBootCompleted=true, mScreenBrightnessBoostInProgress=false, useProximitySensor=false, mRequestWaitForNegativeProximity=false, mBrightnessWaitModeEnabled=false
D/PowerManagerService( 1067): Releasing suspend blocker "PowerManagerService.WakeLocks".
D/StatusBar.MSimNetworkController( 1681): refreshdata connected={ wifi } level=0 mMSimcombinedSignalIconId=0x7f0203c3/com.android.systemui:drawable/stat_sys_wifi_signal_3_fully mMSimcombinedActivityIconId=0x7f0203bb mAirplaneMode=false mMSimDataActivity=0 mMSimPhoneSignalIconId=0x7f02037b mMSimDataDirectionIconId=0x0 mMSimDataSignalIconId=0x7f02037b mMSimDataTypeIconId=0x0 mNoSimIconVisible true mWifiIconId=0x7f0203c3 mBluetoothTetherIconId=0x1080694
D/StatusBar.MSimNetworkController( 1681): refreshdata connected={ wifi } level=0 mMSimcombinedSignalIconId=0x7f0203c3/com.android.systemui:drawable/stat_sys_wifi_signal_3_fully mMSimcombinedActivityIconId=0x7f0203bb mAirplaneMode=false mMSimDataActivity=0 mMSimPhoneSignalIconId=0x7f02037b mMSimDataDirectionIconId=0x0 mMSimDataSignalIconId=0x7f02037b mMSimDataTypeIconId=0x0 mNoSimIconVisible true mWifiIconId=0x7f0203c3 mBluetoothTetherIconId=0x1080694
D/StatusBar.MSimNetworkController( 1681): Frequently refreshed,will be inglored! subscription: 0
D/StatusBar.MSimNetworkController( 1681): Frequently refreshed,will be inglored! subscription: 0
D/StatusBar.MSimNetworkController( 1681): The latest refersh is 1014 ms ago!
D/StatusBar.MSimNetworkController( 1681): refreshviews update icon subscription===0 mMSimPhoneSignalIconId[subscription]===2130838395 mMSimPhoneSignalTypeIconId[subscription]===0 mMSimMobileActivityIconId[subscription]===0 mMSimDataTypeIconId[subscription]===0
D/ActivityThread(22268): ActivityThread,attachApplication
D/HwCustMSimSignalClusterViewImpl( 1681): applyVSim, sub = -1
D/ActivityManager( 1067): ActivityManagerService,attachApplication,callingPid = 22268
V/ActivityManager( 1067): New app record ProcessRecord{16e1631e 22268:com.storm.smart:PluginP06/u0a151} thread=android.os.BinderProxy@315e87ff pid=22268
D/ActivityManager( 1067): ActivityStackSupervisor,attachApplicationLocked
D/HwCustMSimSignalClusterViewImpl( 1681): applyVSim, sub = 0
D/HwCustMSimSignalClusterViewImpl( 1681): applyVSim, sub = 0
D/HwCustMSimSignalClusterViewImpl( 1681): applyVSim, sub = -1
D/HwCustMSimSignalClusterViewImpl( 1681): applyVSim, sub = -1
D/DisplayManager(22268):  registerCallbackIfNeededLocked mCallback == null 
D/HwCustMSimSignalClusterViewImpl( 1681): applyVSim, sub = 0
D/HwCustMSimSignalClusterViewImpl( 1681): applyVSim, sub = 0
D/HwCustMSimSignalClusterViewImpl( 1681): applyVSim, sub = -1
D/StatusBar.MSimNetworkController( 1681): changing data overlay icon id to 2130838459
D/StatusBar.MSimNetworkController( 1681): The latest refersh is 1021 ms ago!
D/StatusBar.MSimNetworkController( 1681): refreshviews update icon subscription===0 mMSimPhoneSignalIconId[subscription]===2130838395 mMSimPhoneSignalTypeIconId[subscription]===0 mMSimMobileActivityIconId[subscription]===0 mMSimDataTypeIconId[subscription]===0
D/StatusBar.MSimNetworkController( 1681): changing data overlay icon id to 2130838459
I/SurfaceFlinger(  336): FPS: 29
V/ActivityManager( 1067): Provider ContentProviderRecord{2e0e4b59 u0 com.storm.smart/com.morgoo.droidplugin.stub.ContentProviderStub$StubP06} is published
I/System.out(21622): [socket][6:34280] exception
I/System.out(21622): [CDS]close[34280]
I/System.out(21622): close [socket][/0.0.0.0:34280]
E/OKHTTP_TAG_RUBY(21622): 上报坐标后,服务器返回的信息:java.net.SocketTimeoutException: failed to connect to /192.168.1.102 (port 9099) after 10000ms
I/PG Utils(20214): acquire_provider pkg:[com.storm.yeelion] pid:[] send to pg
I/Timeline( 1067): Timeline: Activity_windows_visible id: ActivityRecord{8cc27a5 u0 com.android.systemui/.recent.RecentsActivity t928} time:709745261
D/KeyguardViewMediator( 2036): setOccluded false
D/KeyguardUpdateMonitor( 2036): sendKeyguardVisibilityChanged(true)
D/KeyguardUpdateMonitor( 2036): handleKeyguardVisibilityChanged(1)
D/KeyguardViewMediator( 2036): handleMessage dt = 0
D/KeyguardViewMediator( 2036): setOccluded false
D/KeyguardUpdateMonitor( 2036): sendKeyguardVisibilityChanged(true)
D/KeyguardUpdateMonitor( 2036): handleKeyguardVisibilityChanged(1)
D/KeyguardViewMediator( 2036): handleMessage dt = 0
D/KeyguardViewMediator( 2036): setOccluded false
D/KeyguardUpdateMonitor( 2036): sendKeyguardVisibilityChanged(true)
D/KeyguardUpdateMonitor( 2036): handleKeyguardVisibilityChanged(1)
D/KeyguardViewMediator( 2036): handleMessage dt = 0
I/HwSystemManager( 1780): AppLockService:onForegroundActivitiesChanged: 21622, 10312, false
D/KeyguardViewMediator( 2036): setOccluded false
D/KeyguardUpdateMonitor( 2036): sendKeyguardVisibilityChanged(true)
D/KeyguardUpdateMonitor( 2036): handleKeyguardVisibilityChanged(1)
D/KeyguardViewMediator( 2036): handleMessage dt = 0
D/KeyguardViewMediator( 2036): setOccluded false
D/KeyguardUpdateMonitor( 2036): sendKeyguardVisibilityChanged(true)
D/KeyguardUpdateMonitor( 2036): handleKeyguardVisibilityChanged(1)
D/KeyguardViewMediator( 2036): handleMessage dt = 0
D/KeyguardViewMediator( 2036): setOccluded false
D/KeyguardUpdateMonitor( 2036): sendKeyguardVisibilityChanged(true)
D/KeyguardUpdateMonitor( 2036): handleKeyguardVisibilityChanged(1)
D/KeyguardViewMediator( 2036): handleMessage dt = 0
D/KeyguardViewMediator( 2036): setOccluded false
D/KeyguardUpdateMonitor( 2036): sendKeyguardVisibilityChanged(true)
D/KeyguardUpdateMonitor( 2036): handleKeyguardVisibilityChanged(1)
D/KeyguardViewMediator( 2036): handleMessage dt = 0
I/HwCust  (22268): Constructor found for class android.app.HwCustApplicationPackageManagerImpl
D/HwCust  (22268): Create obj success use class android.app.HwCustApplicationPackageManagerImpl
W/ActivityManager( 1067): getRunningAppProcesses: caller 10151 does not hold REAL_GET_TASKS; limiting output
V/SMCSAMSHelper( 1067): SMCSAMSHelper.addSTPEvent: cost 0 ms end.
V/SMCSAMSHelper( 1067): SMCSAMSHelper.smartTrimAddProcessRelation: cost 0 ms end.
W/ActivityManager( 1067): getRunningAppProcesses: caller 10151 does not hold REAL_GET_TASKS; limiting output
W/ActivityManager( 1067): getRunningAppProcesses: caller 10151 does not hold REAL_GET_TASKS; limiting output
D/HwCust  (22268): Create obj success use class android.app.HwCustApplicationPackageManagerImpl
I/HwSystemManager( 1780): AppLockService:checkDbPackageExist return false: com.android.systemui, 1463590219861
D/PowerManagerService( 1067): userActivityNoUpdateLocked: eventTime=709745590, event=2, flags=0x0, uid=1000
D/PowerManagerNotifier( 1067): onUserActivity: event=2, uid=1000
D/PowerManagerService( 1067): updateUserActivitySummaryLocked: mWakefulness=Awake, mUserActivitySummary=0x1, nextTimeout=711538590 (in 1792997 ms)
D/PowerManagerService( 1067): updateDisplayPowerStateLocked: mDisplayReady=true, policy=3, mWakefulness=1, mWakeLockSummary=0x0, mUserActivitySummary=0x1, mBootCompleted=true, mScreenBrightnessBoostInProgress=false, useProximitySensor=false, mRequestWaitForNegativeProximity=false, mBrightnessWaitModeEnabled=false
V/NFC     (22268): this device does not have NFC support
D/BluetoothManagerService( 1067): Message: 20
D/BluetoothManagerService( 1067): Added callback: android.bluetooth.IBluetoothManagerCallback$Stub$Proxy@51da51b:true pid = 22268
W/ImageLoader(22268): diskCache(), diskCacheSize() and diskCacheFileCount calls overlap each other
W/ImageLoader(22268): diskCache(), diskCacheSize() and diskCacheFileCount calls overlap each other
W/ImageLoader(22268): diskCache() and diskCacheFileNameGenerator() calls overlap each other
W/System.err(22268): java.lang.ArrayIndexOutOfBoundsException: length=0; index=0
W/System.err(22268): 	at com.storm.yeelion.OneBrowserApplication.b(SourceFile:267)
W/System.err(22268): 	at com.storm.yeelion.OneBrowserApplication.onCreate(SourceFile:80)
W/System.err(22268): 	at android.app.Instrumentation.callApplicationOnCreate(Instrumentation.java:1012)
W/System.err(22268): 	at com.morgoo.droidplugin.hook.handle.PluginInstrumentation.callApplicationOnCreate(SourceFile:201)
W/System.err(22268): 	at android.app.LoadedApk.makeApplication(LoadedApk.java:615)
W/System.err(22268): 	at java.lang.reflect.Method.invoke(Native Method)
W/System.err(22268): 	at java.lang.reflect.Method.invoke(Method.java:372)
W/System.err(22268): 	at com.morgoo.droidplugin.reflect.MethodUtils.invokeMethod(SourceFile:214)
W/System.err(22268): 	at com.morgoo.droidplugin.reflect.MethodUtils.invokeMethod(SourceFile:246)
W/System.err(22268): 	at com.morgoo.droidplugin.core.PluginProcessManager$1.run(SourceFile:251)
W/System.err(22268): 	at android.os.Handler.handleCallback(Handler.java:739)
W/System.err(22268): 	at android.os.Handler.dispatchMessage(Handler.java:95)
W/System.err(22268): 	at android.os.Looper.loop(Looper.java:135)
W/System.err(22268): 	at android.app.ActivityThread.main(ActivityThread.java:5669)
W/System.err(22268): 	at java.lang.reflect.Method.invoke(Native Method)
W/System.err(22268): 	at java.lang.reflect.Method.invoke(Method.java:372)
W/System.err(22268): 	at com.android.internal.os.ZygoteInit$MethodAndArgsCaller.run(ZygoteInit.java:960)
W/System.err(22268): 	at com.android.internal.os.ZygoteInit.main(ZygoteInit.java:755)
W/System.err(22268): java.lang.ArrayIndexOutOfBoundsException: length=0; index=0
W/System.err(22268): 	at com.storm.yeelion.OneBrowserApplication.b(SourceFile:267)
W/System.err(22268): 	at com.storm.yeelion.OneBrowserApplication.onCreate(SourceFile:81)
W/System.err(22268): 	at android.app.Instrumentation.callApplicationOnCreate(Instrumentation.java:1012)
W/System.err(22268): 	at com.morgoo.droidplugin.hook.handle.PluginInstrumentation.callApplicationOnCreate(SourceFile:201)
W/System.err(22268): 	at android.app.LoadedApk.makeApplication(LoadedApk.java:615)
W/System.err(22268): 	at java.lang.reflect.Method.invoke(Native Method)
W/System.err(22268): 	at java.lang.reflect.Method.invoke(Method.java:372)
W/System.err(22268): 	at com.morgoo.droidplugin.reflect.MethodUtils.invokeMethod(SourceFile:214)
W/System.err(22268): 	at com.morgoo.droidplugin.reflect.MethodUtils.invokeMethod(SourceFile:246)
W/System.err(22268): 	at com.morgoo.droidplugin.core.PluginProcessManager$1.run(SourceFile:251)
W/System.err(22268): 	at android.os.Handler.handleCallback(Handler.java:739)
W/System.err(22268): 	at android.os.Handler.dispatchMessage(Handler.java:95)
W/System.err(22268): 	at android.os.Looper.loop(Looper.java:135)
W/System.err(22268): 	at android.app.ActivityThread.main(ActivityThread.java:5669)
W/System.err(22268): 	at java.lang.reflect.Method.invoke(Native Method)
W/System.err(22268): 	at java.lang.reflect.Method.invoke(Method.java:372)
W/System.err(22268): 	at com.android.internal.os.ZygoteInit$MethodAndArgsCaller.run(ZygoteInit.java:960)
W/System.err(22268): 	at com.android.internal.os.ZygoteInit.main(ZygoteInit.java:755)
I/Process (27801): Sending signal. PID: 22268 SIG: 9
I/PgedBinderListener( 2059): kstate callback type:8 value1=22268 value2=KILLED
W/ActivityManager( 1067): getRunningAppProcesses: caller 10151 does not hold REAL_GET_TASKS; limiting output
D/RecentsPanelView( 1681): remove view send broadcast pckName=com.whereru.greengrass.goforit
D/RecentsPanelView( 1681): there is no recents task, so need to dismiss activity
D/RecentsPanelView( 1681): begint to rmTask, pkg:com.whereru.greengrass.goforit
D/ActivityManager( 1067): [RecentTasks]RemoveTask taskId:927
I/PgedBinderListener( 2059): kstate callback type:8 value1=21309 value2=KILLED
I/ActivityManager( 1067): Killing 21309:com.android.contacts/u0a3 (adj 15): empty #17
D/DisplayManagerService( 1067): Display listener for pid 22268 died.
W/ActivityManager( 1067): getRunningAppProcesses: caller 10151 does not hold REAL_GET_TASKS; limiting output
I/ActivityThread(20214): Removing dead content provider:android.content.ContentProviderProxy@3899705e
E/LocSvc_ApiV02( 1067): I/<--- void globalEventCb(locClientHandleType, uint32_t, locClientEventIndUnionType, void*) line 81 QMI_LOC_EVENT_GNSS_SV_INFO_IND_V02
E/LocSvc_libulp( 1067): I/int ulp_brain_process_gnss_sv_report(const GpsSvStatus*), gnss sv report cnt = 479364, gnss pos report cnt = 93411,strong sv cnt = 0
E/LocSvc_ApiV02( 1067): I/<--- void globalEventCb(locClientHandleType, uint32_t, locClientEventIndUnionType, void*) line 81 QMI_LOC_EVENT_POSITION_REPORT_IND_V02
E/LocSvc_afw( 1067): I/<=== sv_status_cb - line 1147 26
E/LocSvc_libulp( 1067): I/===> int ulp_brain_process_gnss_position_report(loc_sess_status, LocPosTechMask, const UlpLocation*, const GpsLocationExtended*, const void*) line 1113 
E/LocSvc_libulp( 1067): I/int ulp_brain_process_gnss_position_report(loc_sess_status, LocPosTechMask, const UlpLocation*, const GpsLocationExtended*, const void*), transition provider returned = 0
E/LocSvc_libulp( 1067): I/int ulp_brain_process_gnss_position_report(loc_sess_status, LocPosTechMask, const UlpLocation*, const GpsLocationExtended*, const void*), report GNSS position/status to hybrid fix requests = 0
E/LocSvc_libulp( 1067): I/===> int ulp_msg_send_generic_position_report(loc_sess_status, LocPosTechMask, const UlpLocation*, const GpsLocationExtended*, const void*) line 1011 
E/LocSvc_ulp_log( 1067): I/===> int ulp_xtwifi_send_position(const char*, loc_sess_status, LocPosTechMask, const UlpLocation*, const GpsLocationExtended*) line 63 
V/GpsLocationProvider( 1067): SV count: 26 ephemerisMask: 31085072 almanacMask: 31085072
V/GpsLocationProvider( 1067): sv: 13 snr: 1.42 elev: 47.0 azimuth: 175.0 E A
V/GpsLocationProvider( 1067): sv: 15 snr: 2.45 elev: 18.0 azimuth: 205.0 E AU
V/GpsLocationProvider( 1067): sv: 2 snr: 0.0 elev: 62.0 azimuth: 108.0 E A
V/GpsLocationProvider( 1067): sv: 5 snr: 0.0 elev: 73.0 azimuth: 344.0 E A
V/GpsLocationProvider( 1067): sv: 6 snr: 0.0 elev: 14.0 azimuth: 116.0 E A
V/GpsLocationProvider( 1067): sv: 7 snr: 0.0 elev: 12.0 azimuth: 61.0 E A
V/GpsLocationProvider( 1067): sv: 20 snr: 0.0 elev: 34.0 azimuth: 270.0 E A
V/GpsLocationProvider( 1067): sv: 25 snr: 0.0 elev: 0.0 azimuth: 0.0 E A
V/GpsLocationProvider( 1067): sv: 29 snr: 0.0 elev: 45.0 azimuth: 292.0 E A
V/GpsLocationProvider( 1067): sv: 30 snr: 0.0 elev: 13.0 azimuth: 90.0 E A
V/GpsLocationProvider( 1067): sv: 66 snr: 0.0 elev: 33.0 azimuth: 36.0 E A
V/GpsLocationProvider( 1067): sv: 82 snr: 0.0 elev: 78.0 azimuth: 277.0    
V/GpsLocationProvider( 1067): sv: 75 snr: 0.0 elev: 4.0 azimuth: 26.0    
V/GpsLocationProvider( 1067): sv: 83 snr: 0.0 elev: 24.0 azimuth: 327.0    
