--------- beginning of system
D/CountryDetector( 1067): isValidCountryIso: CN
D/CountryDetector( 1067): isValidCountryIso: CN
D/CountryDetector( 1067): isValidCountryIso: CN
D/StatusBar.MSimNetworkController( 1681): Frequently refreshed,will be inglored! subscription: 0
D/StatusBar.MSimNetworkController( 1681): Frequently refreshed,will be inglored! subscription: 0
D/StatusBar.MSimNetworkController( 1681): The latest refersh is 2004 ms ago!
D/StatusBar.MSimNetworkController( 1681): refreshviews update icon subscription===0 mMSimPhoneSignalIconId[subscription]===2130838395 mMSimPhoneSignalTypeIconId[subscription]===0 mMSimMobileActivityIconId[subscription]===0 mMSimDataTypeIconId[subscription]===0
D/HwCustMSimSignalClusterViewImpl( 1681): applyVSim, sub = -1
D/HwCustMSimSignalClusterViewImpl( 1681): applyVSim, sub = 0
D/HwCustMSimSignalClusterViewImpl( 1681): applyVSim, sub = 0
D/HwCustMSimSignalClusterViewImpl( 1681): applyVSim, sub = -1
D/HwCustMSimSignalClusterViewImpl( 1681): applyVSim, sub = -1
D/HwCustMSimSignalClusterViewImpl( 1681): applyVSim, sub = 0
D/HwCustMSimSignalClusterViewImpl( 1681): applyVSim, sub = 0
D/HwCustMSimSignalClusterViewImpl( 1681): applyVSim, sub = -1
D/StatusBar.MSimNetworkController( 1681): The latest refersh is 1999 ms ago!
D/StatusBar.MSimNetworkController( 1681): refreshviews update icon subscription===0 mMSimPhoneSignalIconId[subscription]===2130838395 mMSimPhoneSignalTypeIconId[subscription]===0 mMSimMobileActivityIconId[subscription]===0 mMSimDataTypeIconId[subscription]===0
I/ActivityManager( 1067): Killing 20525:com.android.settings:calculatorstep/1000 (adj 15): empty #17
D/DisplayManagerService( 1067): Display listener for pid 20525 died.
I/BroadcastQueue( 1067): There are ordered broadcasts stay in queue, should schedule next Broadcasts.
D/ActivityManager( 1067): resumeTopActivityLocked: Top activity resumed ActivityRecord{1d37b160 u0 com.huawei.android.launcher/.Launcher t1}
I/ActivityManager( 1067): Start proc 21379:com.huawei.appmarket:pushservice/u0a13 for broadcast com.huawei.appmarket/com.huawei.android.pushagent.PushEventReceiver
D/ActivityThread(21379): ActivityThread,attachApplication
D/ActivityManager( 1067): ActivityManagerService,attachApplication,callingPid = 21379
V/ActivityManager( 1067): New app record ProcessRecord{6b3503d 21379:com.huawei.appmarket:pushservice/u0a13} thread=android.os.BinderProxy@3246b183 pid=21379
D/ActivityManager( 1067): ActivityStackSupervisor,attachApplicationLocked
W/HwPackageManagerService( 1067): onTransact-transaction_pmGetResourcePackageName
D/PowerManagerService( 1067): acquireWakeLockInternal: lock=842588895, flags=0x1, packageName=com.huawei.appmarket, ws=null, uid=10013, pid=21379
D/PowerManagerService( 1067): updateWakeLockSummaryLocked: mWakefulness=Awake, mWakeLockSummary=0x1
D/PowerManagerService( 1067): updateUserActivitySummaryLocked: mWakefulness=Awake, mUserActivitySummary=0x1, nextTimeout=711500947 (in 1778620 ms)
D/PowerManagerService( 1067): updateDisplayPowerStateLocked: mDisplayReady=true, policy=3, mWakefulness=1, mWakeLockSummary=0x1, mUserActivitySummary=0x1, mBootCompleted=true, mScreenBrightnessBoostInProgress=false, useProximitySensor=false, mRequestWaitForNegativeProximity=false, mBrightnessWaitModeEnabled=false
D/PowerManagerService( 1067): Acquiring suspend blocker "PowerManagerService.WakeLocks".
I/ActivityManager( 1067): Start proc 21419:com.huawei.hwvplayer:pushservice/u0a19 for broadcast com.huawei.hwvplayer/com.huawei.android.pushagent.PushEventReceiver
I/ActivityManager( 1067): Killing 20554:com.huawei.android.ds:pushservice/1001 (adj 15): empty #17
D/ActivityThread(21419): ActivityThread,attachApplication
D/DisplayManagerService( 1067): Display listener for pid 20554 died.
D/ActivityManager( 1067): ActivityManagerService,attachApplication,callingPid = 21419
V/ActivityManager( 1067): New app record ProcessRecord{ed2bb2c 21419:com.huawei.hwvplayer:pushservice/u0a19} thread=android.os.BinderProxy@34c949f5 pid=21419
D/ActivityManager( 1067): ActivityStackSupervisor,attachApplicationLocked
I/BroadcastQueue( 1067): There are ordered broadcasts stay in queue, should schedule next Broadcasts.
D/ActivityManager( 1067): resumeTopActivityLocked: Top activity resumed ActivityRecord{1d37b160 u0 com.huawei.android.launcher/.Launcher t1}
D/PowerManagerService( 1067): acquireWakeLockInternal: lock=918246282, flags=0x1, packageName=com.huawei.hwvplayer, ws=null, uid=10019, pid=21419
D/PowerManagerService( 1067): updateWakeLockSummaryLocked: mWakefulness=Awake, mWakeLockSummary=0x1
D/PowerManagerService( 1067): updateUserActivitySummaryLocked: mWakefulness=Awake, mUserActivitySummary=0x1, nextTimeout=711500947 (in 1778408 ms)
D/PowerManagerService( 1067): updateDisplayPowerStateLocked: mDisplayReady=true, policy=3, mWakefulness=1, mWakeLockSummary=0x1, mUserActivitySummary=0x1, mBootCompleted=true, mScreenBrightnessBoostInProgress=false, useProximitySensor=false, mRequestWaitForNegativeProximity=false, mBrightnessWaitModeEnabled=false
I/ActivityManager( 1067): Start proc 21454:com.svox.pico/u0a16 for broadcast com.svox.pico/.VoiceDataInstallerReceiver
I/ActivityManager( 1067): Killing 17933:com.huawei.android.ds/1001 (adj 15): empty #17
D/ActivityThread(21454): ActivityThread,attachApplication
D/DisplayManagerService( 1067): Display listener for pid 17933 died.
D/ActivityManager( 1067): ActivityManagerService,attachApplication,callingPid = 21454
V/ActivityManager( 1067): New app record ProcessRecord{7f2cdfb 21454:com.svox.pico/u0a16} thread=android.os.BinderProxy@28465e18 pid=21454
D/ActivityManager( 1067): ActivityStackSupervisor,attachApplicationLocked
I/BroadcastQueue( 1067): There are ordered broadcasts stay in queue, should schedule next Broadcasts.
D/ActivityManager( 1067): resumeTopActivityLocked: Top activity resumed ActivityRecord{1d37b160 u0 com.huawei.android.launcher/.Launcher t1}
D/PowerManagerService( 1067): releaseWakeLockInternal: lock=842588895, flags=0x0, packageName=com.huawei.appmarket", ws=null, uid=10013, pid=21379
D/PowerManagerService( 1067): updateWakeLockSummaryLocked: mWakefulness=Awake, mWakeLockSummary=0x1
D/PowerManagerService( 1067): updateUserActivitySummaryLocked: mWakefulness=Awake, mUserActivitySummary=0x1, nextTimeout=711500947 (in 1778118 ms)
D/PowerManagerService( 1067): updateDisplayPowerStateLocked: mDisplayReady=true, policy=3, mWakefulness=1, mWakeLockSummary=0x1, mUserActivitySummary=0x1, mBootCompleted=true, mScreenBrightnessBoostInProgress=false, useProximitySensor=false, mRequestWaitForNegativeProximity=false, mBrightnessWaitModeEnabled=false
I/ActivityManager( 1067): Start proc 21476:com.android.settings:calculatorstep/1000 for broadcast com.android.settings/.CalculatorReceiver
I/ActivityManager( 1067): Killing 18541:com.huawei.motionservice/u0a40 (adj 15): empty #17
D/ActivityThread(21476): ActivityThread,attachApplication
D/DisplayManagerService( 1067): Display listener for pid 18541 died.
D/ActivityManager( 1067): ActivityManagerService,attachApplication,callingPid = 21476
V/ActivityManager( 1067): New app record ProcessRecord{35319071 21476:com.android.settings:calculatorstep/1000} thread=android.os.BinderProxy@28831e56 pid=21476
D/ActivityManager( 1067): ActivityStackSupervisor,attachApplicationLocked
I/BroadcastQueue( 1067): There are ordered broadcasts stay in queue, should schedule next Broadcasts.
D/ActivityManager( 1067): resumeTopActivityLocked: Top activity resumed ActivityRecord{1d37b160 u0 com.huawei.android.launcher/.Launcher t1}
D/PowerManagerService( 1067): releaseWakeLockInternal: lock=918246282, flags=0x0, packageName=com.huawei.hwvplayer", ws=null, uid=10019, pid=21419
D/PowerManagerService( 1067): updateWakeLockSummaryLocked: mWakefulness=Awake, mWakeLockSummary=0x0
D/PowerManagerService( 1067): updateUserActivitySummaryLocked: mWakefulness=Awake, mUserActivitySummary=0x1, nextTimeout=711500947 (in 1777896 ms)
D/PowerManagerService( 1067): updateDisplayPowerStateLocked: mDisplayReady=true, policy=3, mWakefulness=1, mWakeLockSummary=0x0, mUserActivitySummary=0x1, mBootCompleted=true, mScreenBrightnessBoostInProgress=false, useProximitySensor=false, mRequestWaitForNegativeProximity=false, mBrightnessWaitModeEnabled=false
D/PowerManagerService( 1067): Releasing suspend blocker "PowerManagerService.WakeLocks".
D/StatusBar.MSimNetworkController( 1681): Send a message to refresh views 1s later!
I/ActivityManager( 1067): Start proc 21504:com.huawei.android.ds:pushservice/1001 for broadcast com.huawei.android.ds/com.huawei.android.pushagent.PushEventReceiver
D/StatusBar.MSimNetworkController( 1681): Send a message to refresh views 1s later!
I/ActivityManager( 1067): Killing 20584:com.huawei.android.pushagent/u0a46 (adj 15): empty #17
D/ActivityThread(21504): ActivityThread,attachApplication
D/DisplayManagerService( 1067): Display listener for pid 20584 died.
D/ActivityManager( 1067): ActivityManagerService,attachApplication,callingPid = 21504
V/ActivityManager( 1067): New app record ProcessRecord{3f964ed7 21504:com.huawei.android.ds:pushservice/1001} thread=android.os.BinderProxy@304f43c4 pid=21504
D/ActivityManager( 1067): ActivityStackSupervisor,attachApplicationLocked
I/BroadcastQueue( 1067): There are ordered broadcasts stay in queue, should schedule next Broadcasts.
D/ActivityManager( 1067): resumeTopActivityLocked: Top activity resumed ActivityRecord{1d37b160 u0 com.huawei.android.launcher/.Launcher t1}
V/AlarmManager( 1067): set(PendingIntent{25fdc2ad: PendingIntentRecord{1d392d7e com.android.contacts startService}}) : type=0 triggerAtTime=1464627837452 win=0 tElapsed=2599007005 maxElapsed=2599007005 interval=0 standalone=true
D/PowerManagerService( 1067): acquireWakeLockInternal: lock=1026214370, flags=0x1, packageName=com.huawei.android.ds, ws=null, uid=1001, pid=21504
D/PowerManagerService( 1067): updateWakeLockSummaryLocked: mWakefulness=Awake, mWakeLockSummary=0x1
D/PowerManagerService( 1067): updateUserActivitySummaryLocked: mWakefulness=Awake, mUserActivitySummary=0x1, nextTimeout=711500947 (in 1777689 ms)
D/PowerManagerService( 1067): updateDisplayPowerStateLocked: mDisplayReady=true, policy=3, mWakefulness=1, mWakeLockSummary=0x1, mUserActivitySummary=0x1, mBootCompleted=true, mScreenBrightnessBoostInProgress=false, useProximitySensor=false, mRequestWaitForNegativeProximity=false, mBrightnessWaitModeEnabled=false
D/PowerManagerService( 1067): Acquiring suspend blocker "PowerManagerService.WakeLocks".
I/ActivityManager( 1067): Start proc 21535:com.huawei.android.ds/1001 for broadcast com.huawei.android.ds/com.huawei.android.remotecontrol.receiver.UpdateAPKReceiver
I/ActivityManager( 1067): Killing 20613:com.android.keychain/1000 (adj 15): empty #17
D/ActivityThread(21535): ActivityThread,attachApplication
D/DisplayManagerService( 1067): Display listener for pid 20613 died.
D/ActivityManager( 1067): ActivityManagerService,attachApplication,callingPid = 21535
V/ActivityManager( 1067): New app record ProcessRecord{1b870173 21535:com.huawei.android.ds/1001} thread=android.os.BinderProxy@2cded830 pid=21535
D/ActivityManager( 1067): ActivityStackSupervisor,attachApplicationLocked
I/BroadcastQueue( 1067): There are ordered broadcasts stay in queue, should schedule next Broadcasts.
D/ActivityManager( 1067): resumeTopActivityLocked: Top activity resumed ActivityRecord{1d37b160 u0 com.huawei.android.launcher/.Launcher t1}
D/PowerManagerService( 1067): userActivityNoUpdateLocked: eventTime=709723632, event=2, flags=0x0, uid=1000
D/PowerManagerNotifier( 1067): onUserActivity: event=2, uid=1000
D/PowerManagerService( 1067): updateUserActivitySummaryLocked: mWakefulness=Awake, mUserActivitySummary=0x1, nextTimeout=711516632 (in 1792998 ms)
D/PowerManagerService( 1067): updateDisplayPowerStateLocked: mDisplayReady=true, policy=3, mWakefulness=1, mWakeLockSummary=0x1, mUserActivitySummary=0x1, mBootCompleted=true, mScreenBrightnessBoostInProgress=false, useProximitySensor=false, mRequestWaitForNegativeProximity=false, mBrightnessWaitModeEnabled=false
I/ActivityManager( 1067): Start proc 21567:com.huawei.android.pushagent/u0a46 for broadcast com.huawei.android.pushagent/.PushEventReceiver
I/ActivityManager( 1067): Killing 16279:com.huawei.systemmanager/1000 (adj 15): empty #17
D/ActivityThread(21567): ActivityThread,attachApplication
D/DisplayManagerService( 1067): Display listener for pid 16279 died.
D/ActivityManager( 1067): ActivityManagerService,attachApplication,callingPid = 21567
V/ActivityManager( 1067): New app record ProcessRecord{25e0dca9 21567:com.huawei.android.pushagent/u0a46} thread=android.os.BinderProxy@37afa22e pid=21567
D/ActivityManager( 1067): ActivityStackSupervisor,attachApplicationLocked
I/BroadcastQueue( 1067): There are ordered broadcasts stay in queue, should schedule next Broadcasts.
D/PowerManagerService( 1067): releaseWakeLockInternal: lock=1026214370, flags=0x0, packageName=com.huawei.android.ds", ws=null, uid=1001, pid=21504
D/PowerManagerService( 1067): updateWakeLockSummaryLocked: mWakefulness=Awake, mWakeLockSummary=0x0
D/PowerManagerService( 1067): updateUserActivitySummaryLocked: mWakefulness=Awake, mUserActivitySummary=0x1, nextTimeout=711516632 (in 1792872 ms)
D/PowerManagerService( 1067): updateDisplayPowerStateLocked: mDisplayReady=true, policy=3, mWakefulness=1, mWakeLockSummary=0x0, mUserActivitySummary=0x1, mBootCompleted=true, mScreenBrightnessBoostInProgress=false, useProximitySensor=false, mRequestWaitForNegativeProximity=false, mBrightnessWaitModeEnabled=false
D/ActivityManager( 1067): resumeTopActivityLocked: Top activity resumed ActivityRecord{1d37b160 u0 com.huawei.android.launcher/.Launcher t1}
D/PowerManagerService( 1067): Releasing suspend blocker "PowerManagerService.WakeLocks".
E/ActivityThread( 2150): Failed to find provider info for childmode
I/ActivityManager( 1067): START u0 {act=android.intent.action.MAIN cat=[android.intent.category.LAUNCHER] flg=0x10200000 cmp=com.whereru.greengrass.goforit/.activity.MainActivity bnds=[540,657][804,936]} from uid 10049 on display 0
W/ActivityManager( 1067): resultRecord is null: true
V/HwWindowManagerService( 1067): moveTaskToTop mTaskChanged:true
V/ActivityManager( 1067): Looking for task id=927 in recents
D/ActivityManager( 1067): 	Didn't find task id=927 in recents
V/ActivityManager( 1067): Setting Intent of TaskRecord{16c641cf #927 A=com.whereru.greengrass.goforit U=0 sz=0} to Intent { act=android.intent.action.MAIN cat=[android.intent.category.LAUNCHER] flg=0x10200000 cmp=com.whereru.greengrass.goforit/.activity.MainActivity }
V/ActivityManager( 1067): Starting new activity ActivityRecord{f91475c u0 com.whereru.greengrass.goforit/.activity.MainActivity t927} in new task TaskRecord{16c641cf #927 A=com.whereru.greengrass.goforit U=0 sz=0}
V/HwWindowManagerService( 1067): moveTaskToTop mTaskChanged:true
V/WindowManager( 1067): addAppToken: AppWindowToken{3b97b33a token=Token{31c19a65 ActivityRecord{f91475c u0 com.whereru.greengrass.goforit/.activity.MainActivity t927}}} to stack=1 task=927 at 0
D/PowerManagerService( 1067): acquireWakeLockInternal: lock=627931317, flags=0x1, packageName=android, ws=null, uid=1000, pid=1067
D/PowerManagerService( 1067): updateWakeLockSummaryLocked: mWakefulness=Awake, mWakeLockSummary=0x1
D/PowerManagerService( 1067): updateUserActivitySummaryLocked: mWakefulness=Awake, mUserActivitySummary=0x1, nextTimeout=711516632 (in 1792861 ms)
D/PowerManagerService( 1067): updateDisplayPowerStateLocked: mDisplayReady=true, policy=3, mWakefulness=1, mWakeLockSummary=0x1, mUserActivitySummary=0x1, mBootCompleted=true, mScreenBrightnessBoostInProgress=false, useProximitySensor=false, mRequestWaitForNegativeProximity=false, mBrightnessWaitModeEnabled=false
D/PowerManagerService( 1067): Acquiring suspend blocker "PowerManagerService.WakeLocks".
V/HwWindowManagerService( 1067): setFocusedApp update app ops, mTaskChanged set to:false
V/WindowManager( 1067): Adding window Window{10c1b11d u0 Starting com.whereru.greengrass.goforit} at 2 of 9 (after Window{1afaee4b u0 com.huawei.android.launcher/com.huawei.android.launcher.Launcher})
D/ActivityManager( 1067): resumeTopActivityLocked: Restarting ActivityRecord{f91475c u0 com.whereru.greengrass.goforit/.activity.MainActivity t927}
I/ActivityManager( 1067): Start proc 21622:com.whereru.greengrass.goforit/u0a312 for activity com.whereru.greengrass.goforit/.activity.MainActivity
D/PowerManagerService( 1067): acquireWakeLockInternal: lock=104017251, flags=0x1, packageName=com.huawei.android.pushagent, ws=null, uid=10046, pid=21567
D/PowerManagerService( 1067): updateWakeLockSummaryLocked: mWakefulness=Awake, mWakeLockSummary=0x1
D/PowerManagerService( 1067): updateUserActivitySummaryLocked: mWakefulness=Awake, mUserActivitySummary=0x1, nextTimeout=711516632 (in 1792770 ms)
D/PowerManagerService( 1067): updateDisplayPowerStateLocked: mDisplayReady=true, policy=3, mWakefulness=1, mWakeLockSummary=0x1, mUserActivitySummary=0x1, mBootCompleted=true, mScreenBrightnessBoostInProgress=false, useProximitySensor=false, mRequestWaitForNegativeProximity=false, mBrightnessWaitModeEnabled=false
I/ActivityManager( 1067): Killing 20644:com.huawei.cloudwifi:pushservice/u0a74 (adj 15): empty #17
D/ActivityThread(21622): ActivityThread,attachApplication
D/DisplayManagerService( 1067): Display listener for pid 20644 died.
D/ActivityManager( 1067): ActivityManagerService,attachApplication,callingPid = 21622
V/ActivityManager( 1067): New app record ProcessRecord{3930ad60 21622:com.whereru.greengrass.goforit/u0a312} thread=android.os.BinderProxy@26cd4219 pid=21622
D/ActivityManager( 1067): ActivityStackSupervisor,attachApplicationLocked
D/ActivityManager( 1067): realStartActivity: setting app visibility true
D/ActivityManager( 1067): addRecent: trimming tasks for TaskRecord{16c641cf #927 A=com.whereru.greengrass.goforit U=0 sz=1}
D/ActivityManager( 1067): addRecent: none affiliated task added at 0: TaskRecord{16c641cf #927 A=com.whereru.greengrass.goforit U=0 sz=1}
D/ActivityManager( 1067): addRecent: adding TaskRecord{16c641cf #927 A=com.whereru.greengrass.goforit U=0 sz=1}
I/WindowManager( 1067): update systemui visibility:[8600], mLastSystemUiFlags:[c0000700], win:[Window{10c1b11d u0 Starting com.whereru.greengrass.goforit}]
I/BroadcastQueue( 1067): There are ordered broadcasts stay in queue, should schedule next Broadcasts.
D/ActivityManager( 1067): resumeTopActivityLocked: Top activity resumed ActivityRecord{f91475c u0 com.whereru.greengrass.goforit/.activity.MainActivity t927}
W/ActivityManager( 1067): getRunningAppProcesses: caller 10312 does not hold REAL_GET_TASKS; limiting output
V/HwNotificationManagerService( 1067): Notification db cfg changed
V/HwNotificationManagerService( 1067): HwCfgLoadingRunnable: Starts 
V/HwNotificationManagerService( 1067): HwCfgLoadingRunnable: get cfg size:29
V/HwNotificationManagerService( 1067): HwCfgLoadingRunnable: Ends. 
I/ActivityManager( 1067): Start proc 21653:com.huawei.systemmanager/1000 for broadcast com.huawei.systemmanager/com.huawei.permissionmanager.ui.AppInstallationReceiver
D/StatusBar.MSimNetworkController( 1681): The latest refersh is 2050 ms ago!
D/StatusBar.MSimNetworkController( 1681): refreshviews update icon subscription===0 mMSimPhoneSignalIconId[subscription]===2130838395 mMSimPhoneSignalTypeIconId[subscription]===0 mMSimMobileActivityIconId[subscription]===0 mMSimDataTypeIconId[subscription]===0
D/HwCustMSimSignalClusterViewImpl( 1681): applyVSim, sub = -1
D/HwCustMSimSignalClusterViewImpl( 1681): applyVSim, sub = 0
D/HwCustMSimSignalClusterViewImpl( 1681): applyVSim, sub = 0
D/HwCustMSimSignalClusterViewImpl( 1681): applyVSim, sub = -1
D/HwCustMSimSignalClusterViewImpl( 1681): applyVSim, sub = -1
D/HwCustMSimSignalClusterViewImpl( 1681): applyVSim, sub = 0
D/HwCustMSimSignalClusterViewImpl( 1681): applyVSim, sub = 0
D/ActivityThread(21653): ActivityThread,attachApplication
D/HwCustMSimSignalClusterViewImpl( 1681): applyVSim, sub = -1
D/StatusBar.MSimNetworkController( 1681): changing data overlay icon id to 2130838459
D/ActivityManager( 1067): ActivityManagerService,attachApplication,callingPid = 21653
E/ContentProviderRecord( 1067): install provider in hsm ui process, name:ComponentInfo{com.huawei.systemmanager/com.huawei.harassmentinterception.db.BlockCheckProvider}
E/ContentProviderRecord( 1067): install provider in hsm ui process, name:ComponentInfo{com.huawei.systemmanager/com.huawei.systemmanager.backup.CommonPrefBackupProvider}
V/ActivityManager( 1067): New app record ProcessRecord{20bc1b51 21653:com.huawei.systemmanager/1000} thread=android.os.BinderProxy@32107fb6 pid=21653
D/ActivityManager( 1067): ActivityStackSupervisor,attachApplicationLocked
D/StatusBar.MSimNetworkController( 1681): Send a message to refresh views 1s later!
D/StatusBar.MSimNetworkController( 1681): Frequently refreshed,will be inglored! subscription: 0
D/StatusBar.MSimNetworkController( 1681): The latest refersh is 2083 ms ago!
D/StatusBar.MSimNetworkController( 1681): refreshviews update icon subscription===0 mMSimPhoneSignalIconId[subscription]===2130838395 mMSimPhoneSignalTypeIconId[subscription]===0 mMSimMobileActivityIconId[subscription]===0 mMSimDataTypeIconId[subscription]===0
D/StatusBar.MSimNetworkController( 1681): changing data overlay icon id to 0
W/ResourcesManager(21653): Asset path '/system/framework/com.huawei.systemmanager.separated.jar' does not exist or contains no resources.
W/ResourcesManager(21653): Asset path '/system/framework/com.huawei.theme.stat.jar' does not exist or contains no resources.
I/ActivityManager( 1067): Start proc 21705:com.whereru.greengrass.goforit:bdservice_v1/u0a312 for service com.whereru.greengrass.goforit/com.baidu.android.pushservice.PushService
V/AlarmManager( 1067): set(PendingIntent{3cfdb0cf: PendingIntentRecord{12fd8a5c android broadcastIntent}}) : type=2 triggerAtTime=1561488092 win=-1 tElapsed=1561488092 maxElapsed=1561578092 interval=0 standalone=false
W/ContextImpl(21653): Calling a method in the system process without a qualified user: android.app.ContextImpl.startService:1901 android.content.ContextWrapper.startService:516 com.huawei.systemmanager.SystemManagerApplication.ih:-1 com.huawei.systemmanager.SystemManagerApplication.hX:-1 com.huawei.systemmanager.SystemManagerApplication.onCreate:-1 
D/ActivityThread(21705): ActivityThread,attachApplication
D/ActivityManager( 1067): ActivityManagerService,attachApplication,callingPid = 21705
V/ActivityManager( 1067): New app record ProcessRecord{69ff424 21705:com.whereru.greengrass.goforit:bdservice_v1/u0a312} thread=android.os.BinderProxy@6561b8d pid=21705
D/ActivityManager( 1067): ActivityStackSupervisor,attachApplicationLocked
W/ContextImpl(21653): Calling a method in the system process without a qualified user: android.app.ContextImpl.startService:1901 android.content.ContextWrapper.startService:516 com.huawei.systemmanager.SystemManagerApplication.hZ:-1 com.huawei.systemmanager.SystemManagerApplication.hX:-1 com.huawei.systemmanager.SystemManagerApplication.onCreate:-1 
W/ContextImpl(21653): Calling a method in the system process without a qualified user: android.app.ContextImpl.startService:1901 android.content.ContextWrapper.startService:516 com.huawei.systemmanager.SystemManagerApplication.ib:-1 com.huawei.systemmanager.SystemManagerApplication.hX:-1 com.huawei.systemmanager.SystemManagerApplication.onCreate:-1 
W/ContextImpl(21653): Calling a method in the system process without a qualified user: android.app.ContextImpl.startService:1901 android.content.ContextWrapper.startService:516 com.huawei.systemmanager.SystemManagerApplication.id:-1 com.huawei.systemmanager.SystemManagerApplication.hX:-1 com.huawei.systemmanager.SystemManagerApplication.onCreate:-1 
W/ContextImpl(21653): Calling a method in the system process without a qualified user: android.app.ContextImpl.startService:1901 android.content.ContextWrapper.startService:516 com.huawei.systemmanager.SystemManagerApplication.ie:-1 com.huawei.systemmanager.SystemManagerApplication.hX:-1 com.huawei.systemmanager.SystemManagerApplication.onCreate:-1 
W/ContextImpl(21653): Calling a method in the system process without a qualified user: android.app.ContextImpl.startService:1901 android.content.ContextWrapper.startService:516 com.huawei.systemmanager.SystemManagerApplication.ic:-1 com.huawei.systemmanager.SystemManagerApplication.hX:-1 com.huawei.systemmanager.SystemManagerApplication.onCreate:-1 
W/ContextImpl(21653): Calling a method in the system process without a qualified user: android.app.ContextImpl.startService:1901 android.content.ContextWrapper.startService:516 com.huawei.systemmanager.SystemManagerApplication.if:-1 com.huawei.systemmanager.SystemManagerApplication.hX:-1 com.huawei.systemmanager.SystemManagerApplication.onCreate:-1 
W/ActivityManager( 1067): getRunningAppProcesses: caller 10312 does not hold REAL_GET_TASKS; limiting output
W/ContextImpl(21653): Calling a method in the system process without a qualified user: android.app.ContextImpl.startService:1901 android.content.ContextWrapper.startService:516 j.c:-1 f.init:-1 hs.dc:-1 
I/ActivityManager( 1067): Maybe skip stopped pkg list = [com.android.calculator2, com.huawei.hidisk, com.huawei.android.thememanager, com.ss.android.article.news, com.sdu.didi.psnger, com.alibaba.android.rimet, com.netease.cloudmusic, cn.com.open.mooc, com.storm.smart, com.panda.setting, goforit.greengrass.whereru.com.actionbar_toolbar, goforit.greengrass.whereru.com.application_2, goforit.greengrass.whereru.com.navigationview, eventbus.test.com.testeventbus, com.sdu.didi.gsui]
W/ActivityManager( 1067): getRunningAppProcesses: caller 10312 does not hold REAL_GET_TASKS; limiting output
D/SettingsProvider( 1067): AppName: com.whereru.greengrass.goforit:bdservice_v1
D/PowerManagerService( 1067): releaseWakeLockInternal: lock=104017251, flags=0x0, packageName=com.huawei.android.pushagent", ws=null, uid=10046, pid=21567
D/PowerManagerService( 1067): updateWakeLockSummaryLocked: mWakefulness=Awake, mWakeLockSummary=0x1
D/PowerManagerService( 1067): updateUserActivitySummaryLocked: mWakefulness=Awake, mUserActivitySummary=0x1, nextTimeout=711516632 (in 1792263 ms)
D/PowerManagerService( 1067): updateDisplayPowerStateLocked: mDisplayReady=true, policy=3, mWakefulness=1, mWakeLockSummary=0x1, mUserActivitySummary=0x1, mBootCompleted=true, mScreenBrightnessBoostInProgress=false, useProximitySensor=false, mRequestWaitForNegativeProximity=false, mBrightnessWaitModeEnabled=false
W/ActivityManager( 1067): getRunningAppProcesses: caller 10312 does not hold REAL_GET_TASKS; limiting output
D/SettingsProvider( 1067): AppName: com.whereru.greengrass.goforit:bdservice_v1
D/SettingsProvider( 1067): method:PUT_system||request:com.baidu.push.cur_prio||newValue:49
W/ActivityManager( 1067): getRunningAppProcesses: caller 10312 does not hold REAL_GET_TASKS; limiting output
D/SettingsProvider( 1067): AppName: com.whereru.greengrass.goforit:bdservice_v1
D/SettingsProvider( 1067): method:PUT_system||request:com.baidu.push.cur_pkg||newValue:com.whereru.greengrass.goforit
I/ActivityManager( 1067): Killing 20681:com.storm.smart:push/u0a151 (adj 15): empty #17
W/ActivityManager( 1067): getRunningAppProcesses: caller 10312 does not hold REAL_GET_TASKS; limiting output
D/DisplayManagerService( 1067): Display listener for pid 20681 died.
W/ActivityManager( 1067): getRunningAppProcesses: caller 10151 does not hold REAL_GET_TASKS; limiting output
V/AlarmManager( 1067): set(PendingIntent{978fbcb: PendingIntentRecord{2f3d3fa8 com.whereru.greengrass.goforit startService}}) : type=0 triggerAtTime=1463590378645 win=-1 tElapsed=1561548198 maxElapsed=1561683198 interval=180000 standalone=false
I/BroadcastQueue( 1067): There are ordered broadcasts stay in queue, should schedule next Broadcasts.
D/ActivityManager( 1067): resumeTopActivityLocked: Top activity resumed ActivityRecord{f91475c u0 com.whereru.greengrass.goforit/.activity.MainActivity t927}
W/ActivityManager( 1067): getRunningAppProcesses: caller 10312 does not hold REAL_GET_TASKS; limiting output
W/ContextImpl(21653): Calling a method in the system process without a qualified user: android.app.ContextImpl.startService:1901 android.content.ContextWrapper.startService:516 android.content.ContextWrapper.startService:516 com.huawei.systemmanager.spaceclean.AppCleanUpLackStorageReceiver.onReceive:-1 android.app.ActivityThread.handleReceiver:2746 
D/WifiService( 1067): getWifiServiceMessenger, pid:21622, uid:10312
V/ActivityThread(21622): ActivityRecord{a95c652 token=android.os.BinderProxy@199e9d23 {com.whereru.greengrass.goforit/com.whereru.greengrass.goforit.activity.MainActivity}}: app=com.whereru.greengrass.goforit.BaseApplication@287bc220, appName=com.whereru.greengrass.goforit, pkg=com.whereru.greengrass.goforit, comp={com.whereru.greengrass.goforit/com.whereru.greengrass.goforit.activity.MainActivity}, dir=/data/app/com.whereru.greengrass.goforit-1/base.apk
D/WifiService( 1067): New client listening to asynchronous messages
W/ContextImpl(21653): Calling a method in the system process without a qualified user: android.app.ContextImpl.startService:1901 android.content.ContextWrapper.startService:516 android.content.ContextWrapper.startService:516 com.huawei.netmanager.ui.NetAppListPrepareReceiver.onReceive:-1 android.app.ActivityThread.handleReceiver:2746 
V/ActivityThread(21622): ActivityThread,callActivityOnCreate
W/ContextImpl(21653): Calling a method in the system process without a qualified user: android.app.ContextImpl.startService:1901 android.content.ContextWrapper.startService:516 android.content.ContextWrapper.startService:516 com.huawei.systemmanager.antivirus.AntiVirusReceiver.onReceive:-1 android.app.ActivityThread.handleReceiver:2746 
W/ContextImpl(21653): Calling a method in the system process without a qualified user: android.app.ContextImpl.startService:1901 android.content.ContextWrapper.startService:516 android.content.ContextWrapper.startService:516 com.dianxinos.optimizer.engine.EnginePackageChangeReceiver.onReceive:-1 android.app.ActivityThread.handleReceiver:2746 
I/SocketClient(  367): Vold: send info to framework success !!
I/SocketClient(  367): Vold: send info to framework success !!
I/SocketClient(  367): Vold: send info to framework success !!
I/SocketClient(  367): Vold: send info to framework success !!
I/SocketClient(  367): Vold: send info to framework success !!
I/SocketClient(  367): Vold: send info to framework success !!
I/SocketClient(  367): Vold: send info to framework success !!
I/SocketClient(  367): Vold: send info to framework success !!
W/ContextImpl(21653): Calling a method in the system process without a qualified user: android.app.ContextImpl.startService:1901 android.content.ContextWrapper.startService:516 android.content.ContextWrapper.startService:516 com.huawei.optimizer.PackageChangeReceiver.onReceive:-1 android.app.ActivityThread.handleReceiver:2746 
V/WindowManager( 1067): Adding window Window{1ecd73ec u0 com.whereru.greengrass.goforit/com.whereru.greengrass.goforit.activity.MainActivity} at 2 of 10 (before Window{10c1b11d u0 Starting com.whereru.greengrass.goforit})
I/ActivityManager( 1067): Start proc 21762:com.huawei.cloudwifi:pushservice/u0a74 for broadcast com.huawei.cloudwifi/com.huawei.android.pushagent.PushEventReceiver
W/ActivityManager( 1067): getRunningAppProcesses: caller 10312 does not hold REAL_GET_TASKS; limiting output
D/ActivityThread(21762): ActivityThread,attachApplication
D/ActivityManager( 1067): ActivityManagerService,attachApplication,callingPid = 21762
V/ActivityManager( 1067): New app record ProcessRecord{b5473b5 21762:com.huawei.cloudwifi:pushservice/u0a74} thread=android.os.BinderProxy@1349a4a pid=21762
D/ActivityManager( 1067): ActivityStackSupervisor,attachApplicationLocked
W/ContextImpl( 1780): Calling a method in the system process without a qualified user: android.app.ContextImpl.bindService:1965 android.content.ContextWrapper.bindService:539 pa.w:-1 pa.a:-1 pa.holdServiceByRequestPermission:-1 
I/WindowManager( 1067): update systemui visibility:[8000], mLastSystemUiFlags:[8600], win:[Window{270bb01c u0 读取位置信息}]
D/PowerManagerService( 1067): acquireWakeLockInternal: lock=156248570, flags=0x1, packageName=com.android.providers.contacts, ws=null, uid=10003, pid=1825
D/PowerManagerService( 1067): updateWakeLockSummaryLocked: mWakefulness=Awake, mWakeLockSummary=0x1
D/PowerManagerService( 1067): updateUserActivitySummaryLocked: mWakefulness=Awake, mUserActivitySummary=0x1, nextTimeout=711516632 (in 1791561 ms)
D/PowerManagerService( 1067): updateDisplayPowerStateLocked: mDisplayReady=true, policy=3, mWakefulness=1, mWakeLockSummary=0x1, mUserActivitySummary=0x1, mBootCompleted=true, mScreenBrightnessBoostInProgress=false, useProximitySensor=false, mRequestWaitForNegativeProximity=false, mBrightnessWaitModeEnabled=false
D/StatusBar.MSimNetworkController( 1681): Frequently refreshed,will be inglored! subscription: 0
W/ResourcesManager( 1067): Asset path '/system/framework/com.huawei.systemmanager.separated.jar' does not exist or contains no resources.
W/ResourcesManager( 1067): Asset path '/system/framework/com.huawei.theme.stat.jar' does not exist or contains no resources.
D/StatusBar.MSimNetworkController( 1681): Send a message to refresh views 1s later!
I/ActivityManager( 1067): Start proc 21802:com.android.providers.calendar/u0a26 for content provider com.android.providers.calendar/.CalendarProvider2
V/ActivityManagerServiceMU( 1067): Waiting to start provider ContentProviderRecord{1a976da1 u0 com.android.providers.calendar/.CalendarProvider2} launchingApp=ProcessRecord{2166ebc6 21802:com.android.providers.calendar/u0a26}
D/StatusBar.MSimNetworkController( 1681): The latest refersh is 1043 ms ago!
D/StatusBar.MSimNetworkController( 1681): refreshviews update icon subscription===0 mMSimPhoneSignalIconId[subscription]===2130838395 mMSimPhoneSignalTypeIconId[subscription]===0 mMSimMobileActivityIconId[subscription]===0 mMSimDataTypeIconId[subscription]===0
D/HwCustMSimSignalClusterViewImpl( 1681): applyVSim, sub = -1
D/ActivityThread(21802): ActivityThread,attachApplication
D/ActivityManager( 1067): ActivityManagerService,attachApplication,callingPid = 21802
V/ActivityManager( 1067): New app record ProcessRecord{2166ebc6 21802:com.android.providers.calendar/u0a26} thread=android.os.BinderProxy@2ed89d4d pid=21802
D/HwCustMSimSignalClusterViewImpl( 1681): applyVSim, sub = 0
D/ActivityManager( 1067): ActivityStackSupervisor,attachApplicationLocked
D/HwCustMSimSignalClusterViewImpl( 1681): applyVSim, sub = 0
D/HwCustMSimSignalClusterViewImpl( 1681): applyVSim, sub = -1
D/HwCustMSimSignalClusterViewImpl( 1681): applyVSim, sub = -1
D/HwCustMSimSignalClusterViewImpl( 1681): applyVSim, sub = 0
D/PowerManagerService( 1067): acquireWakeLockInternal: lock=683057154, flags=0x1, packageName=com.huawei.cloudwifi, ws=null, uid=10074, pid=21762
W/ActivityManager( 1067): getRunningAppProcesses: caller 10312 does not hold REAL_GET_TASKS; limiting output
D/SettingsProvider( 1067): AppName: com.whereru.greengrass.goforit:bdservice_v1
D/PowerManagerService( 1067): updateWakeLockSummaryLocked: mWakefulness=Awake, mWakeLockSummary=0x1
D/PowerManagerService( 1067): updateUserActivitySummaryLocked: mWakefulness=Awake, mUserActivitySummary=0x1, nextTimeout=711516632 (in 1791455 ms)
D/PowerManagerService( 1067): updateDisplayPowerStateLocked: mDisplayReady=true, policy=3, mWakefulness=1, mWakeLockSummary=0x1, mUserActivitySummary=0x1, mBootCompleted=true, mScreenBrightnessBoostInProgress=false, useProximitySensor=false, mRequestWaitForNegativeProximity=false, mBrightnessWaitModeEnabled=false
D/HwCustMSimSignalClusterViewImpl( 1681): applyVSim, sub = 0
D/HwCustMSimSignalClusterViewImpl( 1681): applyVSim, sub = -1
D/StatusBar.MSimNetworkController( 1681): changing data overlay icon id to 2130838458
I/ActivityManager( 1067): Killing 20743:com.tencent.mobileqq:web/u0a242 (adj 15): empty #17
W/ResourcesManager(21802): Asset path '/system/framework/android.test.runner.jar' does not exist or contains no resources.
D/DisplayManagerService( 1067): Display listener for pid 20743 died.
I/SocketClient(  367): Vold: send info to framework success !!
I/SocketClient(  367): Vold: send info to framework success !!
I/SocketClient(  367): Vold: send info to framework success !!
I/SocketClient(  367): Vold: send info to framework success !!
I/SocketClient(  367): Vold: send info to framework success !!
I/SocketClient(  367): Vold: send info to framework success !!
I/SocketClient(  367): Vold: send info to framework success !!
I/SocketClient(  367): Vold: send info to framework success !!
W/ActivityManager( 1067): getRunningAppProcesses: caller 10312 does not hold REAL_GET_TASKS; limiting output
I/BroadcastQueue( 1067): There are ordered broadcasts stay in queue, should schedule next Broadcasts.
D/ActivityManager( 1067): resumeTopActivityLocked: Top activity resumed ActivityRecord{f91475c u0 com.whereru.greengrass.goforit/.activity.MainActivity t927}
D/SettingsProvider( 1067): AppName: com.whereru.greengrass.goforit:bdservice_v1
D/SettingsProvider( 1067): method:PUT_system||request:com.baidu.pushservice.channel_id||newValue:3676649884963589065
I/ActivityManager( 1067): Maybe skip stopped pkg list = [com.android.calculator2, com.huawei.hidisk, com.huawei.android.thememanager, com.ss.android.article.news, com.sdu.didi.psnger, com.alibaba.android.rimet, com.netease.cloudmusic, cn.com.open.mooc, com.storm.smart, com.panda.setting, goforit.greengrass.whereru.com.actionbar_toolbar, goforit.greengrass.whereru.com.application_2, goforit.greengrass.whereru.com.navigationview, eventbus.test.com.testeventbus, com.sdu.didi.gsui, com.whereru.greengrass.goforit]
V/ActivityManager( 1067): Provider ContentProviderRecord{1a976da1 u0 com.android.providers.calendar/.CalendarProvider2} is published
I/ActivityManager( 1067): Start proc 21841:com.tencent.mobileqq:web/u0a242 for broadcast com.tencent.mobileqq/com.tencent.open.business.base.appreport.AppReportReceiver
D/PowerManagerService( 1067): releaseWakeLockInternal: lock=156248570, flags=0x0, packageName=com.android.providers.contacts", ws=null, uid=10003, pid=1825
D/PowerManagerService( 1067): updateWakeLockSummaryLocked: mWakefulness=Awake, mWakeLockSummary=0x1
D/PowerManagerService( 1067): updateUserActivitySummaryLocked: mWakefulness=Awake, mUserActivitySummary=0x1, nextTimeout=711516632 (in 1791099 ms)
D/PowerManagerService( 1067): updateDisplayPowerStateLocked: mDisplayReady=true, policy=3, mWakefulness=1, mWakeLockSummary=0x1, mUserActivitySummary=0x1, mBootCompleted=true, mScreenBrightnessBoostInProgress=false, useProximitySensor=false, mRequestWaitForNegativeProximity=false, mBrightnessWaitModeEnabled=false
D/ActivityThread(21841): ActivityThread,attachApplication
D/ActivityManager( 1067): ActivityManagerService,attachApplication,callingPid = 21841
V/ActivityManager( 1067): New app record ProcessRecord{21c42d5a 21841:com.tencent.mobileqq:web/u0a242} thread=android.os.BinderProxy@13f4eb8b pid=21841
D/ActivityManager( 1067): ActivityStackSupervisor,attachApplicationLocked
W/ResourcesManager(21841): Asset path '/system/framework/com.google.android.media.effects.jar' does not exist or contains no resources.
W/ActivityManager( 1067): getRunningAppProcesses: caller 10242 does not hold REAL_GET_TASKS; limiting output
W/ActivityManager( 1067): getRunningAppProcesses: caller 10242 does not hold REAL_GET_TASKS; limiting output
D/NotificationService( 1067): cancelNotificationWithTag pid 1780,uid = 1000,tag = null,pkg =com.huawei.systemmanager
D/PowerManagerService( 1067): releaseWakeLockInternal: lock=683057154, flags=0x0, packageName=com.huawei.cloudwifi", ws=null, uid=10074, pid=21762
D/PowerManagerService( 1067): updateWakeLockSummaryLocked: mWakefulness=Awake, mWakeLockSummary=0x1
D/PowerManagerService( 1067): updateUserActivitySummaryLocked: mWakefulness=Awake, mUserActivitySummary=0x1, nextTimeout=711516632 (in 1790949 ms)
D/PowerManagerService( 1067): updateDisplayPowerStateLocked: mDisplayReady=true, policy=3, mWakefulness=1, mWakeLockSummary=0x1, mUserActivitySummary=0x1, mBootCompleted=true, mScreenBrightnessBoostInProgress=false, useProximitySensor=false, mRequestWaitForNegativeProximity=false, mBrightnessWaitModeEnabled=false
I/ActivityManager( 1067): Killing 20853:com.storm.smart:PluginP04/u0a151 (adj 15): empty #17
V/AlarmManager( 1067): sending alarm Alarm{1a852fe type 3 when 1561369553 android},repeatInterval = 0,action=android.intent.action.TIME_TICK
D/DisplayManagerService( 1067): Display listener for pid 20853 died.
W/ActivityManager( 1067): getRunningAppProcesses: caller 10151 does not hold REAL_GET_TASKS; limiting output
D/PowerManagerService( 1067): acquireWakeLockInternal: lock=34812552, flags=0x40000001, packageName=android, ws=WorkSource{1000}, uid=1000, pid=1067
D/PowerManagerService( 1067): updateWakeLockSummaryLocked: mWakefulness=Awake, mWakeLockSummary=0x1
D/PowerManagerService( 1067): updateUserActivitySummaryLocked: mWakefulness=Awake, mUserActivitySummary=0x1, nextTimeout=711516632 (in 1790837 ms)
D/PowerManagerService( 1067): updateDisplayPowerStateLocked: mDisplayReady=true, policy=3, mWakefulness=1, mWakeLockSummary=0x1, mUserActivitySummary=0x1, mBootCompleted=true, mScreenBrightnessBoostInProgress=false, useProximitySensor=false, mRequestWaitForNegativeProximity=false, mBrightnessWaitModeEnabled=false
V/AlarmManager( 1067): Received TIME_TICK alarm; rescheduling
I/BroadcastQueue( 1067): There are ordered broadcasts stay in queue, should schedule next Broadcasts.
I/ActivityManager( 1067): Start proc 21948:com.storm.smart:PluginP04/u0a151 for restart com.storm.smart:PluginP04
D/ActivityManager( 1067): resumeTopActivityLocked: Top activity resumed ActivityRecord{f91475c u0 com.whereru.greengrass.goforit/.activity.MainActivity t927}
D/ActivityThread(21948): ActivityThread,attachApplication
D/ActivityManager( 1067): ActivityManagerService,attachApplication,callingPid = 21948
V/ActivityManager( 1067): New app record ProcessRecord{12facbd8 21948:com.storm.smart:PluginP04/u0a151} thread=android.os.BinderProxy@12755bf1 pid=21948
D/ActivityManager( 1067): ActivityStackSupervisor,attachApplicationLocked
I/ActivityManager( 1067): Killing 19053:com.huawei.android.totemweather/u0a76 (adj 15): empty #17
D/DisplayManagerService( 1067): Display listener for pid 19053 died.
D/WifiService( 1067): Client connection lost with reason: 4
I/BroadcastQueue( 1067): There are ordered broadcasts stay in queue, should schedule next Broadcasts.
D/ActivityManager( 1067): resumeTopActivityLocked: Top activity resumed ActivityRecord{f91475c u0 com.whereru.greengrass.goforit/.activity.MainActivity t927}
D/PowerManagerService( 1067): releaseWakeLockInternal: lock=34812552, flags=0x0, packageName=android", ws=WorkSource{1000}, uid=1000, pid=1067
D/PowerManagerService( 1067): updateWakeLockSummaryLocked: mWakefulness=Awake, mWakeLockSummary=0x1
D/PowerManagerService( 1067): updateUserActivitySummaryLocked: mWakefulness=Awake, mUserActivitySummary=0x1, nextTimeout=711516632 (in 1790644 ms)
D/PowerManagerService( 1067): updateDisplayPowerStateLocked: mDisplayReady=true, policy=3, mWakefulness=1, mWakeLockSummary=0x1, mUserActivitySummary=0x1, mBootCompleted=true, mScreenBrightnessBoostInProgress=false, useProximitySensor=false, mRequestWaitForNegativeProximity=false, mBrightnessWaitModeEnabled=false
D/StatusBar.MSimNetworkController( 1681): The latest refersh is 1934 ms ago!
D/StatusBar.MSimNetworkController( 1681): refreshviews update icon subscription===0 mMSimPhoneSignalIconId[subscription]===2130838395 mMSimPhoneSignalTypeIconId[subscription]===0 mMSimMobileActivityIconId[subscription]===0 mMSimDataTypeIconId[subscription]===0
D/StatusBar.MSimNetworkController( 1681): changing data overlay icon id to 2130838458
D/PowerManagerService( 1067): userActivityNoUpdateLocked: eventTime=709726164, event=2, flags=0x0, uid=1000
D/PowerManagerNotifier( 1067): onUserActivity: event=2, uid=1000
D/PowerManagerService( 1067): updateUserActivitySummaryLocked: mWakefulness=Awake, mUserActivitySummary=0x1, nextTimeout=711519164 (in 1793000 ms)
D/PowerManagerService( 1067): updateDisplayPowerStateLocked: mDisplayReady=true, policy=3, mWakefulness=1, mWakeLockSummary=0x1, mUserActivitySummary=0x1, mBootCompleted=true, mScreenBrightnessBoostInProgress=false, useProximitySensor=false, mRequestWaitForNegativeProximity=false, mBrightnessWaitModeEnabled=false
W/ActivityManager( 1067): getRunningAppProcesses: caller 10151 does not hold REAL_GET_TASKS; limiting output
W/ContextImpl(21653): Calling a method in the system process without a qualified user: android.app.ContextImpl.sendBroadcast:1464 android.content.ContextWrapper.sendBroadcast:377 tl.doInBackground:-1 tl.doInBackground:-1 android.os.AsyncTask$2.call:292 
I/WindowManager( 1067): update systemui visibility:[8600], mLastSystemUiFlags:[8000], win:[Window{10c1b11d u0 Starting com.whereru.greengrass.goforit}]
D/PowerManagerService( 1067): acquireWakeLockInternal: lock=1047709229, flags=0x1, packageName=com.android.phone, ws=null, uid=1001, pid=2082
D/PowerManagerService( 1067): updateWakeLockSummaryLocked: mWakefulness=Awake, mWakeLockSummary=0x1
D/PowerManagerService( 1067): updateUserActivitySummaryLocked: mWakefulness=Awake, mUserActivitySummary=0x1, nextTimeout=711519164 (in 1792862 ms)
D/PowerManagerService( 1067): updateDisplayPowerStateLocked: mDisplayReady=true, policy=3, mWakefulness=1, mWakeLockSummary=0x1, mUserActivitySummary=0x1, mBootCompleted=true, mScreenBrightnessBoostInProgress=false, useProximitySensor=false, mRequestWaitForNegativeProximity=false, mBrightnessWaitModeEnabled=false
D/PowerManagerService( 1067): releaseWakeLockInternal: lock=1047709229, flags=0x0, packageName=com.android.phone", ws=null, uid=1001, pid=2082
D/PowerManagerService( 1067): updateWakeLockSummaryLocked: mWakefulness=Awake, mWakeLockSummary=0x1
D/PowerManagerService( 1067): updateUserActivitySummaryLocked: mWakefulness=Awake, mUserActivitySummary=0x1, nextTimeout=711519164 (in 1792855 ms)
D/PowerManagerService( 1067): updateDisplayPowerStateLocked: mDisplayReady=true, policy=3, mWakefulness=1, mWakeLockSummary=0x1, mUserActivitySummary=0x1, mBootCompleted=true, mScreenBrightnessBoostInProgress=false, useProximitySensor=false, mRequestWaitForNegativeProximity=false, mBrightnessWaitModeEnabled=false
I/ActivityManager( 1067): Killing 21198:com.android.documentsui/u0a37 (adj 15): empty #17
W/ActivityManager( 1067): getRunningAppProcesses: caller 10151 does not hold REAL_GET_TASKS; limiting output
W/ContextImpl(21653): Calling a method in the system process without a qualified user: android.app.ContextImpl.bindService:1965 android.content.ContextWrapper.bindService:539 ajg.nT:-1 ajg.a:-1 ajh.handleMessage:-1 
D/DisplayManagerService( 1067): Display listener for pid 21198 died.
W/ActivityManager( 1067): getRunningAppProcesses: caller 10151 does not hold REAL_GET_TASKS; limiting output
D/ActivityManager( 1067): resumeTopActivityLocked: Top activity resumed ActivityRecord{f91475c u0 com.whereru.greengrass.goforit/.activity.MainActivity t927}
I/ActivityManager( 1067): Start proc 22114:com.whereru.greengrass.goforit:remote/u0a312 for service com.whereru.greengrass.goforit/com.baidu.location.f
D/ActivityThread(22114): ActivityThread,attachApplication
D/ActivityManager( 1067): ActivityManagerService,attachApplication,callingPid = 22114
V/ActivityManager( 1067): New app record ProcessRecord{280d77ae 22114:com.whereru.greengrass.goforit:remote/u0a312} thread=android.os.BinderProxy@26c7294f pid=22114
D/ActivityManager( 1067): ActivityStackSupervisor,attachApplicationLocked
I/SocketClient(  367): Vold: send info to framework success !!
I/SocketClient(  367): Vold: send info to framework success !!
I/SocketClient(  367): Vold: send info to framework success !!
I/SocketClient(  367): Vold: send info to framework success !!
I/SocketClient(  367): Vold: send info to framework success !!
I/SocketClient(  367): Vold: send info to framework success !!
I/SocketClient(  367): Vold: send info to framework success !!
I/SocketClient(  367): Vold: send info to framework success !!
I/SocketClient(  367): Vold: send info to framework success !!
I/SocketClient(  367): Vold: send info to framework success !!
I/SocketClient(  367): Vold: send info to framework success !!
I/SocketClient(  367): Vold: send info to framework success !!
I/SocketClient(  367): Vold: send info to framework success !!
I/SocketClient(  367): Vold: send info to framework success !!
W/ActivityManager( 1067): getRunningAppProcesses: caller 10312 does not hold REAL_GET_TASKS; limiting output
I/ActivityManager( 1067): Start proc 22145:com.android.calendar/u0a41 for broadcast com.android.calendar/.alerts.AlertReceiver
I/ActivityManager( 1067): Killing 21244:com.android.externalstorage/u0a2 (adj 15): empty #17
D/WifiService( 1067): getWifiServiceMessenger, pid:21705, uid:10312
D/WifiService( 1067): New client listening to asynchronous messages
D/ActivityThread(22145): ActivityThread,attachApplication
W/ActivityManager( 1067): getRunningAppProcesses: caller 10312 does not hold REAL_GET_TASKS; limiting output
D/DisplayManagerService( 1067): Display listener for pid 21244 died.
D/SettingsProvider( 1067): AppName: com.whereru.greengrass.goforit:bdservice_v1
W/ActivityManager( 1067): getRunningAppProcesses: caller 10312 does not hold REAL_GET_TASKS; limiting output
I/BroadcastQueue( 1067): There are ordered broadcasts stay in queue, should schedule next Broadcasts.
D/ActivityManager( 1067): resumeTopActivityLocked: Top activity resumed ActivityRecord{f91475c u0 com.whereru.greengrass.goforit/.activity.MainActivity t927}
D/ActivityManager( 1067): ActivityManagerService,attachApplication,callingPid = 22145
V/ActivityManager( 1067): New app record ProcessRecord{c638de5 22145:com.android.calendar/u0a41} thread=android.os.BinderProxy@3fbd60ba pid=22145
